Archive member included to satisfy reference by file (symbol)

c:/intelfpga_lite/20.1/nios2eds/bin/gnu/h-x86_64-mingw32/bin/../lib/gcc/nios2-elf/10.1.1/mno-hw-mul\libgcc.a(lib2-divmod.o)
                              obj/default/I2C_core.o (__divsi3)
c:/intelfpga_lite/20.1/nios2eds/bin/gnu/h-x86_64-mingw32/bin/../lib/gcc/nios2-elf/10.1.1/../../../../../H-x86_64-mingw32/nios2-elf/lib/mno-hw-mul\libsmallc.a(lib_a-memset.o)
                              obj/default/I2C_tests.o (memset)
c:/intelfpga_lite/20.1/nios2eds/bin/gnu/h-x86_64-mingw32/bin/../lib/gcc/nios2-elf/10.1.1/../../../../../H-x86_64-mingw32/nios2-elf/lib/mno-hw-mul\libsmallc.a(lib_a-printf.o)
                              obj/default/I2C_tests.o (printf)
c:/intelfpga_lite/20.1/nios2eds/bin/gnu/h-x86_64-mingw32/bin/../lib/gcc/nios2-elf/10.1.1/../../../../../H-x86_64-mingw32/nios2-elf/lib/mno-hw-mul\libsmallc.a(lib_a-puts.o)
                              obj/default/I2C_core.o (puts)
c:/intelfpga_lite/20.1/nios2eds/bin/gnu/h-x86_64-mingw32/bin/../lib/gcc/nios2-elf/10.1.1/../../../../../H-x86_64-mingw32/nios2-elf/lib/mno-hw-mul\libsmallc.a(lib_a-strlen.o)
                              c:/intelfpga_lite/20.1/nios2eds/bin/gnu/h-x86_64-mingw32/bin/../lib/gcc/nios2-elf/10.1.1/../../../../../H-x86_64-mingw32/nios2-elf/lib/mno-hw-mul\libsmallc.a(lib_a-puts.o) (strlen)
c:/intelfpga_lite/20.1/nios2eds/bin/gnu/h-x86_64-mingw32/bin/../lib/gcc/nios2-elf/10.1.1/../../../../../H-x86_64-mingw32/nios2-elf/lib/mno-hw-mul\libsmallc.a(lib_a-vfprintf.o)
                              c:/intelfpga_lite/20.1/nios2eds/bin/gnu/h-x86_64-mingw32/bin/../lib/gcc/nios2-elf/10.1.1/../../../../../H-x86_64-mingw32/nios2-elf/lib/mno-hw-mul\libsmallc.a(lib_a-printf.o) (___vfprintf_internal_r)
c:/intelfpga_lite/20.1/nios2eds/bin/gnu/h-x86_64-mingw32/bin/../lib/gcc/nios2-elf/10.1.1/../../../../../H-x86_64-mingw32/nios2-elf/lib/mno-hw-mul\libsmallc.a(lib_a-fvwrite_small_dev.o)
                              c:/intelfpga_lite/20.1/nios2eds/bin/gnu/h-x86_64-mingw32/bin/../lib/gcc/nios2-elf/10.1.1/../../../../../H-x86_64-mingw32/nios2-elf/lib/mno-hw-mul\libsmallc.a(lib_a-printf.o) (__sfvwrite_small_dev)
c:/intelfpga_lite/20.1/nios2eds/bin/gnu/h-x86_64-mingw32/bin/../lib/gcc/nios2-elf/10.1.1/../../../../../H-x86_64-mingw32/nios2-elf/lib/mno-hw-mul\libsmallc.a(lib_a-impure.o)
                              c:/intelfpga_lite/20.1/nios2eds/bin/gnu/h-x86_64-mingw32/bin/../lib/gcc/nios2-elf/10.1.1/../../../../../H-x86_64-mingw32/nios2-elf/lib/mno-hw-mul\libsmallc.a(lib_a-printf.o) (_impure_ptr)
c:/intelfpga_lite/20.1/nios2eds/bin/gnu/h-x86_64-mingw32/bin/../lib/gcc/nios2-elf/10.1.1/../../../../../H-x86_64-mingw32/nios2-elf/lib/mno-hw-mul\libsmallc.a(lib_a-writer.o)
                              c:/intelfpga_lite/20.1/nios2eds/bin/gnu/h-x86_64-mingw32/bin/../lib/gcc/nios2-elf/10.1.1/../../../../../H-x86_64-mingw32/nios2-elf/lib/mno-hw-mul\libsmallc.a(lib_a-fvwrite_small_dev.o) (_write_r)
c:/intelfpga_lite/20.1/nios2eds/bin/gnu/h-x86_64-mingw32/bin/../lib/gcc/nios2-elf/10.1.1/../../../../../H-x86_64-mingw32/nios2-elf/lib/mno-hw-mul\libsmallc.a(lib_a-int_errno.o)
                              c:/intelfpga_lite/20.1/nios2eds/bin/gnu/h-x86_64-mingw32/bin/../lib/gcc/nios2-elf/10.1.1/../../../../../H-x86_64-mingw32/nios2-elf/lib/mno-hw-mul\libsmallc.a(lib_a-writer.o) (errno)
c:/intelfpga_lite/20.1/nios2eds/bin/gnu/h-x86_64-mingw32/bin/../lib/gcc/nios2-elf/10.1.1/mno-hw-mul\libgcc.a(lib2-mul.o)
                              c:/intelfpga_lite/20.1/nios2eds/bin/gnu/h-x86_64-mingw32/bin/../lib/gcc/nios2-elf/10.1.1/../../../../../H-x86_64-mingw32/nios2-elf/lib/mno-hw-mul\libsmallc.a(lib_a-vfprintf.o) (__mulsi3)
c:/Users/kedic/Desktop/em023_mucilage/software/em023_mucilage_bsp/\libhal_bsp.a(alt_load.o)
                              c:/Users/kedic/Desktop/em023_mucilage/software/em023_mucilage_bsp//obj/HAL/src/crt0.o (alt_load)
c:/Users/kedic/Desktop/em023_mucilage/software/em023_mucilage_bsp/\libhal_bsp.a(alt_main.o)
                              c:/Users/kedic/Desktop/em023_mucilage/software/em023_mucilage_bsp//obj/HAL/src/crt0.o (alt_main)
c:/Users/kedic/Desktop/em023_mucilage/software/em023_mucilage_bsp/\libhal_bsp.a(alt_usleep.o)
                              obj/default/I2C_core.o (usleep)
c:/Users/kedic/Desktop/em023_mucilage/software/em023_mucilage_bsp/\libhal_bsp.a(alt_write.o)
                              c:/intelfpga_lite/20.1/nios2eds/bin/gnu/h-x86_64-mingw32/bin/../lib/gcc/nios2-elf/10.1.1/../../../../../H-x86_64-mingw32/nios2-elf/lib/mno-hw-mul\libsmallc.a(lib_a-writer.o) (write)
c:/Users/kedic/Desktop/em023_mucilage/software/em023_mucilage_bsp/\libhal_bsp.a(alt_sys_init.o)
                              c:/Users/kedic/Desktop/em023_mucilage/software/em023_mucilage_bsp/\libhal_bsp.a(alt_main.o) (alt_irq_init)
c:/Users/kedic/Desktop/em023_mucilage/software/em023_mucilage_bsp/\libhal_bsp.a(altera_avalon_jtag_uart_fd.o)
[...]
Memory Configuration

Name             Origin             Length             Attributes
nios_system_shared_memory 0x0000000000002000 0x0000000000001000
reset            0x0000000000020000 0x0000000000000020
nios_system_onchip_memory2 0x0000000000020020 0x000000000001ffe0
*default*        0x0000000000000000 0xffffffffffffffff

Linker script and memory map

LOAD c:/Users/kedic/Desktop/em023_mucilage/software/em023_mucilage_bsp//obj/HAL/src/crt0.o
LOAD obj/default/I2C_core.o
LOAD obj/default/I2C_tests.o
LOAD obj/default/water_sensor.o
LOAD c:/intelfpga_lite/20.1/nios2eds/bin/gnu/h-x86_64-mingw32/bin/../lib/gcc/nios2-elf/10.1.1/../../../../../H-x86_64-mingw32/nios2-elf/lib/mno-hw-mul\libstdc++.a
LOAD c:/intelfpga_lite/20.1/nios2eds/bin/gnu/h-x86_64-mingw32/bin/../lib/gcc/nios2-elf/10.1.1/../../../../../H-x86_64-mingw32/nios2-elf/lib/mno-hw-mul\libm.a
LOAD c:/intelfpga_lite/20.1/nios2eds/bin/gnu/h-x86_64-mingw32/bin/../lib/gcc/nios2-elf/10.1.1/mno-hw-mul\libgcc.a
START GROUP
LOAD c:/intelfpga_lite/20.1/nios2eds/bin/gnu/h-x86_64-mingw32/bin/../lib/gcc/nios2-elf/10.1.1/../../../../../H-x86_64-mingw32/nios2-elf/lib/mno-hw-mul\libsmallc.a
LOAD c:/intelfpga_lite/20.1/nios2eds/bin/gnu/h-x86_64-mingw32/bin/../lib/gcc/nios2-elf/10.1.1/mno-hw-mul\libgcc.a
LOAD c:/Users/kedic/Desktop/em023_mucilage/software/em023_mucilage_bsp/\libhal_bsp.a
LOAD c:/intelfpga_lite/20.1/nios2eds/bin/gnu/h-x86_64-mingw32/bin/../lib/gcc/nios2-elf/10.1.1/../../../../../H-x86_64-mingw32/nios2-elf/lib/mno-hw-mul\libm.a
END GROUP
LOAD c:/intelfpga_lite/20.1/nios2eds/bin/gnu/h-x86_64-mingw32/bin/../lib/gcc/nios2-elf/10.1.1/mno-hw-mul\libgcc.a
                0x0000000000002000                __alt_mem_nios_system_shared_memory = 0x2000
                0x0000000000020000                __alt_mem_nios_system_onchip_memory2 = 0x20000

.entry          0x0000000000020000       0x20
 *(.entry)
 .entry         0x0000000000020000       0x20 c:/Users/kedic/Desktop/em023_mucilage/software/em023_mucilage_bsp//obj/HAL/src/crt0.o
                0x0000000000020000                __reset

.exceptions     0x0000000000020020      0x204
                0x0000000000020020                PROVIDE (__ram_exceptions_start = ABSOLUTE (.))
                0x0000000000020020                . = ALIGN (0x20)
 *(.irq)
 *(.exceptions.entry.label)
 .exceptions.entry.label
                0x0000000000020020        0x0 c:/Users/kedic/Desktop/em023_mucilage/software/em023_mucilage_bsp/\libhal_bsp.a(alt_irq_entry.o)
                0x0000000000020020                alt_irq_entry
 .exceptions.entry.label
                0x0000000000020020        0x0 c:/Users/kedic/Desktop/em023_mucilage/software/em023_mucilage_bsp/\libhal_bsp.a(alt_exception_entry.o)
                0x0000000000020020                alt_exception
 *(.exceptions.entry.user)
 *(.exceptions.entry.ecc_fatal)
 *(.exceptions.entry)
 .exceptions.entry
                0x0000000000020020       0x54 c:/Users/kedic/Desktop/em023_mucilage/software/em023_mucilage_bsp/\libhal_bsp.a(alt_exception_entry.o)
 *(.exceptions.irqtest.user)
 *(.exceptions.irqtest)
 .exceptions.irqtest
                0x0000000000020074       0x10 c:/Users/kedic/Desktop/em023_mucilage/software/em023_mucilage_bsp/\libhal_bsp.a(alt_irq_entry.o)
 *(.exceptions.irqhandler.user)
 *(.exceptions.irqhandler)
 .exceptions.irqhandler
                0x0000000000020084        0x4 c:/Users/kedic/Desktop/em023_mucilage/software/em023_mucilage_bsp/\libhal_bsp.a(alt_irq_entry.o)
 *(.exceptions.irqreturn.user)
 *(.exceptions.irqreturn)
 .exceptions.irqreturn
                0x0000000000020088        0x4 c:/Users/kedic/Desktop/em023_mucilage/software/em023_mucilage_bsp/\libhal_bsp.a(alt_irq_entry.o)
 *(.exceptions.notirq.label)
 .exceptions.notirq.label
                0x000000000002008c        0x0 c:/Users/kedic/Desktop/em023_mucilage/software/em023_mucilage_bsp/\libhal_bsp.a(alt_irq_entry.o)
 *(.exceptions.notirq.user)
 *(.exceptions.notirq)
 .exceptions.notirq
                0x000000000002008c        0x8 c:/Users/kedic/Desktop/em023_mucilage/software/em023_mucilage_bsp/\libhal_bsp.a(alt_exception_entry.o)
 *(.exceptions.soft.user)
 *(.exceptions.soft)
 *(.exceptions.unknown.user)
 *(.exceptions.unknown)
 .exceptions.unknown
                0x0000000000020094       0x14 c:/Users/kedic/Desktop/em023_mucilage/software/em023_mucilage_bsp/\libhal_bsp.a(alt_exception_entry.o)
 *(.exceptions.exit.label)
 .exceptions.exit.label
                0x00000000000200a8        0x0 c:/Users/kedic/Desktop/em023_mucilage/software/em023_mucilage_bsp/\libhal_bsp.a(alt_irq_entry.o)
 .exceptions.exit.label
                0x00000000000200a8        0x0 c:/Users/kedic/Desktop/em023_mucilage/software/em023_mucilage_bsp/\libhal_bsp.a(alt_exception_entry.o)
 *(.exceptions.exit.user)
 *(.exceptions.exit)
 .exceptions.exit
                0x00000000000200a8       0x54 c:/Users/kedic/Desktop/em023_mucilage/software/em023_mucilage_bsp/\libhal_bsp.a(alt_exception_entry.o)
 *(.exceptions)
 .exceptions    0x00000000000200fc       0xc8 c:/Users/kedic/Desktop/em023_mucilage/software/em023_mucilage_bsp/\libhal_bsp.a(alt_irq_handler.o)
                0x00000000000200fc                alt_irq_handler
 .exceptions    0x00000000000201c4       0x60 c:/Users/kedic/Desktop/em023_mucilage/software/em023_mucilage_bsp/\libhal_bsp.a(alt_instruction_exception_entry.o)
                0x00000000000201c4                alt_instruction_exception_entry
                0x0000000000020224                PROVIDE (__ram_exceptions_end = ABSOLUTE (.))
                0x0000000000020020                PROVIDE (__flash_exceptions_start = LOADADDR (.exceptions))

.text           0x0000000000020224     0x3c80
                [!provide]                        PROVIDE (stext = ABSOLUTE (.))
 *(.interp)
 *(.hash)
 *(.dynsym)
 *(.dynstr)
 *(.gnu.version)
 *(.gnu.version_d)
 *(.gnu.version_r)
 *(.rel.init)
 *(.rela.init)
 *(.rel.text .rel.text.* .rel.gnu.linkonce.t.*)
 *(.rela.text .rela.text.* .rela.gnu.linkonce.t.*)
 *(.rel.fini)
 *(.rela.fini)
 *(.rel.rodata .rel.rodata.* .rel.gnu.linkonce.r.*)
 *(.rela.rodata .rela.rodata.* .rela.gnu.linkonce.r.*)
 *(.rel.data .rel.data.* .rel.gnu.linkonce.d.*)
 *(.rela.data .rela.data.* .rela.gnu.linkonce.d.*)
 *(.rel.tdata .rel.tdata.* .rel.gnu.linkonce.td.*)
 *(.rela.tdata .rela.tdata.* .rela.gnu.linkonce.td.*)
 *(.rel.tbss .rel.tbss.* .rel.gnu.linkonce.tb.*)
 *(.rela.tbss .rela.tbss.* .rela.gnu.linkonce.tb.*)
 *(.rel.ctors)
 *(.rela.ctors)
 *(.rel.dtors)
 *(.rela.dtors)
 *(.rel.got)
 *(.rela.got)
 *(.rel.sdata .rel.sdata.* .rel.gnu.linkonce.s.*)
 *(.rela.sdata .rela.sdata.* .rela.gnu.linkonce.s.*)
 *(.rel.sbss .rel.sbss.* .rel.gnu.linkonce.sb.*)
 *(.rela.sbss .rela.sbss.* .rela.gnu.linkonce.sb.*)
 *(.rel.sdata2 .rel.sdata2.* .rel.gnu.linkonce.s2.*)
 *(.rela.sdata2 .rela.sdata2.* .rela.gnu.linkonce.s2.*)
 *(.rel.sbss2 .rel.sbss2.* .rel.gnu.linkonce.sb2.*)
 *(.rela.sbss2 .rela.sbss2.* .rela.gnu.linkonce.sb2.*)
 *(.rel.bss .rel.bss.* .rel.gnu.linkonce.b.*)
 *(.rela.bss .rela.bss.* .rela.gnu.linkonce.b.*)
 *(.rel.plt)
 *(.rela.plt)
 *(.rel.dyn)
 *(.init)
 *(.plt)
 *(.text .stub .text.* .gnu.linkonce.t.*)
 .text          0x0000000000020224       0x3c c:/Users/kedic/Desktop/em023_mucilage/software/em023_mucilage_bsp//obj/HAL/src/crt0.o
                0x0000000000020224                _start
 .text          0x0000000000020260     0x103c obj/default/I2C_core.o
                0x0000000000020260                Write32_Data
                0x00000000000202b4                Read32_Data
                0x0000000000020308                oc_i2c_init
                0x0000000000020360                oc_i2c_init_ex
                0x00000000000204b4                oc_i2c_uninit
                0x0000000000020548                ACK_single_check
                0x00000000000205d4                ACK_check
                0x000000000002063c                OC_I2C_Write
                0x000000000002088c                ACK_judge_for_read
                0x00000000000208f0                OC_I2C_Read
                0x0000000000020ae0                OC_I2C_Write_Addr
                0x0000000000020bf0                OC_I2C_Read_Continue
                0x0000000000020d38                OC_I2CL_Write
                0x0000000000020fa8                OC_I2CL_Read
 .text          0x000000000002129c      0x3a8 obj/default/I2C_tests.o
                0x000000000002129c                main
 .text          0x0000000000021644      0x4e0 obj/default/water_sensor.o
                0x0000000000021644                Water_I2C_init
                0x000000000002173c                myI2CReadWrite
                0x000000000002189c                Water_I2C_start
                0x0000000000021978                Water_I2C_read
                0x0000000000021a24                Water_I2C_write
 .text          0x0000000000021b24      0x1b4 c:/intelfpga_lite/20.1/nios2eds/bin/gnu/h-x86_64-mingw32/bin/../lib/gcc/nios2-elf/10.1.1/mno-hw-mul\libgcc.a(lib2-divmod.o)
                0x0000000000021b24                __divsi3
                0x0000000000021ba4                __modsi3
                0x0000000000021c18                __udivsi3
                0x0000000000021c7c                __umodsi3
 .text          0x0000000000021cd8        0x0 c:/intelfpga_lite/20.1/nios2eds/bin/gnu/h-x86_64-mingw32/bin/../lib/gcc/nios2-elf/10.1.1/../../../../../H-x86_64-mingw32/nios2-elf/lib/mno-hw-mul\libsmallc.a(lib_a-memset.o)
 .text.memset   0x0000000000021cd8       0x20 c:/intelfpga_lite/20.1/nios2eds/bin/gnu/h-x86_64-mingw32/bin/../lib/gcc/nios2-elf/10.1.1/../../../../../H-x86_64-mingw32/nios2-elf/lib/mno-hw-mul\libsmallc.a(lib_a-memset.o)
                0x0000000000021cd8                memset
 .text          0x0000000000021cf8        0x0 c:/intelfpga_lite/20.1/nios2eds/bin/gnu/h-x86_64-mingw32/bin/../lib/gcc/nios2-elf/10.1.1/../../../../../H-x86_64-mingw32/nios2-elf/lib/mno-hw-mul\libsmallc.a(lib_a-printf.o)
 .text._printf_r
                0x0000000000021cf8       0x3c c:/intelfpga_lite/20.1/nios2eds/bin/gnu/h-x86_64-mingw32/bin/../lib/gcc/nios2-elf/10.1.1/../../../../../H-x86_64-mingw32/nios2-elf/lib/mno-hw-mul\libsmallc.a(lib_a-printf.o)
                0x0000000000021cf8                _printf_r
 .text.printf   0x0000000000021d34       0x48 c:/intelfpga_lite/20.1/nios2eds/bin/gnu/h-x86_64-mingw32/bin/../lib/gcc/nios2-elf/10.1.1/../../../../../H-x86_64-mingw32/nios2-elf/lib/mno-hw-mul\libsmallc.a(lib_a-printf.o)
                0x0000000000021d34                printf
 .text          0x0000000000021d7c        0x0 c:/intelfpga_lite/20.1/nios2eds/bin/gnu/h-x86_64-mingw32/bin/../lib/gcc/nios2-elf/10.1.1/../../../../../H-x86_64-mingw32/nios2-elf/lib/mno-hw-mul\libsmallc.a(lib_a-puts.o)
 .text._puts_r  0x0000000000021d7c       0x80 c:/intelfpga_lite/20.1/nios2eds/bin/gnu/h-x86_64-mingw32/bin/../lib/gcc/nios2-elf/10.1.1/../../../../../H-x86_64-mingw32/nios2-elf/lib/mno-hw-mul\libsmallc.a(lib_a-puts.o)
                0x0000000000021d7c                _puts_r
 .text.puts     0x0000000000021dfc       0x10 c:/intelfpga_lite/20.1/nios2eds/bin/gnu/h-x86_64-mingw32/bin/../lib/gcc/nios2-elf/10.1.1/../../../../../H-x86_64-mingw32/nios2-elf/lib/mno-hw-mul\libsmallc.a(lib_a-puts.o)
                0x0000000000021dfc                puts
 .text          0x0000000000021e0c        0x0 c:/intelfpga_lite/20.1/nios2eds/bin/gnu/h-x86_64-mingw32/bin/../lib/gcc/nios2-elf/10.1.1/../../../../../H-x86_64-mingw32/nios2-elf/lib/mno-hw-mul\libsmallc.a(lib_a-strlen.o)
 .text.strlen   0x0000000000021e0c       0x1c c:/intelfpga_lite/20.1/nios2eds/bin/gnu/h-x86_64-mingw32/bin/../lib/gcc/nios2-elf/10.1.1/../../../../../H-x86_64-mingw32/nios2-elf/lib/mno-hw-mul\libsmallc.a(lib_a-strlen.o)
                0x0000000000021e0c                strlen
 .text          0x0000000000021e28        0x0 c:/intelfpga_lite/20.1/nios2eds/bin/gnu/h-x86_64-mingw32/bin/../lib/gcc/nios2-elf/10.1.1/../../../../../H-x86_64-mingw32/nios2-elf/lib/mno-hw-mul\libsmallc.a(lib_a-vfprintf.o)
 .text.print_repeat
                0x0000000000021e28       0x6c c:/intelfpga_lite/20.1/nios2eds/bin/gnu/h-x86_64-mingw32/bin/../lib/gcc/nios2-elf/10.1.1/../../../../../H-x86_64-mingw32/nios2-elf/lib/mno-hw-mul\libsmallc.a(lib_a-vfprintf.o)
 .text.___vfprintf_internal_r
                0x0000000000021e94      0x50c c:/intelfpga_lite/20.1/nios2eds/bin/gnu/h-x86_64-mingw32/bin/../lib/gcc/nios2-elf/10.1.1/../../../../../H-x86_64-mingw32/nios2-elf/lib/mno-hw-mul\libsmallc.a(lib_a-vfprintf.o)
                0x0000000000021e94                ___vfprintf_internal_r
 .text.__vfprintf_internal
                0x00000000000223a0       0x18 c:/intelfpga_lite/20.1/nios2eds/bin/gnu/h-x86_64-mingw32/bin/../lib/gcc/nios2-elf/10.1.1/../../../../../H-x86_64-mingw32/nios2-elf/lib/mno-hw-mul\libsmallc.a(lib_a-vfprintf.o)
                0x00000000000223a0                __vfprintf_internal
 .text          0x00000000000223b8        0x0 c:/intelfpga_lite/20.1/nios2eds/bin/gnu/h-x86_64-mingw32/bin/../lib/gcc/nios2-elf/10.1.1/../../../../../H-x86_64-mingw32/nios2-elf/lib/mno-hw-mul\libsmallc.a(lib_a-fvwrite_small_dev.o)
 .text.__sfvwrite_small_dev
                0x00000000000223b8       0xa8 c:/intelfpga_lite/20.1/nios2eds/bin/gnu/h-x86_64-mingw32/bin/../lib/gcc/nios2-elf/10.1.1/../../../../../H-x86_64-mingw32/nios2-elf/lib/mno-hw-mul\libsmallc.a(lib_a-fvwrite_small_dev.o)
                0x00000000000223b8                __sfvwrite_small_dev
 .text          0x0000000000022460        0x0 c:/intelfpga_lite/20.1/nios2eds/bin/gnu/h-x86_64-mingw32/bin/../lib/gcc/nios2-elf/10.1.1/../../../../../H-x86_64-mingw32/nios2-elf/lib/mno-hw-mul\libsmallc.a(lib_a-impure.o)
 .text          0x0000000000022460        0x0 c:/intelfpga_lite/20.1/nios2eds/bin/gnu/h-x86_64-mingw32/bin/../lib/gcc/nios2-elf/10.1.1/../../../../../H-x86_64-mingw32/nios2-elf/lib/mno-hw-mul\libsmallc.a(lib_a-writer.o)
 .text._write_r
                0x0000000000022460       0x50 c:/intelfpga_lite/20.1/nios2eds/bin/gnu/h-x86_64-mingw32/bin/../lib/gcc/nios2-elf/10.1.1/../../../../../H-x86_64-mingw32/nios2-elf/lib/mno-hw-mul\libsmallc.a(lib_a-writer.o)
                0x0000000000022460                _write_r
 .text          0x00000000000224b0        0x0 c:/intelfpga_lite/20.1/nios2eds/bin/gnu/h-x86_64-mingw32/bin/../lib/gcc/nios2-elf/10.1.1/../../../../../H-x86_64-mingw32/nios2-elf/lib/mno-hw-mul\libsmallc.a(lib_a-int_errno.o)
 .text          0x00000000000224b0       0x28 c:/intelfpga_lite/20.1/nios2eds/bin/gnu/h-x86_64-mingw32/bin/../lib/gcc/nios2-elf/10.1.1/mno-hw-mul\libgcc.a(lib2-mul.o)
                0x00000000000224b0                __mulsi3
 .text          0x00000000000224d8       0xec c:/Users/kedic/Desktop/em023_mucilage/software/em023_mucilage_bsp/\libhal_bsp.a(alt_load.o)
                0x0000000000022540                alt_load
 .text          0x00000000000225c4       0x7c c:/Users/kedic/Desktop/em023_mucilage/software/em023_mucilage_bsp/\libhal_bsp.a(alt_main.o)
                0x00000000000225c4                alt_main
 .text          0x0000000000022640       0x30 c:/Users/kedic/Desktop/em023_mucilage/software/em023_mucilage_bsp/\libhal_bsp.a(alt_usleep.o)
                0x0000000000022640                usleep
 .text          0x0000000000022670      0x140 c:/Users/kedic/Desktop/em023_mucilage/software/em023_mucilage_bsp/\libhal_bsp.a(alt_write.o)
                0x00000000000226ac                write
 .text          0x00000000000227b0       0xc0 c:/Users/kedic/Desktop/em023_mucilage/software/em023_mucilage_bsp/\libhal_bsp.a(alt_sys_init.o)
                0x00000000000227e4                alt_irq_init
                0x0000000000022820                alt_sys_init
 .text          0x0000000000022870       0xc0 c:/Users/kedic/Desktop/em023_mucilage/software/em023_mucilage_bsp/\libhal_bsp.a(altera_avalon_jtag_uart_fd.o)
                0x0000000000022870                altera_avalon_jtag_uart_read_fd
                0x00000000000228d0                altera_avalon_jtag_uart_write_fd
 .text          0x0000000000022930       0xec c:/Users/kedic/Desktop/em023_mucilage/software/em023_mucilage_bsp/\libhal_bsp.a(altera_avalon_jtag_uart_read.o)
                0x0000000000022930                altera_avalon_jtag_uart_read
 .text          0x0000000000022a1c       0x94 c:/Users/kedic/Desktop/em023_mucilage/software/em023_mucilage_bsp/\libhal_bsp.a(altera_avalon_jtag_uart_write.o)
                0x0000000000022a1c                altera_avalon_jtag_uart_write
 .text          0x0000000000022ab0      0x100 c:/Users/kedic/Desktop/em023_mucilage/software/em023_mucilage_bsp/\libhal_bsp.a(altera_avalon_timer_sc.o)
                0x0000000000022b2c                alt_avalon_timer_sc_init
 .text          0x0000000000022bb0      0x158 c:/Users/kedic/Desktop/em023_mucilage/software/em023_mucilage_bsp/\libhal_bsp.a(alt_busy_sleep.o)
                0x0000000000022bb0                alt_busy_sleep
 .text          0x0000000000022d08      0x118 c:/Users/kedic/Desktop/em023_mucilage/software/em023_mucilage_bsp/\libhal_bsp.a(alt_close.o)
                0x0000000000022d44                close
 .text          0x0000000000022e20       0x20 c:/Users/kedic/Desktop/em023_mucilage/software/em023_mucilage_bsp/\libhal_bsp.a(alt_dcache_flush_all.o)
                0x0000000000022e20                alt_dcache_flush_all
 .text          0x0000000000022e40       0x2c c:/Users/kedic/Desktop/em023_mucilage/software/em023_mucilage_bsp/\libhal_bsp.a(alt_dev.o)
 .text          0x0000000000022e6c       0xe4 c:/Users/kedic/Desktop/em023_mucilage/software/em023_mucilage_bsp/\libhal_bsp.a(alt_dev_llist_insert.o)
                0x0000000000022ea8                alt_dev_llist_insert
 .text          0x0000000000022f50       0x64 c:/Users/kedic/Desktop/em023_mucilage/software/em023_mucilage_bsp/\libhal_bsp.a(alt_do_ctors.o)
                0x0000000000022f50                _do_ctors
 .text          0x0000000000022fb4       0x64 c:/Users/kedic/Desktop/em023_mucilage/software/em023_mucilage_bsp/\libhal_bsp.a(alt_do_dtors.o)
                0x0000000000022fb4                _do_dtors
 .text          0x0000000000023018        0x0 c:/Users/kedic/Desktop/em023_mucilage/software/em023_mucilage_bsp/\libhal_bsp.a(alt_errno.o)
 .text          0x0000000000023018       0x20 c:/Users/kedic/Desktop/em023_mucilage/software/em023_mucilage_bsp/\libhal_bsp.a(alt_icache_flush_all.o)
                0x0000000000023018                alt_icache_flush_all
 .text          0x0000000000023038      0x1b0 c:/Users/kedic/Desktop/em023_mucilage/software/em023_mucilage_bsp/\libhal_bsp.a(alt_iic.o)
                0x0000000000023038                alt_ic_isr_register
                0x0000000000023088                alt_ic_irq_enable
                0x0000000000023110                alt_ic_irq_disable
                0x000000000002319c                alt_ic_irq_enabled
 .text          0x00000000000231e8       0xe8 c:/Users/kedic/Desktop/em023_mucilage/software/em023_mucilage_bsp/\libhal_bsp.a(alt_iic_isr_register.o)
                0x00000000000231e8                alt_iic_isr_register
 .text          0x00000000000232d0      0x150 c:/Users/kedic/Desktop/em023_mucilage/software/em023_mucilage_bsp/\libhal_bsp.a(alt_io_redirect.o)
                0x00000000000233a4                alt_io_redirect
 .text          0x0000000000023420        0x0 c:/Users/kedic/Desktop/em023_mucilage/software/em023_mucilage_bsp/\libhal_bsp.a(alt_irq_entry.o)
 .text          0x0000000000023420        0x0 c:/Users/kedic/Desktop/em023_mucilage/software/em023_mucilage_bsp/\libhal_bsp.a(alt_irq_handler.o)
 .text          0x0000000000023420        0x0 c:/Users/kedic/Desktop/em023_mucilage/software/em023_mucilage_bsp/\libhal_bsp.a(alt_irq_vars.o)
 .text          0x0000000000023420      0x278 c:/Users/kedic/Desktop/em023_mucilage/software/em023_mucilage_bsp/\libhal_bsp.a(alt_open.o)
                0x0000000000023538                open
 .text          0x0000000000023698       0x70 c:/Users/kedic/Desktop/em023_mucilage/software/em023_mucilage_bsp/\libhal_bsp.a(alt_release_fd.o)
                0x0000000000023698                alt_release_fd
 .text          0x0000000000023708      0x1ac c:/Users/kedic/Desktop/em023_mucilage/software/em023_mucilage_bsp/\libhal_bsp.a(alt_tick.o)
                0x0000000000023708                alt_alarm_stop
                0x00000000000237ac                alt_tick
 .text          0x00000000000238b4       0x24 c:/Users/kedic/Desktop/em023_mucilage/software/em023_mucilage_bsp/\libhal_bsp.a(altera_nios2_gen2_irq.o)
                0x00000000000238b4                altera_nios2_gen2_irq_init
 .text          0x00000000000238d8        0x0 c:/Users/kedic/Desktop/em023_mucilage/software/em023_mucilage_bsp/\libhal_bsp.a(alt_exception_entry.o)
 .text          0x00000000000238d8       0x90 c:/Users/kedic/Desktop/em023_mucilage/software/em023_mucilage_bsp/\libhal_bsp.a(alt_find_dev.o)
                0x00000000000238d8                alt_find_dev
 .text          0x0000000000023968      0x108 c:/Users/kedic/Desktop/em023_mucilage/software/em023_mucilage_bsp/\libhal_bsp.a(alt_find_file.o)
                0x0000000000023968                alt_find_file
 .text          0x0000000000023a70       0xb8 c:/Users/kedic/Desktop/em023_mucilage/software/em023_mucilage_bsp/\libhal_bsp.a(alt_get_fd.o)
                0x0000000000023a70                alt_get_fd
 .text          0x0000000000023b28       0x98 c:/Users/kedic/Desktop/em023_mucilage/software/em023_mucilage_bsp/\libhal_bsp.a(alt_instruction_exception_entry.o)
                0x0000000000023b28                alt_exception_cause_generated_bad_addr
 .text          0x0000000000023bc0        0x0 c:/intelfpga_lite/20.1/nios2eds/bin/gnu/h-x86_64-mingw32/bin/../lib/gcc/nios2-elf/10.1.1/../../../../../H-x86_64-mingw32/nios2-elf/lib/mno-hw-mul\libsmallc.a(lib_a-atexit.o)
 .text.atexit   0x0000000000023bc0       0x14 c:/intelfpga_lite/20.1/nios2eds/bin/gnu/h-x86_64-mingw32/bin/../lib/gcc/nios2-elf/10.1.1/../../../../../H-x86_64-mingw32/nios2-elf/lib/mno-hw-mul\libsmallc.a(lib_a-atexit.o)
                0x0000000000023bc0                atexit
 .text          0x0000000000023bd4        0x0 c:/intelfpga_lite/20.1/nios2eds/bin/gnu/h-x86_64-mingw32/bin/../lib/gcc/nios2-elf/10.1.1/../../../../../H-x86_64-mingw32/nios2-elf/lib/mno-hw-mul\libsmallc.a(lib_a-exit.o)
 .text.exit     0x0000000000023bd4       0x20 c:/intelfpga_lite/20.1/nios2eds/bin/gnu/h-x86_64-mingw32/bin/../lib/gcc/nios2-elf/10.1.1/../../../../../H-x86_64-mingw32/nios2-elf/lib/mno-hw-mul\libsmallc.a(lib_a-exit.o)
                0x0000000000023bd4                exit
 .text          0x0000000000023bf4        0x0 c:/intelfpga_lite/20.1/nios2eds/bin/gnu/h-x86_64-mingw32/bin/../lib/gcc/nios2-elf/10.1.1/../../../../../H-x86_64-mingw32/nios2-elf/lib/mno-hw-mul\libsmallc.a(lib_a-memcmp.o)
 .text.memcmp   0x0000000000023bf4       0x30 c:/intelfpga_lite/20.1/nios2eds/bin/gnu/h-x86_64-mingw32/bin/../lib/gcc/nios2-elf/10.1.1/../../../../../H-x86_64-mingw32/nios2-elf/lib/mno-hw-mul\libsmallc.a(lib_a-memcmp.o)
                0x0000000000023bf4                memcmp
 .text          0x0000000000023c24        0x0 c:/intelfpga_lite/20.1/nios2eds/bin/gnu/h-x86_64-mingw32/bin/../lib/gcc/nios2-elf/10.1.1/../../../../../H-x86_64-mingw32/nios2-elf/lib/mno-hw-mul\libsmallc.a(lib_a-__atexit.o)
 .text.__register_exitproc
                0x0000000000023c24      0x11c c:/intelfpga_lite/20.1/nios2eds/bin/gnu/h-x86_64-mingw32/bin/../lib/gcc/nios2-elf/10.1.1/../../../../../H-x86_64-mingw32/nios2-elf/lib/mno-hw-mul\libsmallc.a(lib_a-__atexit.o)
                0x0000000000023c24                __register_exitproc
 .text          0x0000000000023d40        0x0 c:/intelfpga_lite/20.1/nios2eds/bin/gnu/h-x86_64-mingw32/bin/../lib/gcc/nios2-elf/10.1.1/../../../../../H-x86_64-mingw32/nios2-elf/lib/mno-hw-mul\libsmallc.a(lib_a-__call_atexit.o)
 .text.__call_exitprocs
                0x0000000000023d40      0x12c c:/intelfpga_lite/20.1/nios2eds/bin/gnu/h-x86_64-mingw32/bin/../lib/gcc/nios2-elf/10.1.1/../../../../../H-x86_64-mingw32/nios2-elf/lib/mno-hw-mul\libsmallc.a(lib_a-__call_atexit.o)
                0x0000000000023d40                __call_exitprocs
 .text          0x0000000000023e6c       0x38 c:/Users/kedic/Desktop/em023_mucilage/software/em023_mucilage_bsp/\libhal_bsp.a(alt_exit.o)
                0x0000000000023e6c                _exit
 *(.gnu.warning.*)
 *(.fini)
                [!provide]                        PROVIDE (__etext = ABSOLUTE (.))
                [!provide]                        PROVIDE (_etext = ABSOLUTE (.))
                [!provide]                        PROVIDE (etext = ABSOLUTE (.))
 *(.eh_frame_hdr)
                0x0000000000023ea4                . = ALIGN (0x4)
                [!provide]                        PROVIDE (__preinit_array_start = ABSOLUTE (.))
 *(.preinit_array)
                [!provide]                        PROVIDE (__preinit_array_end = ABSOLUTE (.))
                [!provide]                        PROVIDE (__init_array_start = ABSOLUTE (.))
 *(.init_array)
                [!provide]                        PROVIDE (__init_array_end = ABSOLUTE (.))
                [!provide]                        PROVIDE (__fini_array_start = ABSOLUTE (.))
 *(.fini_array)
                [!provide]                        PROVIDE (__fini_array_end = ABSOLUTE (.))
 *(.eh_frame)
 *(.gcc_except_table .gcc_except_table.*)
 *(.dynamic)
                0x0000000000023ea4                PROVIDE (__CTOR_LIST__ = ABSOLUTE (.))
 *(.ctors)
 *(SORT_BY_NAME(.ctors.*))
                0x0000000000023ea4                PROVIDE (__CTOR_END__ = ABSOLUTE (.))
                0x0000000000023ea4                PROVIDE (__DTOR_LIST__ = ABSOLUTE (.))
 *(.dtors)
 *(SORT_BY_NAME(.dtors.*))
                0x0000000000023ea4                PROVIDE (__DTOR_END__ = ABSOLUTE (.))
 *(.jcr)
                0x0000000000023ea4                . = ALIGN (0x4)

.rodata         0x0000000000023ea4      0x484
                0x0000000000023ea4                PROVIDE (__ram_rodata_start = ABSOLUTE (.))
                0x0000000000023ea4                . = ALIGN (0x4)
 *(.rodata .rodata.* .gnu.linkonce.r.*)
 .rodata        0x0000000000023ea4      0x2ab obj/default/I2C_core.o
 *fill*         0x000000000002414f        0x1 
 .rodata        0x0000000000024150       0x6b obj/default/I2C_tests.o
 *fill*         0x00000000000241bb        0x1 
 .rodata        0x00000000000241bc      0x121 obj/default/water_sensor.o
 *fill*         0x00000000000242dd        0x3 
 .rodata._puts_r.str1.4
                0x00000000000242e0        0x2 c:/intelfpga_lite/20.1/nios2eds/bin/gnu/h-x86_64-mingw32/bin/../lib/gcc/nios2-elf/10.1.1/../../../../../H-x86_64-mingw32/nios2-elf/lib/mno-hw-mul\libsmallc.a(lib_a-puts.o)
 *fill*         0x00000000000242e2        0x2 
 .rodata        0x00000000000242e4       0x1b c:/Users/kedic/Desktop/em023_mucilage/software/em023_mucilage_bsp/\libhal_bsp.a(alt_main.o)
 *fill*         0x00000000000242ff        0x1 
 .rodata        0x0000000000024300       0x1b c:/Users/kedic/Desktop/em023_mucilage/software/em023_mucilage_bsp/\libhal_bsp.a(alt_sys_init.o)
 *fill*         0x000000000002431b        0x1 
 .rodata        0x000000000002431c        0xa c:/Users/kedic/Desktop/em023_mucilage/software/em023_mucilage_bsp/\libhal_bsp.a(alt_dev.o)
 *(.rodata1)
                0x0000000000024328                . = ALIGN (0x4)
 *fill*         0x0000000000024326        0x2 
                0x0000000000024328                PROVIDE (__ram_rodata_end = ABSOLUTE (.))
                0x0000000000023ea4                PROVIDE (__flash_rodata_start = LOADADDR (.rodata))

.rwdata         0x0000000000024328      0x2e4 load address 0x000000000002460c
                0x0000000000024328                PROVIDE (__ram_rwdata_start = ABSOLUTE (.))
                0x0000000000024328                . = ALIGN (0x4)
 *(.got.plt)
 *(.got)
 *(.data1)
 *(.data .data.* .gnu.linkonce.d.*)
 .data          0x0000000000024328        0x0 c:/Users/kedic/Desktop/em023_mucilage/software/em023_mucilage_bsp//obj/HAL/src/crt0.o
 .data          0x0000000000024328        0x0 obj/default/I2C_core.o
 .data          0x0000000000024328        0x0 obj/default/I2C_tests.o
 .data          0x0000000000024328        0x0 obj/default/water_sensor.o
 .data          0x0000000000024328        0x0 c:/intelfpga_lite/20.1/nios2eds/bin/gnu/h-x86_64-mingw32/bin/../lib/gcc/nios2-elf/10.1.1/mno-hw-mul\libgcc.a(lib2-divmod.o)
 .data          0x0000000000024328        0x0 c:/intelfpga_lite/20.1/nios2eds/bin/gnu/h-x86_64-mingw32/bin/../lib/gcc/nios2-elf/10.1.1/../../../../../H-x86_64-mingw32/nios2-elf/lib/mno-hw-mul\libsmallc.a(lib_a-memset.o)
 .data          0x0000000000024328        0x0 c:/intelfpga_lite/20.1/nios2eds/bin/gnu/h-x86_64-mingw32/bin/../lib/gcc/nios2-elf/10.1.1/../../../../../H-x86_64-mingw32/nios2-elf/lib/mno-hw-mul\libsmallc.a(lib_a-printf.o)
 .data          0x0000000000024328        0x0 c:/intelfpga_lite/20.1/nios2eds/bin/gnu/h-x86_64-mingw32/bin/../lib/gcc/nios2-elf/10.1.1/../../../../../H-x86_64-mingw32/nios2-elf/lib/mno-hw-mul\libsmallc.a(lib_a-puts.o)
 .data          0x0000000000024328        0x0 c:/intelfpga_lite/20.1/nios2eds/bin/gnu/h-x86_64-mingw32/bin/../lib/gcc/nios2-elf/10.1.1/../../../../../H-x86_64-mingw32/nios2-elf/lib/mno-hw-mul\libsmallc.a(lib_a-strlen.o)
 .data          0x0000000000024328        0x0 c:/intelfpga_lite/20.1/nios2eds/bin/gnu/h-x86_64-mingw32/bin/../lib/gcc/nios2-elf/10.1.1/../../../../../H-x86_64-mingw32/nios2-elf/lib/mno-hw-mul\libsmallc.a(lib_a-vfprintf.o)
 .data          0x0000000000024328        0x0 c:/intelfpga_lite/20.1/nios2eds/bin/gnu/h-x86_64-mingw32/bin/../lib/gcc/nios2-elf/10.1.1/../../../../../H-x86_64-mingw32/nios2-elf/lib/mno-hw-mul\libsmallc.a(lib_a-fvwrite_small_dev.o)
 .data          0x0000000000024328        0x0 c:/intelfpga_lite/20.1/nios2eds/bin/gnu/h-x86_64-mingw32/bin/../lib/gcc/nios2-elf/10.1.1/../../../../../H-x86_64-mingw32/nios2-elf/lib/mno-hw-mul\libsmallc.a(lib_a-impure.o)
 .data.impure_data
                0x0000000000024328       0xe4 c:/intelfpga_lite/20.1/nios2eds/bin/gnu/h-x86_64-mingw32/bin/../lib/gcc/nios2-elf/10.1.1/../../../../../H-x86_64-mingw32/nios2-elf/lib/mno-hw-mul\libsmallc.a(lib_a-impure.o)
 .data          0x000000000002440c        0x0 c:/intelfpga_lite/20.1/nios2eds/bin/gnu/h-x86_64-mingw32/bin/../lib/gcc/nios2-elf/10.1.1/../../../../../H-x86_64-mingw32/nios2-elf/lib/mno-hw-mul\libsmallc.a(lib_a-writer.o)
 .data          0x000000000002440c        0x0 c:/intelfpga_lite/20.1/nios2eds/bin/gnu/h-x86_64-mingw32/bin/../lib/gcc/nios2-elf/10.1.1/../../../../../H-x86_64-mingw32/nios2-elf/lib/mno-hw-mul\libsmallc.a(lib_a-int_errno.o)
 .data          0x000000000002440c        0x0 c:/intelfpga_lite/20.1/nios2eds/bin/gnu/h-x86_64-mingw32/bin/../lib/gcc/nios2-elf/10.1.1/mno-hw-mul\libgcc.a(lib2-mul.o)
 .data          0x000000000002440c        0x0 c:/Users/kedic/Desktop/em023_mucilage/software/em023_mucilage_bsp/\libhal_bsp.a(alt_load.o)
 .data          0x000000000002440c        0x0 c:/Users/kedic/Desktop/em023_mucilage/software/em023_mucilage_bsp/\libhal_bsp.a(alt_main.o)
 .data          0x000000000002440c        0x0 c:/Users/kedic/Desktop/em023_mucilage/software/em023_mucilage_bsp/\libhal_bsp.a(alt_usleep.o)
 .data          0x000000000002440c        0x0 c:/Users/kedic/Desktop/em023_mucilage/software/em023_mucilage_bsp/\libhal_bsp.a(alt_write.o)
 .data          0x000000000002440c       0x2c c:/Users/kedic/Desktop/em023_mucilage/software/em023_mucilage_bsp/\libhal_bsp.a(alt_sys_init.o)
 .data          0x0000000000024438        0x0 c:/Users/kedic/Desktop/em023_mucilage/software/em023_mucilage_bsp/\libhal_bsp.a(altera_avalon_jtag_uart_fd.o)
 .data          0x0000000000024438        0x0 c:/Users/kedic/Desktop/em023_mucilage/software/em023_mucilage_bsp/\libhal_bsp.a(altera_avalon_jtag_uart_read.o)
 .data          0x0000000000024438        0x0 c:/Users/kedic/Desktop/em023_mucilage/software/em023_mucilage_bsp/\libhal_bsp.a(altera_avalon_jtag_uart_write.o)
 .data          0x0000000000024438        0x0 c:/Users/kedic/Desktop/em023_mucilage/software/em023_mucilage_bsp/\libhal_bsp.a(altera_avalon_timer_sc.o)
 .data          0x0000000000024438        0x0 c:/Users/kedic/Desktop/em023_mucilage/software/em023_mucilage_bsp/\libhal_bsp.a(alt_busy_sleep.o)
 .data          0x0000000000024438        0x0 c:/Users/kedic/Desktop/em023_mucilage/software/em023_mucilage_bsp/\libhal_bsp.a(alt_close.o)
 .data          0x0000000000024438        0x0 c:/Users/kedic/Desktop/em023_mucilage/software/em023_mucilage_bsp/\libhal_bsp.a(alt_dcache_flush_all.o)
 .data          0x0000000000024438      0x1a8 c:/Users/kedic/Desktop/em023_mucilage/software/em023_mucilage_bsp/\libhal_bsp.a(alt_dev.o)
                0x0000000000024438                alt_dev_null
                0x0000000000024460                alt_fd_list
 .data          0x00000000000245e0        0x0 c:/Users/kedic/Desktop/em023_mucilage/software/em023_mucilage_bsp/\libhal_bsp.a(alt_dev_llist_insert.o)
 .data          0x00000000000245e0        0x0 c:/Users/kedic/Desktop/em023_mucilage/software/em023_mucilage_bsp/\libhal_bsp.a(alt_do_ctors.o)
 .data          0x00000000000245e0        0x0 c:/Users/kedic/Desktop/em023_mucilage/software/em023_mucilage_bsp/\libhal_bsp.a(alt_do_dtors.o)
 .data          0x00000000000245e0        0x0 c:/Users/kedic/Desktop/em023_mucilage/software/em023_mucilage_bsp/\libhal_bsp.a(alt_errno.o)
 .data          0x00000000000245e0        0x0 c:/Users/kedic/Desktop/em023_mucilage/software/em023_mucilage_bsp/\libhal_bsp.a(alt_icache_flush_all.o)
 .data          0x00000000000245e0        0x0 c:/Users/kedic/Desktop/em023_mucilage/software/em023_mucilage_bsp/\libhal_bsp.a(alt_iic.o)
 .data          0x00000000000245e0        0x0 c:/Users/kedic/Desktop/em023_mucilage/software/em023_mucilage_bsp/\libhal_bsp.a(alt_iic_isr_register.o)
 .data          0x00000000000245e0        0x0 c:/Users/kedic/Desktop/em023_mucilage/software/em023_mucilage_bsp/\libhal_bsp.a(alt_io_redirect.o)
 .data          0x00000000000245e0        0x0 c:/Users/kedic/Desktop/em023_mucilage/software/em023_mucilage_bsp/\libhal_bsp.a(alt_irq_entry.o)
 .data          0x00000000000245e0        0x0 c:/Users/kedic/Desktop/em023_mucilage/software/em023_mucilage_bsp/\libhal_bsp.a(alt_irq_handler.o)
 .data          0x00000000000245e0        0x0 c:/Users/kedic/Desktop/em023_mucilage/software/em023_mucilage_bsp/\libhal_bsp.a(alt_irq_vars.o)
 .data          0x00000000000245e0        0x0 c:/Users/kedic/Desktop/em023_mucilage/software/em023_mucilage_bsp/\libhal_bsp.a(alt_open.o)
 .data          0x00000000000245e0        0x0 c:/Users/kedic/Desktop/em023_mucilage/software/em023_mucilage_bsp/\libhal_bsp.a(alt_release_fd.o)
 .data          0x00000000000245e0        0x0 c:/Users/kedic/Desktop/em023_mucilage/software/em023_mucilage_bsp/\libhal_bsp.a(alt_tick.o)
 .data          0x00000000000245e0        0x0 c:/Users/kedic/Desktop/em023_mucilage/software/em023_mucilage_bsp/\libhal_bsp.a(altera_nios2_gen2_irq.o)
 .data          0x00000000000245e0        0x0 c:/Users/kedic/Desktop/em023_mucilage/software/em023_mucilage_bsp/\libhal_bsp.a(alt_exception_entry.o)
 .data          0x00000000000245e0        0x0 c:/Users/kedic/Desktop/em023_mucilage/software/em023_mucilage_bsp/\libhal_bsp.a(alt_find_dev.o)
 .data          0x00000000000245e0        0x0 c:/Users/kedic/Desktop/em023_mucilage/software/em023_mucilage_bsp/\libhal_bsp.a(alt_find_file.o)
 .data          0x00000000000245e0        0x0 c:/Users/kedic/Desktop/em023_mucilage/software/em023_mucilage_bsp/\libhal_bsp.a(alt_get_fd.o)
 .data          0x00000000000245e0        0x0 c:/Users/kedic/Desktop/em023_mucilage/software/em023_mucilage_bsp/\libhal_bsp.a(alt_instruction_exception_entry.o)
 .data          0x00000000000245e0        0x0 c:/intelfpga_lite/20.1/nios2eds/bin/gnu/h-x86_64-mingw32/bin/../lib/gcc/nios2-elf/10.1.1/../../../../../H-x86_64-mingw32/nios2-elf/lib/mno-hw-mul\libsmallc.a(lib_a-atexit.o)
 .data          0x00000000000245e0        0x0 c:/intelfpga_lite/20.1/nios2eds/bin/gnu/h-x86_64-mingw32/bin/../lib/gcc/nios2-elf/10.1.1/../../../../../H-x86_64-mingw32/nios2-elf/lib/mno-hw-mul\libsmallc.a(lib_a-exit.o)
 .data          0x00000000000245e0        0x0 c:/intelfpga_lite/20.1/nios2eds/bin/gnu/h-x86_64-mingw32/bin/../lib/gcc/nios2-elf/10.1.1/../../../../../H-x86_64-mingw32/nios2-elf/lib/mno-hw-mul\libsmallc.a(lib_a-memcmp.o)
 .data          0x00000000000245e0        0x0 c:/intelfpga_lite/20.1/nios2eds/bin/gnu/h-x86_64-mingw32/bin/../lib/gcc/nios2-elf/10.1.1/../../../../../H-x86_64-mingw32/nios2-elf/lib/mno-hw-mul\libsmallc.a(lib_a-__atexit.o)
 .data          0x00000000000245e0        0x0 c:/intelfpga_lite/20.1/nios2eds/bin/gnu/h-x86_64-mingw32/bin/../lib/gcc/nios2-elf/10.1.1/../../../../../H-x86_64-mingw32/nios2-elf/lib/mno-hw-mul\libsmallc.a(lib_a-__call_atexit.o)
 .data          0x00000000000245e0        0x0 c:/Users/kedic/Desktop/em023_mucilage/software/em023_mucilage_bsp/\libhal_bsp.a(alt_exit.o)
                0x000000000002c5e0                _gp = ABSOLUTE ((. + 0x8000))
                [!provide]                        PROVIDE (gp = _gp)
 *(.rwdata .rwdata.*)
 *(.sdata .sdata.* .gnu.linkonce.s.*)
 .sdata._global_impure_ptr
                0x00000000000245e0        0x4 c:/intelfpga_lite/20.1/nios2eds/bin/gnu/h-x86_64-mingw32/bin/../lib/gcc/nios2-elf/10.1.1/../../../../../H-x86_64-mingw32/nios2-elf/lib/mno-hw-mul\libsmallc.a(lib_a-impure.o)
                0x00000000000245e0                _global_impure_ptr
 .sdata._impure_ptr
                0x00000000000245e4        0x4 c:/intelfpga_lite/20.1/nios2eds/bin/gnu/h-x86_64-mingw32/bin/../lib/gcc/nios2-elf/10.1.1/../../../../../H-x86_64-mingw32/nios2-elf/lib/mno-hw-mul\libsmallc.a(lib_a-impure.o)
                0x00000000000245e4                _impure_ptr
 .sdata         0x00000000000245e8       0x14 c:/Users/kedic/Desktop/em023_mucilage/software/em023_mucilage_bsp/\libhal_bsp.a(alt_dev.o)
                0x00000000000245e8                alt_fs_list
                0x00000000000245f0                alt_dev_list
                0x00000000000245f8                alt_max_fd
 .sdata         0x00000000000245fc        0x4 c:/Users/kedic/Desktop/em023_mucilage/software/em023_mucilage_bsp/\libhal_bsp.a(alt_errno.o)
                0x00000000000245fc                alt_errno
 .sdata         0x0000000000024600        0x4 c:/Users/kedic/Desktop/em023_mucilage/software/em023_mucilage_bsp/\libhal_bsp.a(alt_irq_vars.o)
                0x0000000000024600                alt_priority_mask
 .sdata         0x0000000000024604        0x8 c:/Users/kedic/Desktop/em023_mucilage/software/em023_mucilage_bsp/\libhal_bsp.a(alt_tick.o)
                0x0000000000024604                alt_alarm_list
 *(.sdata2 .sdata2.* .gnu.linkonce.s2.*)
                0x000000000002460c                . = ALIGN (0x4)
                0x000000000002460c                _edata = ABSOLUTE (.)
                [!provide]                        PROVIDE (edata = ABSOLUTE (.))
                0x000000000002460c                PROVIDE (__ram_rwdata_end = ABSOLUTE (.))
                0x000000000002460c                PROVIDE (__flash_rwdata_start = LOADADDR (.rwdata))

.bss            0x00000000000248f0      0x120
                0x00000000000248f0                __bss_start = ABSOLUTE (.)
                [!provide]                        PROVIDE (__sbss_start = ABSOLUTE (.))
                [!provide]                        PROVIDE (___sbss_start = ABSOLUTE (.))
 *(.dynsbss)
 *(.sbss .sbss.* .gnu.linkonce.sb.*)
 .sbss.errno    0x00000000000248f0        0x4 c:/intelfpga_lite/20.1/nios2eds/bin/gnu/h-x86_64-mingw32/bin/../lib/gcc/nios2-elf/10.1.1/../../../../../H-x86_64-mingw32/nios2-elf/lib/mno-hw-mul\libsmallc.a(lib_a-int_errno.o)
                0x00000000000248f0                errno
 .sbss          0x00000000000248f4        0xc c:/Users/kedic/Desktop/em023_mucilage/software/em023_mucilage_bsp/\libhal_bsp.a(alt_main.o)
                0x00000000000248f4                alt_argc
                0x00000000000248f8                alt_argv
                0x00000000000248fc                alt_envp
 .sbss          0x0000000000024900        0x4 c:/Users/kedic/Desktop/em023_mucilage/software/em023_mucilage_bsp/\libhal_bsp.a(alt_irq_vars.o)
                0x0000000000024900                alt_irq_active
 .sbss          0x0000000000024904        0x8 c:/Users/kedic/Desktop/em023_mucilage/software/em023_mucilage_bsp/\libhal_bsp.a(alt_tick.o)
                0x0000000000024904                _alt_tick_rate
                0x0000000000024908                _alt_nticks
 .sbss          0x000000000002490c        0x4 c:/Users/kedic/Desktop/em023_mucilage/software/em023_mucilage_bsp/\libhal_bsp.a(alt_instruction_exception_entry.o)
                0x000000000002490c                alt_instruction_exception_handler
 *(.sbss2 .sbss2.* .gnu.linkonce.sb2.*)
 *(.scommon)
                [!provide]                        PROVIDE (__sbss_end = ABSOLUTE (.))
                [!provide]                        PROVIDE (___sbss_end = ABSOLUTE (.))
 *(.dynbss)
 *(.bss .bss.* .gnu.linkonce.b.*)
 .bss           0x0000000000024910        0x0 c:/Users/kedic/Desktop/em023_mucilage/software/em023_mucilage_bsp//obj/HAL/src/crt0.o
 .bss           0x0000000000024910        0x0 obj/default/I2C_core.o
 .bss           0x0000000000024910        0x0 obj/default/I2C_tests.o
 .bss           0x0000000000024910        0x0 obj/default/water_sensor.o
 .bss           0x0000000000024910        0x0 c:/intelfpga_lite/20.1/nios2eds/bin/gnu/h-x86_64-mingw32/bin/../lib/gcc/nios2-elf/10.1.1/mno-hw-mul\libgcc.a(lib2-divmod.o)
 .bss           0x0000000000024910        0x0 c:/intelfpga_lite/20.1/nios2eds/bin/gnu/h-x86_64-mingw32/bin/../lib/gcc/nios2-elf/10.1.1/../../../../../H-x86_64-mingw32/nios2-elf/lib/mno-hw-mul\libsmallc.a(lib_a-memset.o)
 .bss           0x0000000000024910        0x0 c:/intelfpga_lite/20.1/nios2eds/bin/gnu/h-x86_64-mingw32/bin/../lib/gcc/nios2-elf/10.1.1/../../../../../H-x86_64-mingw32/nios2-elf/lib/mno-hw-mul\libsmallc.a(lib_a-printf.o)
 .bss           0x0000000000024910        0x0 c:/intelfpga_lite/20.1/nios2eds/bin/gnu/h-x86_64-mingw32/bin/../lib/gcc/nios2-elf/10.1.1/../../../../../H-x86_64-mingw32/nios2-elf/lib/mno-hw-mul\libsmallc.a(lib_a-puts.o)
 .bss           0x0000000000024910        0x0 c:/intelfpga_lite/20.1/nios2eds/bin/gnu/h-x86_64-mingw32/bin/../lib/gcc/nios2-elf/10.1.1/../../../../../H-x86_64-mingw32/nios2-elf/lib/mno-hw-mul\libsmallc.a(lib_a-strlen.o)
 .bss           0x0000000000024910        0x0 c:/intelfpga_lite/20.1/nios2eds/bin/gnu/h-x86_64-mingw32/bin/../lib/gcc/nios2-elf/10.1.1/../../../../../H-x86_64-mingw32/nios2-elf/lib/mno-hw-mul\libsmallc.a(lib_a-vfprintf.o)
 .bss           0x0000000000024910        0x0 c:/intelfpga_lite/20.1/nios2eds/bin/gnu/h-x86_64-mingw32/bin/../lib/gcc/nios2-elf/10.1.1/../../../../../H-x86_64-mingw32/nios2-elf/lib/mno-hw-mul\libsmallc.a(lib_a-fvwrite_small_dev.o)
 .bss           0x0000000000024910        0x0 c:/intelfpga_lite/20.1/nios2eds/bin/gnu/h-x86_64-mingw32/bin/../lib/gcc/nios2-elf/10.1.1/../../../../../H-x86_64-mingw32/nios2-elf/lib/mno-hw-mul\libsmallc.a(lib_a-impure.o)
 .bss           0x0000000000024910        0x0 c:/intelfpga_lite/20.1/nios2eds/bin/gnu/h-x86_64-mingw32/bin/../lib/gcc/nios2-elf/10.1.1/../../../../../H-x86_64-mingw32/nios2-elf/lib/mno-hw-mul\libsmallc.a(lib_a-writer.o)
 .bss           0x0000000000024910        0x0 c:/intelfpga_lite/20.1/nios2eds/bin/gnu/h-x86_64-mingw32/bin/../lib/gcc/nios2-elf/10.1.1/../../../../../H-x86_64-mingw32/nios2-elf/lib/mno-hw-mul\libsmallc.a(lib_a-int_errno.o)
 .bss           0x0000000000024910        0x0 c:/intelfpga_lite/20.1/nios2eds/bin/gnu/h-x86_64-mingw32/bin/../lib/gcc/nios2-elf/10.1.1/mno-hw-mul\libgcc.a(lib2-mul.o)
 .bss           0x0000000000024910        0x0 c:/Users/kedic/Desktop/em023_mucilage/software/em023_mucilage_bsp/\libhal_bsp.a(alt_load.o)
 .bss           0x0000000000024910        0x0 c:/Users/kedic/Desktop/em023_mucilage/software/em023_mucilage_bsp/\libhal_bsp.a(alt_main.o)
 .bss           0x0000000000024910        0x0 c:/Users/kedic/Desktop/em023_mucilage/software/em023_mucilage_bsp/\libhal_bsp.a(alt_usleep.o)
 .bss           0x0000000000024910        0x0 c:/Users/kedic/Desktop/em023_mucilage/software/em023_mucilage_bsp/\libhal_bsp.a(alt_write.o)
 .bss           0x0000000000024910        0x0 c:/Users/kedic/Desktop/em023_mucilage/software/em023_mucilage_bsp/\libhal_bsp.a(alt_sys_init.o)
 .bss           0x0000000000024910        0x0 c:/Users/kedic/Desktop/em023_mucilage/software/em023_mucilage_bsp/\libhal_bsp.a(altera_avalon_jtag_uart_fd.o)
 .bss           0x0000000000024910        0x0 c:/Users/kedic/Desktop/em023_mucilage/software/em023_mucilage_bsp/\libhal_bsp.a(altera_avalon_jtag_uart_read.o)
 .bss           0x0000000000024910        0x0 c:/Users/kedic/Desktop/em023_mucilage/software/em023_mucilage_bsp/\libhal_bsp.a(altera_avalon_jtag_uart_write.o)
 .bss           0x0000000000024910        0x0 c:/Users/kedic/Desktop/em023_mucilage/software/em023_mucilage_bsp/\libhal_bsp.a(altera_avalon_timer_sc.o)
 .bss           0x0000000000024910        0x0 c:/Users/kedic/Desktop/em023_mucilage/software/em023_mucilage_bsp/\libhal_bsp.a(alt_busy_sleep.o)
 .bss           0x0000000000024910        0x0 c:/Users/kedic/Desktop/em023_mucilage/software/em023_mucilage_bsp/\libhal_bsp.a(alt_close.o)
 .bss           0x0000000000024910        0x0 c:/Users/kedic/Desktop/em023_mucilage/software/em023_mucilage_bsp/\libhal_bsp.a(alt_dcache_flush_all.o)
 .bss           0x0000000000024910        0x0 c:/Users/kedic/Desktop/em023_mucilage/software/em023_mucilage_bsp/\libhal_bsp.a(alt_dev.o)
 .bss           0x0000000000024910        0x0 c:/Users/kedic/Desktop/em023_mucilage/software/em023_mucilage_bsp/\libhal_bsp.a(alt_dev_llist_insert.o)
 .bss           0x0000000000024910        0x0 c:/Users/kedic/Desktop/em023_mucilage/software/em023_mucilage_bsp/\libhal_bsp.a(alt_do_ctors.o)
 .bss           0x0000000000024910        0x0 c:/Users/kedic/Desktop/em023_mucilage/software/em023_mucilage_bsp/\libhal_bsp.a(alt_do_dtors.o)
 .bss           0x0000000000024910        0x0 c:/Users/kedic/Desktop/em023_mucilage/software/em023_mucilage_bsp/\libhal_bsp.a(alt_errno.o)
 .bss           0x0000000000024910        0x0 c:/Users/kedic/Desktop/em023_mucilage/software/em023_mucilage_bsp/\libhal_bsp.a(alt_icache_flush_all.o)
 .bss           0x0000000000024910        0x0 c:/Users/kedic/Desktop/em023_mucilage/software/em023_mucilage_bsp/\libhal_bsp.a(alt_iic.o)
 .bss           0x0000000000024910        0x0 c:/Users/kedic/Desktop/em023_mucilage/software/em023_mucilage_bsp/\libhal_bsp.a(alt_iic_isr_register.o)
 .bss           0x0000000000024910        0x0 c:/Users/kedic/Desktop/em023_mucilage/software/em023_mucilage_bsp/\libhal_bsp.a(alt_io_redirect.o)
 .bss           0x0000000000024910        0x0 c:/Users/kedic/Desktop/em023_mucilage/software/em023_mucilage_bsp/\libhal_bsp.a(alt_irq_entry.o)
 .bss           0x0000000000024910      0x100 c:/Users/kedic/Desktop/em023_mucilage/software/em023_mucilage_bsp/\libhal_bsp.a(alt_irq_handler.o)
                0x0000000000024910                alt_irq
 .bss           0x0000000000024a10        0x0 c:/Users/kedic/Desktop/em023_mucilage/software/em023_mucilage_bsp/\libhal_bsp.a(alt_irq_vars.o)
 .bss           0x0000000000024a10        0x0 c:/Users/kedic/Desktop/em023_mucilage/software/em023_mucilage_bsp/\libhal_bsp.a(alt_open.o)
 .bss           0x0000000000024a10        0x0 c:/Users/kedic/Desktop/em023_mucilage/software/em023_mucilage_bsp/\libhal_bsp.a(alt_release_fd.o)
 .bss           0x0000000000024a10        0x0 c:/Users/kedic/Desktop/em023_mucilage/software/em023_mucilage_bsp/\libhal_bsp.a(alt_tick.o)
 .bss           0x0000000000024a10        0x0 c:/Users/kedic/Desktop/em023_mucilage/software/em023_mucilage_bsp/\libhal_bsp.a(altera_nios2_gen2_irq.o)
 .bss           0x0000000000024a10        0x0 c:/Users/kedic/Desktop/em023_mucilage/software/em023_mucilage_bsp/\libhal_bsp.a(alt_exception_entry.o)
 .bss           0x0000000000024a10        0x0 c:/Users/kedic/Desktop/em023_mucilage/software/em023_mucilage_bsp/\libhal_bsp.a(alt_find_dev.o)
 .bss           0x0000000000024a10        0x0 c:/Users/kedic/Desktop/em023_mucilage/software/em023_mucilage_bsp/\libhal_bsp.a(alt_find_file.o)
 .bss           0x0000000000024a10        0x0 c:/Users/kedic/Desktop/em023_mucilage/software/em023_mucilage_bsp/\libhal_bsp.a(alt_get_fd.o)
 .bss           0x0000000000024a10        0x0 c:/Users/kedic/Desktop/em023_mucilage/software/em023_mucilage_bsp/\libhal_bsp.a(alt_instruction_exception_entry.o)
 .bss           0x0000000000024a10        0x0 c:/intelfpga_lite/20.1/nios2eds/bin/gnu/h-x86_64-mingw32/bin/../lib/gcc/nios2-elf/10.1.1/../../../../../H-x86_64-mingw32/nios2-elf/lib/mno-hw-mul\libsmallc.a(lib_a-atexit.o)
 .bss           0x0000000000024a10        0x0 c:/intelfpga_lite/20.1/nios2eds/bin/gnu/h-x86_64-mingw32/bin/../lib/gcc/nios2-elf/10.1.1/../../../../../H-x86_64-mingw32/nios2-elf/lib/mno-hw-mul\libsmallc.a(lib_a-exit.o)
 .bss           0x0000000000024a10        0x0 c:/intelfpga_lite/20.1/nios2eds/bin/gnu/h-x86_64-mingw32/bin/../lib/gcc/nios2-elf/10.1.1/../../../../../H-x86_64-mingw32/nios2-elf/lib/mno-hw-mul\libsmallc.a(lib_a-memcmp.o)
 .bss           0x0000000000024a10        0x0 c:/intelfpga_lite/20.1/nios2eds/bin/gnu/h-x86_64-mingw32/bin/../lib/gcc/nios2-elf/10.1.1/../../../../../H-x86_64-mingw32/nios2-elf/lib/mno-hw-mul\libsmallc.a(lib_a-__atexit.o)
 .bss           0x0000000000024a10        0x0 c:/intelfpga_lite/20.1/nios2eds/bin/gnu/h-x86_64-mingw32/bin/../lib/gcc/nios2-elf/10.1.1/../../../../../H-x86_64-mingw32/nios2-elf/lib/mno-hw-mul\libsmallc.a(lib_a-__call_atexit.o)
 .bss           0x0000000000024a10        0x0 c:/Users/kedic/Desktop/em023_mucilage/software/em023_mucilage_bsp/\libhal_bsp.a(alt_exit.o)
 *(COMMON)
                0x0000000000024a10                . = ALIGN (0x4)
                0x0000000000024a10                __bss_end = ABSOLUTE (.)

.nios_system_shared_memory
                0x0000000000002000        0x0 load address 0x0000000000024a10
                [!provide]                        PROVIDE (_alt_partition_nios_system_shared_memory_start = ABSOLUTE (.))
 *(.nios_system_shared_memory .nios_system_shared_memory. nios_system_shared_memory.*)
                0x0000000000002000                . = ALIGN (0x4)
                [!provide]                        PROVIDE (_alt_partition_nios_system_shared_memory_end = ABSOLUTE (.))
                [!provide]                        PROVIDE (_alt_partition_nios_system_shared_memory_load_addr = LOADADDR (.nios_system_shared_memory))

.nios_system_onchip_memory2
                0x0000000000024a10        0x0
                [!provide]                        PROVIDE (_alt_partition_nios_system_onchip_memory2_start = ABSOLUTE (.))
 *(.nios_system_onchip_memory2 .nios_system_onchip_memory2. nios_system_onchip_memory2.*)
                0x0000000000024a10                . = ALIGN (0x4)
                [!provide]                        PROVIDE (_alt_partition_nios_system_onchip_memory2_end = ABSOLUTE (.))
                0x0000000000024a10                _end = ABSOLUTE (.)
                0x0000000000024a10                end = ABSOLUTE (.)
                0x0000000000024a10                __alt_stack_base = ABSOLUTE (.)
                [!provide]                        PROVIDE (_alt_partition_nios_system_onchip_memory2_load_addr = LOADADDR (.nios_system_onchip_memory2))

.stab
 *(.stab)

.stabstr
 *(.stabstr)

.stab.excl
 *(.stab.excl)

.stab.exclstr
 *(.stab.exclstr)

.stab.index
 *(.stab.index)

.stab.indexstr
 *(.stab.indexstr)

.comment        0x0000000000000000       0x2d
 *(.comment)
 .comment       0x0000000000000000       0x2d obj/default/I2C_core.o
                                         0x2e (size before relaxing)
 .comment       0x000000000000002d       0x2e obj/default/I2C_tests.o
 .comment       0x000000000000002d       0x2e obj/default/water_sensor.o
 .comment       0x000000000000002d       0x2e c:/intelfpga_lite/20.1/nios2eds/bin/gnu/h-x86_64-mingw32/bin/../lib/gcc/nios2-elf/10.1.1/mno-hw-mul\libgcc.a(lib2-divmod.o)
 .comment       0x000000000000002d       0x2e c:/intelfpga_lite/20.1/nios2eds/bin/gnu/h-x86_64-mingw32/bin/../lib/gcc/nios2-elf/10.1.1/../../../../../H-x86_64-mingw32/nios2-elf/lib/mno-hw-mul\libsmallc.a(lib_a-memset.o)
 .comment       0x000000000000002d       0x2e c:/intelfpga_lite/20.1/nios2eds/bin/gnu/h-x86_64-mingw32/bin/../lib/gcc/nios2-elf/10.1.1/../../../../../H-x86_64-mingw32/nios2-elf/lib/mno-hw-mul\libsmallc.a(lib_a-printf.o)
 .comment       0x000000000000002d       0x2e c:/intelfpga_lite/20.1/nios2eds/bin/gnu/h-x86_64-mingw32/bin/../lib/gcc/nios2-elf/10.1.1/../../../../../H-x86_64-mingw32/nios2-elf/lib/mno-hw-mul\libsmallc.a(lib_a-puts.o)
 .comment       0x000000000000002d       0x2e c:/intelfpga_lite/20.1/nios2eds/bin/gnu/h-x86_64-mingw32/bin/../lib/gcc/nios2-elf/10.1.1/../../../../../H-x86_64-mingw32/nios2-elf/lib/mno-hw-mul\libsmallc.a(lib_a-strlen.o)
 .comment       0x000000000000002d       0x2e c:/intelfpga_lite/20.1/nios2eds/bin/gnu/h-x86_64-mingw32/bin/../lib/gcc/nios2-elf/10.1.1/../../../../../H-x86_64-mingw32/nios2-elf/lib/mno-hw-mul\libsmallc.a(lib_a-vfprintf.o)
 .comment       0x000000000000002d       0x2e c:/intelfpga_lite/20.1/nios2eds/bin/gnu/h-x86_64-mingw32/bin/../lib/gcc/nios2-elf/10.1.1/../../../../../H-x86_64-mingw32/nios2-elf/lib/mno-hw-mul\libsmallc.a(lib_a-fvwrite_small_dev.o)
 .comment       0x000000000000002d       0x2e c:/intelfpga_lite/20.1/nios2eds/bin/gnu/h-x86_64-mingw32/bin/../lib/gcc/nios2-elf/10.1.1/../../../../../H-x86_64-mingw32/nios2-elf/lib/mno-hw-mul\libsmallc.a(lib_a-impure.o)
 .comment       0x000000000000002d       0x2e c:/intelfpga_lite/20.1/nios2eds/bin/gnu/h-x86_64-mingw32/bin/../lib/gcc/nios2-elf/10.1.1/../../../../../H-x86_64-mingw32/nios2-elf/lib/mno-hw-mul\libsmallc.a(lib_a-writer.o)
 .comment       0x000000000000002d       0x2e c:/intelfpga_lite/20.1/nios2eds/bin/gnu/h-x86_64-mingw32/bin/../lib/gcc/nios2-elf/10.1.1/../../../../../H-x86_64-mingw32/nios2-elf/lib/mno-hw-mul\libsmallc.a(lib_a-int_errno.o)
 .comment       0x000000000000002d       0x2e c:/intelfpga_lite/20.1/nios2eds/bin/gnu/h-x86_64-mingw32/bin/../lib/gcc/nios2-elf/10.1.1/mno-hw-mul\libgcc.a(lib2-mul.o)
 .comment       0x000000000000002d       0x2e c:/Users/kedic/Desktop/em023_mucilage/software/em023_mucilage_bsp/\libhal_bsp.a(alt_load.o)
 .comment       0x000000000000002d       0x2e c:/Users/kedic/Desktop/em023_mucilage/software/em023_mucilage_bsp/\libhal_bsp.a(alt_main.o)
 .comment       0x000000000000002d       0x2e c:/Users/kedic/Desktop/em023_mucilage/software/em023_mucilage_bsp/\libhal_bsp.a(alt_usleep.o)
 .comment       0x000000000000002d       0x2e c:/Users/kedic/Desktop/em023_mucilage/software/em023_mucilage_bsp/\libhal_bsp.a(alt_write.o)
 .comment       0x000000000000002d       0x2e c:/Users/kedic/Desktop/em023_mucilage/software/em023_mucilage_bsp/\libhal_bsp.a(alt_sys_init.o)
 .comment       0x000000000000002d       0x2e c:/Users/kedic/Desktop/em023_mucilage/software/em023_mucilage_bsp/\libhal_bsp.a(altera_avalon_jtag_uart_fd.o)
 .comment       0x000000000000002d       0x2e c:/Users/kedic/Desktop/em023_mucilage/software/em023_mucilage_bsp/\libhal_bsp.a(altera_avalon_jtag_uart_read.o)
 .comment       0x000000000000002d       0x2e c:/Users/kedic/Desktop/em023_mucilage/software/em023_mucilage_bsp/\libhal_bsp.a(altera_avalon_jtag_uart_write.o)
 .comment       0x000000000000002d       0x2e c:/Users/kedic/Desktop/em023_mucilage/software/em023_mucilage_bsp/\libhal_bsp.a(altera_avalon_timer_sc.o)
 .comment       0x000000000000002d       0x2e c:/Users/kedic/Desktop/em023_mucilage/software/em023_mucilage_bsp/\libhal_bsp.a(alt_busy_sleep.o)
 .comment       0x000000000000002d       0x2e c:/Users/kedic/Desktop/em023_mucilage/software/em023_mucilage_bsp/\libhal_bsp.a(alt_close.o)
 .comment       0x000000000000002d       0x2e c:/Users/kedic/Desktop/em023_mucilage/software/em023_mucilage_bsp/\libhal_bsp.a(alt_dcache_flush_all.o)
 .comment       0x000000000000002d       0x2e c:/Users/kedic/Desktop/em023_mucilage/software/em023_mucilage_bsp/\libhal_bsp.a(alt_dev.o)
 .comment       0x000000000000002d       0x2e c:/Users/kedic/Desktop/em023_mucilage/software/em023_mucilage_bsp/\libhal_bsp.a(alt_dev_llist_insert.o)
 .comment       0x000000000000002d       0x2e c:/Users/kedic/Desktop/em023_mucilage/software/em023_mucilage_bsp/\libhal_bsp.a(alt_do_ctors.o)
 .comment       0x000000000000002d       0x2e c:/Users/kedic/Desktop/em023_mucilage/software/em023_mucilage_bsp/\libhal_bsp.a(alt_do_dtors.o)
 .comment       0x000000000000002d       0x2e c:/Users/kedic/Desktop/em023_mucilage/software/em023_mucilage_bsp/\libhal_bsp.a(alt_errno.o)
 .comment       0x000000000000002d       0x2e c:/Users/kedic/Desktop/em023_mucilage/software/em023_mucilage_bsp/\libhal_bsp.a(alt_icache_flush_all.o)
 .comment       0x000000000000002d       0x2e c:/Users/kedic/Desktop/em023_mucilage/software/em023_mucilage_bsp/\libhal_bsp.a(alt_iic.o)
 .comment       0x000000000000002d       0x2e c:/Users/kedic/Desktop/em023_mucilage/software/em023_mucilage_bsp/\libhal_bsp.a(alt_iic_isr_register.o)
 .comment       0x000000000000002d       0x2e c:/Users/kedic/Desktop/em023_mucilage/software/em023_mucilage_bsp/\libhal_bsp.a(alt_io_redirect.o)
 .comment       0x000000000000002d       0x2e c:/Users/kedic/Desktop/em023_mucilage/software/em023_mucilage_bsp/\libhal_bsp.a(alt_irq_handler.o)
 .comment       0x000000000000002d       0x2e c:/Users/kedic/Desktop/em023_mucilage/software/em023_mucilage_bsp/\libhal_bsp.a(alt_irq_vars.o)
 .comment       0x000000000000002d       0x2e c:/Users/kedic/Desktop/em023_mucilage/software/em023_mucilage_bsp/\libhal_bsp.a(alt_open.o)
 .comment       0x000000000000002d       0x2e c:/Users/kedic/Desktop/em023_mucilage/software/em023_mucilage_bsp/\libhal_bsp.a(alt_release_fd.o)
 .comment       0x000000000000002d       0x2e c:/Users/kedic/Desktop/em023_mucilage/software/em023_mucilage_bsp/\libhal_bsp.a(alt_tick.o)
 .comment       0x000000000000002d       0x2e c:/Users/kedic/Desktop/em023_mucilage/software/em023_mucilage_bsp/\libhal_bsp.a(altera_nios2_gen2_irq.o)
 .comment       0x000000000000002d       0x2e c:/Users/kedic/Desktop/em023_mucilage/software/em023_mucilage_bsp/\libhal_bsp.a(alt_find_dev.o)
 .comment       0x000000000000002d       0x2e c:/Users/kedic/Desktop/em023_mucilage/software/em023_mucilage_bsp/\libhal_bsp.a(alt_find_file.o)
 .comment       0x000000000000002d       0x2e c:/Users/kedic/Desktop/em023_mucilage/software/em023_mucilage_bsp/\libhal_bsp.a(alt_get_fd.o)
 .comment       0x000000000000002d       0x2e c:/Users/kedic/Desktop/em023_mucilage/software/em023_mucilage_bsp/\libhal_bsp.a(alt_instruction_exception_entry.o)
 .comment       0x000000000000002d       0x2e c:/intelfpga_lite/20.1/nios2eds/bin/gnu/h-x86_64-mingw32/bin/../lib/gcc/nios2-elf/10.1.1/../../../../../H-x86_64-mingw32/nios2-elf/lib/mno-hw-mul\libsmallc.a(lib_a-atexit.o)
 .comment       0x000000000000002d       0x2e c:/intelfpga_lite/20.1/nios2eds/bin/gnu/h-x86_64-mingw32/bin/../lib/gcc/nios2-elf/10.1.1/../../../../../H-x86_64-mingw32/nios2-elf/lib/mno-hw-mul\libsmallc.a(lib_a-exit.o)
 .comment       0x000000000000002d       0x2e c:/intelfpga_lite/20.1/nios2eds/bin/gnu/h-x86_64-mingw32/bin/../lib/gcc/nios2-elf/10.1.1/../../../../../H-x86_64-mingw32/nios2-elf/lib/mno-hw-mul\libsmallc.a(lib_a-memcmp.o)
 .comment       0x000000000000002d       0x2e c:/intelfpga_lite/20.1/nios2eds/bin/gnu/h-x86_64-mingw32/bin/../lib/gcc/nios2-elf/10.1.1/../../../../../H-x86_64-mingw32/nios2-elf/lib/mno-hw-mul\libsmallc.a(lib_a-__atexit.o)
 .comment       0x000000000000002d       0x2e c:/intelfpga_lite/20.1/nios2eds/bin/gnu/h-x86_64-mingw32/bin/../lib/gcc/nios2-elf/10.1.1/../../../../../H-x86_64-mingw32/nios2-elf/lib/mno-hw-mul\libsmallc.a(lib_a-__call_atexit.o)
 .comment       0x000000000000002d       0x2e c:/Users/kedic/Desktop/em023_mucilage/software/em023_mucilage_bsp/\libhal_bsp.a(alt_exit.o)

.debug
 *(.debug)

.line
 *(.line)

.debug_srcinfo
 *(.debug_srcinfo)

.debug_sfnames
 *(.debug_sfnames)

.debug_aranges  0x0000000000000000      0x6f8
 *(.debug_aranges)
 .debug_aranges
                0x0000000000000000       0x28 c:/Users/kedic/Desktop/em023_mucilage/software/em023_mucilage_bsp//obj/HAL/src/crt0.o
 .debug_aranges
                0x0000000000000028       0x20 obj/default/I2C_core.o
 .debug_aranges
                0x0000000000000048       0x20 obj/default/I2C_tests.o
 .debug_aranges
                0x0000000000000068       0x20 obj/default/water_sensor.o
 .debug_aranges
                0x0000000000000088       0x20 c:/intelfpga_lite/20.1/nios2eds/bin/gnu/h-x86_64-mingw32/bin/../lib/gcc/nios2-elf/10.1.1/mno-hw-mul\libgcc.a(lib2-divmod.o)
 .debug_aranges
                0x00000000000000a8       0x20 c:/intelfpga_lite/20.1/nios2eds/bin/gnu/h-x86_64-mingw32/bin/../lib/gcc/nios2-elf/10.1.1/../../../../../H-x86_64-mingw32/nios2-elf/lib/mno-hw-mul\libsmallc.a(lib_a-memset.o)
 .debug_aranges
                0x00000000000000c8       0x28 c:/intelfpga_lite/20.1/nios2eds/bin/gnu/h-x86_64-mingw32/bin/../lib/gcc/nios2-elf/10.1.1/../../../../../H-x86_64-mingw32/nios2-elf/lib/mno-hw-mul\libsmallc.a(lib_a-printf.o)
 .debug_aranges
                0x00000000000000f0       0x28 c:/intelfpga_lite/20.1/nios2eds/bin/gnu/h-x86_64-mingw32/bin/../lib/gcc/nios2-elf/10.1.1/../../../../../H-x86_64-mingw32/nios2-elf/lib/mno-hw-mul\libsmallc.a(lib_a-puts.o)
 .debug_aranges
                0x0000000000000118       0x20 c:/intelfpga_lite/20.1/nios2eds/bin/gnu/h-x86_64-mingw32/bin/../lib/gcc/nios2-elf/10.1.1/../../../../../H-x86_64-mingw32/nios2-elf/lib/mno-hw-mul\libsmallc.a(lib_a-strlen.o)
 .debug_aranges
                0x0000000000000138       0x30 c:/intelfpga_lite/20.1/nios2eds/bin/gnu/h-x86_64-mingw32/bin/../lib/gcc/nios2-elf/10.1.1/../../../../../H-x86_64-mingw32/nios2-elf/lib/mno-hw-mul\libsmallc.a(lib_a-vfprintf.o)
 .debug_aranges
                0x0000000000000168       0x20 c:/intelfpga_lite/20.1/nios2eds/bin/gnu/h-x86_64-mingw32/bin/../lib/gcc/nios2-elf/10.1.1/../../../../../H-x86_64-mingw32/nios2-elf/lib/mno-hw-mul\libsmallc.a(lib_a-fvwrite_small_dev.o)
 .debug_aranges
                0x0000000000000188       0x18 c:/intelfpga_lite/20.1/nios2eds/bin/gnu/h-x86_64-mingw32/bin/../lib/gcc/nios2-elf/10.1.1/../../../../../H-x86_64-mingw32/nios2-elf/lib/mno-hw-mul\libsmallc.a(lib_a-impure.o)
 .debug_aranges
                0x00000000000001a0       0x20 c:/intelfpga_lite/20.1/nios2eds/bin/gnu/h-x86_64-mingw32/bin/../lib/gcc/nios2-elf/10.1.1/../../../../../H-x86_64-mingw32/nios2-elf/lib/mno-hw-mul\libsmallc.a(lib_a-writer.o)
 .debug_aranges
                0x00000000000001c0       0x18 c:/intelfpga_lite/20.1/nios2eds/bin/gnu/h-x86_64-mingw32/bin/../lib/gcc/nios2-elf/10.1.1/../../../../../H-x86_64-mingw32/nios2-elf/lib/mno-hw-mul\libsmallc.a(lib_a-int_errno.o)
 .debug_aranges
                0x00000000000001d8       0x20 c:/intelfpga_lite/20.1/nios2eds/bin/gnu/h-x86_64-mingw32/bin/../lib/gcc/nios2-elf/10.1.1/mno-hw-mul\libgcc.a(lib2-mul.o)
 .debug_aranges
                0x00000000000001f8       0x20 c:/Users/kedic/Desktop/em023_mucilage/software/em023_mucilage_bsp/\libhal_bsp.a(alt_load.o)
 .debug_aranges
                0x0000000000000218       0x20 c:/Users/kedic/Desktop/em023_mucilage/software/em023_mucilage_bsp/\libhal_bsp.a(alt_main.o)
 .debug_aranges
                0x0000000000000238       0x20 c:/Users/kedic/Desktop/em023_mucilage/software/em023_mucilage_bsp/\libhal_bsp.a(alt_usleep.o)
 .debug_aranges
                0x0000000000000258       0x20 c:/Users/kedic/Desktop/em023_mucilage/software/em023_mucilage_bsp/\libhal_bsp.a(alt_write.o)
 .debug_aranges
                0x0000000000000278       0x20 c:/Users/kedic/Desktop/em023_mucilage/software/em023_mucilage_bsp/\libhal_bsp.a(alt_sys_init.o)
 .debug_aranges
                0x0000000000000298       0x20 c:/Users/kedic/Desktop/em023_mucilage/software/em023_mucilage_bsp/\libhal_bsp.a(altera_avalon_jtag_uart_fd.o)
 .debug_aranges
                0x00000000000002b8       0x20 c:/Users/kedic/Desktop/em023_mucilage/software/em023_mucilage_bsp/\libhal_bsp.a(altera_avalon_jtag_uart_read.o)
 .debug_aranges
                0x00000000000002d8       0x20 c:/Users/kedic/Desktop/em023_mucilage/software/em023_mucilage_bsp/\libhal_bsp.a(altera_avalon_jtag_uart_write.o)
 .debug_aranges
                0x00000000000002f8       0x20 c:/Users/kedic/Desktop/em023_mucilage/software/em023_mucilage_bsp/\libhal_bsp.a(altera_avalon_timer_sc.o)
 .debug_aranges
                0x0000000000000318       0x20 c:/Users/kedic/Desktop/em023_mucilage/software/em023_mucilage_bsp/\libhal_bsp.a(alt_busy_sleep.o)
 .debug_aranges
                0x0000000000000338       0x20 c:/Users/kedic/Desktop/em023_mucilage/software/em023_mucilage_bsp/\libhal_bsp.a(alt_close.o)
 .debug_aranges
                0x0000000000000358       0x20 c:/Users/kedic/Desktop/em023_mucilage/software/em023_mucilage_bsp/\libhal_bsp.a(alt_dcache_flush_all.o)
 .debug_aranges
                0x0000000000000378       0x20 c:/Users/kedic/Desktop/em023_mucilage/software/em023_mucilage_bsp/\libhal_bsp.a(alt_dev.o)
 .debug_aranges
                0x0000000000000398       0x20 c:/Users/kedic/Desktop/em023_mucilage/software/em023_mucilage_bsp/\libhal_bsp.a(alt_dev_llist_insert.o)
 .debug_aranges
                0x00000000000003b8       0x20 c:/Users/kedic/Desktop/em023_mucilage/software/em023_mucilage_bsp/\libhal_bsp.a(alt_do_ctors.o)
 .debug_aranges
                0x00000000000003d8       0x20 c:/Users/kedic/Desktop/em023_mucilage/software/em023_mucilage_bsp/\libhal_bsp.a(alt_do_dtors.o)
 .debug_aranges
                0x00000000000003f8       0x18 c:/Users/kedic/Desktop/em023_mucilage/software/em023_mucilage_bsp/\libhal_bsp.a(alt_errno.o)
 .debug_aranges
                0x0000000000000410       0x20 c:/Users/kedic/Desktop/em023_mucilage/software/em023_mucilage_bsp/\libhal_bsp.a(alt_icache_flush_all.o)
 .debug_aranges
                0x0000000000000430       0x20 c:/Users/kedic/Desktop/em023_mucilage/software/em023_mucilage_bsp/\libhal_bsp.a(alt_iic.o)
 .debug_aranges
                0x0000000000000450       0x20 c:/Users/kedic/Desktop/em023_mucilage/software/em023_mucilage_bsp/\libhal_bsp.a(alt_iic_isr_register.o)
 .debug_aranges
                0x0000000000000470       0x20 c:/Users/kedic/Desktop/em023_mucilage/software/em023_mucilage_bsp/\libhal_bsp.a(alt_io_redirect.o)
 .debug_aranges
                0x0000000000000490       0x30 c:/Users/kedic/Desktop/em023_mucilage/software/em023_mucilage_bsp/\libhal_bsp.a(alt_irq_entry.o)
 .debug_aranges
                0x00000000000004c0       0x20 c:/Users/kedic/Desktop/em023_mucilage/software/em023_mucilage_bsp/\libhal_bsp.a(alt_irq_handler.o)
 .debug_aranges
                0x00000000000004e0       0x18 c:/Users/kedic/Desktop/em023_mucilage/software/em023_mucilage_bsp/\libhal_bsp.a(alt_irq_vars.o)
 .debug_aranges
                0x00000000000004f8       0x20 c:/Users/kedic/Desktop/em023_mucilage/software/em023_mucilage_bsp/\libhal_bsp.a(alt_open.o)
 .debug_aranges
                0x0000000000000518       0x20 c:/Users/kedic/Desktop/em023_mucilage/software/em023_mucilage_bsp/\libhal_bsp.a(alt_release_fd.o)
 .debug_aranges
                0x0000000000000538       0x20 c:/Users/kedic/Desktop/em023_mucilage/software/em023_mucilage_bsp/\libhal_bsp.a(alt_tick.o)
 .debug_aranges
                0x0000000000000558       0x20 c:/Users/kedic/Desktop/em023_mucilage/software/em023_mucilage_bsp/\libhal_bsp.a(altera_nios2_gen2_irq.o)
 .debug_aranges
                0x0000000000000578       0x38 c:/Users/kedic/Desktop/em023_mucilage/software/em023_mucilage_bsp/\libhal_bsp.a(alt_exception_entry.o)
 .debug_aranges
                0x00000000000005b0       0x20 c:/Users/kedic/Desktop/em023_mucilage/software/em023_mucilage_bsp/\libhal_bsp.a(alt_find_dev.o)
 .debug_aranges
                0x00000000000005d0       0x20 c:/Users/kedic/Desktop/em023_mucilage/software/em023_mucilage_bsp/\libhal_bsp.a(alt_find_file.o)
 .debug_aranges
                0x00000000000005f0       0x20 c:/Users/kedic/Desktop/em023_mucilage/software/em023_mucilage_bsp/\libhal_bsp.a(alt_get_fd.o)
 .debug_aranges
                0x0000000000000610       0x28 c:/Users/kedic/Desktop/em023_mucilage/software/em023_mucilage_bsp/\libhal_bsp.a(alt_instruction_exception_entry.o)
 .debug_aranges
                0x0000000000000638       0x20 c:/intelfpga_lite/20.1/nios2eds/bin/gnu/h-x86_64-mingw32/bin/../lib/gcc/nios2-elf/10.1.1/../../../../../H-x86_64-mingw32/nios2-elf/lib/mno-hw-mul\libsmallc.a(lib_a-atexit.o)
 .debug_aranges
                0x0000000000000658       0x20 c:/intelfpga_lite/20.1/nios2eds/bin/gnu/h-x86_64-mingw32/bin/../lib/gcc/nios2-elf/10.1.1/../../../../../H-x86_64-mingw32/nios2-elf/lib/mno-hw-mul\libsmallc.a(lib_a-exit.o)
 .debug_aranges
                0x0000000000000678       0x20 c:/intelfpga_lite/20.1/nios2eds/bin/gnu/h-x86_64-mingw32/bin/../lib/gcc/nios2-elf/10.1.1/../../../../../H-x86_64-mingw32/nios2-elf/lib/mno-hw-mul\libsmallc.a(lib_a-memcmp.o)
 .debug_aranges
                0x0000000000000698       0x20 c:/intelfpga_lite/20.1/nios2eds/bin/gnu/h-x86_64-mingw32/bin/../lib/gcc/nios2-elf/10.1.1/../../../../../H-x86_64-mingw32/nios2-elf/lib/mno-hw-mul\libsmallc.a(lib_a-__atexit.o)
 .debug_aranges
                0x00000000000006b8       0x20 c:/intelfpga_lite/20.1/nios2eds/bin/gnu/h-x86_64-mingw32/bin/../lib/gcc/nios2-elf/10.1.1/../../../../../H-x86_64-mingw32/nios2-elf/lib/mno-hw-mul\libsmallc.a(lib_a-__call_atexit.o)
 .debug_aranges
                0x00000000000006d8       0x20 c:/Users/kedic/Desktop/em023_mucilage/software/em023_mucilage_bsp/\libhal_bsp.a(alt_exit.o)

.debug_pubnames
 *(.debug_pubnames)

.debug_info     0x0000000000000000     0x966f
 *(.debug_info .gnu.linkonce.wi.*)
 .debug_info    0x0000000000000000       0x22 c:/Users/kedic/Desktop/em023_mucilage/software/em023_mucilage_bsp//obj/HAL/src/crt0.o
 .debug_info    0x0000000000000022      0x6e4 obj/default/I2C_core.o
 .debug_info    0x0000000000000706      0x197 obj/default/I2C_tests.o
 .debug_info    0x000000000000089d      0x237 obj/default/water_sensor.o
 .debug_info    0x0000000000000ad4      0x368 c:/intelfpga_lite/20.1/nios2eds/bin/gnu/h-x86_64-mingw32/bin/../lib/gcc/nios2-elf/10.1.1/mno-hw-mul\libgcc.a(lib2-divmod.o)
 .debug_info    0x0000000000000e3c       0xe7 c:/intelfpga_lite/20.1/nios2eds/bin/gnu/h-x86_64-mingw32/bin/../lib/gcc/nios2-elf/10.1.1/../../../../../H-x86_64-mingw32/nios2-elf/lib/mno-hw-mul\libsmallc.a(lib_a-memset.o)
 .debug_info    0x0000000000000f23      0x72b c:/intelfpga_lite/20.1/nios2eds/bin/gnu/h-x86_64-mingw32/bin/../lib/gcc/nios2-elf/10.1.1/../../../../../H-x86_64-mingw32/nios2-elf/lib/mno-hw-mul\libsmallc.a(lib_a-printf.o)
 .debug_info    0x000000000000164e      0x6ea c:/intelfpga_lite/20.1/nios2eds/bin/gnu/h-x86_64-mingw32/bin/../lib/gcc/nios2-elf/10.1.1/../../../../../H-x86_64-mingw32/nios2-elf/lib/mno-hw-mul\libsmallc.a(lib_a-puts.o)
 .debug_info    0x0000000000001d38       0xd0 c:/intelfpga_lite/20.1/nios2eds/bin/gnu/h-x86_64-mingw32/bin/../lib/gcc/nios2-elf/10.1.1/../../../../../H-x86_64-mingw32/nios2-elf/lib/mno-hw-mul\libsmallc.a(lib_a-strlen.o)
 .debug_info    0x0000000000001e08      0xeb5 c:/intelfpga_lite/20.1/nios2eds/bin/gnu/h-x86_64-mingw32/bin/../lib/gcc/nios2-elf/10.1.1/../../../../../H-x86_64-mingw32/nios2-elf/lib/mno-hw-mul\libsmallc.a(lib_a-vfprintf.o)
 .debug_info    0x0000000000002cbd      0x6b3 c:/intelfpga_lite/20.1/nios2eds/bin/gnu/h-x86_64-mingw32/bin/../lib/gcc/nios2-elf/10.1.1/../../../../../H-x86_64-mingw32/nios2-elf/lib/mno-hw-mul\libsmallc.a(lib_a-fvwrite_small_dev.o)
 .debug_info    0x0000000000003370      0x61e c:/intelfpga_lite/20.1/nios2eds/bin/gnu/h-x86_64-mingw32/bin/../lib/gcc/nios2-elf/10.1.1/../../../../../H-x86_64-mingw32/nios2-elf/lib/mno-hw-mul\libsmallc.a(lib_a-impure.o)
 .debug_info    0x000000000000398e      0x6b3 c:/intelfpga_lite/20.1/nios2eds/bin/gnu/h-x86_64-mingw32/bin/../lib/gcc/nios2-elf/10.1.1/../../../../../H-x86_64-mingw32/nios2-elf/lib/mno-hw-mul\libsmallc.a(lib_a-writer.o)
 .debug_info    0x0000000000004041       0x84 c:/intelfpga_lite/20.1/nios2eds/bin/gnu/h-x86_64-mingw32/bin/../lib/gcc/nios2-elf/10.1.1/../../../../../H-x86_64-mingw32/nios2-elf/lib/mno-hw-mul\libsmallc.a(lib_a-int_errno.o)
 .debug_info    0x00000000000040c5       0xcb c:/intelfpga_lite/20.1/nios2eds/bin/gnu/h-x86_64-mingw32/bin/../lib/gcc/nios2-elf/10.1.1/mno-hw-mul\libgcc.a(lib2-mul.o)
 .debug_info    0x0000000000004190      0x14d c:/Users/kedic/Desktop/em023_mucilage/software/em023_mucilage_bsp/\libhal_bsp.a(alt_load.o)
 .debug_info    0x00000000000042dd       0xef c:/Users/kedic/Desktop/em023_mucilage/software/em023_mucilage_bsp/\libhal_bsp.a(alt_main.o)
 .debug_info    0x00000000000043cc       0xb7 c:/Users/kedic/Desktop/em023_mucilage/software/em023_mucilage_bsp/\libhal_bsp.a(alt_usleep.o)
 .debug_info    0x0000000000004483      0x55c c:/Users/kedic/Desktop/em023_mucilage/software/em023_mucilage_bsp/\libhal_bsp.a(alt_write.o)
 .debug_info    0x00000000000049df      0x3ba c:/Users/kedic/Desktop/em023_mucilage/software/em023_mucilage_bsp/\libhal_bsp.a(alt_sys_init.o)
 .debug_info    0x0000000000004d99      0x398 c:/Users/kedic/Desktop/em023_mucilage/software/em023_mucilage_bsp/\libhal_bsp.a(altera_avalon_jtag_uart_fd.o)
 .debug_info    0x0000000000005131      0x151 c:/Users/kedic/Desktop/em023_mucilage/software/em023_mucilage_bsp/\libhal_bsp.a(altera_avalon_jtag_uart_read.o)
 .debug_info    0x0000000000005282      0x132 c:/Users/kedic/Desktop/em023_mucilage/software/em023_mucilage_bsp/\libhal_bsp.a(altera_avalon_jtag_uart_write.o)
 .debug_info    0x00000000000053b4      0x1d5 c:/Users/kedic/Desktop/em023_mucilage/software/em023_mucilage_bsp/\libhal_bsp.a(altera_avalon_timer_sc.o)
 .debug_info    0x0000000000005589       0xd6 c:/Users/kedic/Desktop/em023_mucilage/software/em023_mucilage_bsp/\libhal_bsp.a(alt_busy_sleep.o)
 .debug_info    0x000000000000565f      0x32c c:/Users/kedic/Desktop/em023_mucilage/software/em023_mucilage_bsp/\libhal_bsp.a(alt_close.o)
 .debug_info    0x000000000000598b       0x8c c:/Users/kedic/Desktop/em023_mucilage/software/em023_mucilage_bsp/\libhal_bsp.a(alt_dcache_flush_all.o)
 .debug_info    0x0000000000005a17      0x57d c:/Users/kedic/Desktop/em023_mucilage/software/em023_mucilage_bsp/\libhal_bsp.a(alt_dev.o)
 .debug_info    0x0000000000005f94      0x1b0 c:/Users/kedic/Desktop/em023_mucilage/software/em023_mucilage_bsp/\libhal_bsp.a(alt_dev_llist_insert.o)
 .debug_info    0x0000000000006144       0x88 c:/Users/kedic/Desktop/em023_mucilage/software/em023_mucilage_bsp/\libhal_bsp.a(alt_do_ctors.o)
 .debug_info    0x00000000000061cc       0x88 c:/Users/kedic/Desktop/em023_mucilage/software/em023_mucilage_bsp/\libhal_bsp.a(alt_do_dtors.o)
 .debug_info    0x0000000000006254       0x9d c:/Users/kedic/Desktop/em023_mucilage/software/em023_mucilage_bsp/\libhal_bsp.a(alt_errno.o)
 .debug_info    0x00000000000062f1       0x8c c:/Users/kedic/Desktop/em023_mucilage/software/em023_mucilage_bsp/\libhal_bsp.a(alt_icache_flush_all.o)
 .debug_info    0x000000000000637d      0x32c c:/Users/kedic/Desktop/em023_mucilage/software/em023_mucilage_bsp/\libhal_bsp.a(alt_iic.o)
 .debug_info    0x00000000000066a9      0x1f0 c:/Users/kedic/Desktop/em023_mucilage/software/em023_mucilage_bsp/\libhal_bsp.a(alt_iic_isr_register.o)
 .debug_info    0x0000000000006899      0x546 c:/Users/kedic/Desktop/em023_mucilage/software/em023_mucilage_bsp/\libhal_bsp.a(alt_io_redirect.o)
 .debug_info    0x0000000000006ddf       0x22 c:/Users/kedic/Desktop/em023_mucilage/software/em023_mucilage_bsp/\libhal_bsp.a(alt_irq_entry.o)
 .debug_info    0x0000000000006e01      0x175 c:/Users/kedic/Desktop/em023_mucilage/software/em023_mucilage_bsp/\libhal_bsp.a(alt_irq_handler.o)
 .debug_info    0x0000000000006f76       0x8b c:/Users/kedic/Desktop/em023_mucilage/software/em023_mucilage_bsp/\libhal_bsp.a(alt_irq_vars.o)
 .debug_info    0x0000000000007001      0x3dd c:/Users/kedic/Desktop/em023_mucilage/software/em023_mucilage_bsp/\libhal_bsp.a(alt_open.o)
 .debug_info    0x00000000000073de      0x2b9 c:/Users/kedic/Desktop/em023_mucilage/software/em023_mucilage_bsp/\libhal_bsp.a(alt_release_fd.o)
 .debug_info    0x0000000000007697      0x2bd c:/Users/kedic/Desktop/em023_mucilage/software/em023_mucilage_bsp/\libhal_bsp.a(alt_tick.o)
 .debug_info    0x0000000000007954       0x8c c:/Users/kedic/Desktop/em023_mucilage/software/em023_mucilage_bsp/\libhal_bsp.a(altera_nios2_gen2_irq.o)
 .debug_info    0x00000000000079e0       0x22 c:/Users/kedic/Desktop/em023_mucilage/software/em023_mucilage_bsp/\libhal_bsp.a(alt_exception_entry.o)
 .debug_info    0x0000000000007a02      0x2ee c:/Users/kedic/Desktop/em023_mucilage/software/em023_mucilage_bsp/\libhal_bsp.a(alt_find_dev.o)
 .debug_info    0x0000000000007cf0      0x2eb c:/Users/kedic/Desktop/em023_mucilage/software/em023_mucilage_bsp/\libhal_bsp.a(alt_find_file.o)
 .debug_info    0x0000000000007fdb      0x31c c:/Users/kedic/Desktop/em023_mucilage/software/em023_mucilage_bsp/\libhal_bsp.a(alt_get_fd.o)
 .debug_info    0x00000000000082f7      0x1f1 c:/Users/kedic/Desktop/em023_mucilage/software/em023_mucilage_bsp/\libhal_bsp.a(alt_instruction_exception_entry.o)
 .debug_info    0x00000000000084e8      0x100 c:/intelfpga_lite/20.1/nios2eds/bin/gnu/h-x86_64-mingw32/bin/../lib/gcc/nios2-elf/10.1.1/../../../../../H-x86_64-mingw32/nios2-elf/lib/mno-hw-mul\libsmallc.a(lib_a-atexit.o)
 .debug_info    0x00000000000085e8       0xe6 c:/intelfpga_lite/20.1/nios2eds/bin/gnu/h-x86_64-mingw32/bin/../lib/gcc/nios2-elf/10.1.1/../../../../../H-x86_64-mingw32/nios2-elf/lib/mno-hw-mul\libsmallc.a(lib_a-exit.o)
 .debug_info    0x00000000000086ce      0x100 c:/intelfpga_lite/20.1/nios2eds/bin/gnu/h-x86_64-mingw32/bin/../lib/gcc/nios2-elf/10.1.1/../../../../../H-x86_64-mingw32/nios2-elf/lib/mno-hw-mul\libsmallc.a(lib_a-memcmp.o)
 .debug_info    0x00000000000087ce      0x6e0 c:/intelfpga_lite/20.1/nios2eds/bin/gnu/h-x86_64-mingw32/bin/../lib/gcc/nios2-elf/10.1.1/../../../../../H-x86_64-mingw32/nios2-elf/lib/mno-hw-mul\libsmallc.a(lib_a-__atexit.o)
 .debug_info    0x0000000000008eae      0x6e0 c:/intelfpga_lite/20.1/nios2eds/bin/gnu/h-x86_64-mingw32/bin/../lib/gcc/nios2-elf/10.1.1/../../../../../H-x86_64-mingw32/nios2-elf/lib/mno-hw-mul\libsmallc.a(lib_a-__call_atexit.o)
 .debug_info    0x000000000000958e       0xe1 c:/Users/kedic/Desktop/em023_mucilage/software/em023_mucilage_bsp/\libhal_bsp.a(alt_exit.o)

.debug_abbrev   0x0000000000000000     0x349f
 *(.debug_abbrev)
 .debug_abbrev  0x0000000000000000       0x12 c:/Users/kedic/Desktop/em023_mucilage/software/em023_mucilage_bsp//obj/HAL/src/crt0.o
 .debug_abbrev  0x0000000000000012      0x143 obj/default/I2C_core.o
 .debug_abbrev  0x0000000000000155       0x9d obj/default/I2C_tests.o
 .debug_abbrev  0x00000000000001f2       0xbe obj/default/water_sensor.o
 .debug_abbrev  0x00000000000002b0      0x103 c:/intelfpga_lite/20.1/nios2eds/bin/gnu/h-x86_64-mingw32/bin/../lib/gcc/nios2-elf/10.1.1/mno-hw-mul\libgcc.a(lib2-divmod.o)
 .debug_abbrev  0x00000000000003b3       0x9e c:/intelfpga_lite/20.1/nios2eds/bin/gnu/h-x86_64-mingw32/bin/../lib/gcc/nios2-elf/10.1.1/../../../../../H-x86_64-mingw32/nios2-elf/lib/mno-hw-mul\libsmallc.a(lib_a-memset.o)
 .debug_abbrev  0x0000000000000451      0x216 c:/intelfpga_lite/20.1/nios2eds/bin/gnu/h-x86_64-mingw32/bin/../lib/gcc/nios2-elf/10.1.1/../../../../../H-x86_64-mingw32/nios2-elf/lib/mno-hw-mul\libsmallc.a(lib_a-printf.o)
 .debug_abbrev  0x0000000000000667      0x20b c:/intelfpga_lite/20.1/nios2eds/bin/gnu/h-x86_64-mingw32/bin/../lib/gcc/nios2-elf/10.1.1/../../../../../H-x86_64-mingw32/nios2-elf/lib/mno-hw-mul\libsmallc.a(lib_a-puts.o)
 .debug_abbrev  0x0000000000000872       0x8d c:/intelfpga_lite/20.1/nios2eds/bin/gnu/h-x86_64-mingw32/bin/../lib/gcc/nios2-elf/10.1.1/../../../../../H-x86_64-mingw32/nios2-elf/lib/mno-hw-mul\libsmallc.a(lib_a-strlen.o)
 .debug_abbrev  0x00000000000008ff      0x2f7 c:/intelfpga_lite/20.1/nios2eds/bin/gnu/h-x86_64-mingw32/bin/../lib/gcc/nios2-elf/10.1.1/../../../../../H-x86_64-mingw32/nios2-elf/lib/mno-hw-mul\libsmallc.a(lib_a-vfprintf.o)
 .debug_abbrev  0x0000000000000bf6      0x1ed c:/intelfpga_lite/20.1/nios2eds/bin/gnu/h-x86_64-mingw32/bin/../lib/gcc/nios2-elf/10.1.1/../../../../../H-x86_64-mingw32/nios2-elf/lib/mno-hw-mul\libsmallc.a(lib_a-fvwrite_small_dev.o)
 .debug_abbrev  0x0000000000000de3      0x17a c:/intelfpga_lite/20.1/nios2eds/bin/gnu/h-x86_64-mingw32/bin/../lib/gcc/nios2-elf/10.1.1/../../../../../H-x86_64-mingw32/nios2-elf/lib/mno-hw-mul\libsmallc.a(lib_a-impure.o)
 .debug_abbrev  0x0000000000000f5d      0x1d9 c:/intelfpga_lite/20.1/nios2eds/bin/gnu/h-x86_64-mingw32/bin/../lib/gcc/nios2-elf/10.1.1/../../../../../H-x86_64-mingw32/nios2-elf/lib/mno-hw-mul\libsmallc.a(lib_a-writer.o)
 .debug_abbrev  0x0000000000001136       0x39 c:/intelfpga_lite/20.1/nios2eds/bin/gnu/h-x86_64-mingw32/bin/../lib/gcc/nios2-elf/10.1.1/../../../../../H-x86_64-mingw32/nios2-elf/lib/mno-hw-mul\libsmallc.a(lib_a-int_errno.o)
 .debug_abbrev  0x000000000000116f       0x7d c:/intelfpga_lite/20.1/nios2eds/bin/gnu/h-x86_64-mingw32/bin/../lib/gcc/nios2-elf/10.1.1/mno-hw-mul\libgcc.a(lib2-mul.o)
 .debug_abbrev  0x00000000000011ec       0xab c:/Users/kedic/Desktop/em023_mucilage/software/em023_mucilage_bsp/\libhal_bsp.a(alt_load.o)
 .debug_abbrev  0x0000000000001297       0x86 c:/Users/kedic/Desktop/em023_mucilage/software/em023_mucilage_bsp/\libhal_bsp.a(alt_main.o)
 .debug_abbrev  0x000000000000131d       0x66 c:/Users/kedic/Desktop/em023_mucilage/software/em023_mucilage_bsp/\libhal_bsp.a(alt_usleep.o)
 .debug_abbrev  0x0000000000001383      0x149 c:/Users/kedic/Desktop/em023_mucilage/software/em023_mucilage_bsp/\libhal_bsp.a(alt_write.o)
 .debug_abbrev  0x00000000000014cc      0x16c c:/Users/kedic/Desktop/em023_mucilage/software/em023_mucilage_bsp/\libhal_bsp.a(alt_sys_init.o)
 .debug_abbrev  0x0000000000001638      0x10b c:/Users/kedic/Desktop/em023_mucilage/software/em023_mucilage_bsp/\libhal_bsp.a(altera_avalon_jtag_uart_fd.o)
 .debug_abbrev  0x0000000000001743       0xcd c:/Users/kedic/Desktop/em023_mucilage/software/em023_mucilage_bsp/\libhal_bsp.a(altera_avalon_jtag_uart_read.o)
 .debug_abbrev  0x0000000000001810       0xcd c:/Users/kedic/Desktop/em023_mucilage/software/em023_mucilage_bsp/\libhal_bsp.a(altera_avalon_jtag_uart_write.o)
 .debug_abbrev  0x00000000000018dd      0x14b c:/Users/kedic/Desktop/em023_mucilage/software/em023_mucilage_bsp/\libhal_bsp.a(altera_avalon_timer_sc.o)
 .debug_abbrev  0x0000000000001a28       0x88 c:/Users/kedic/Desktop/em023_mucilage/software/em023_mucilage_bsp/\libhal_bsp.a(alt_busy_sleep.o)
 .debug_abbrev  0x0000000000001ab0      0x133 c:/Users/kedic/Desktop/em023_mucilage/software/em023_mucilage_bsp/\libhal_bsp.a(alt_close.o)
 .debug_abbrev  0x0000000000001be3       0x44 c:/Users/kedic/Desktop/em023_mucilage/software/em023_mucilage_bsp/\libhal_bsp.a(alt_dcache_flush_all.o)
 .debug_abbrev  0x0000000000001c27      0x117 c:/Users/kedic/Desktop/em023_mucilage/software/em023_mucilage_bsp/\libhal_bsp.a(alt_dev.o)
 .debug_abbrev  0x0000000000001d3e      0x12a c:/Users/kedic/Desktop/em023_mucilage/software/em023_mucilage_bsp/\libhal_bsp.a(alt_dev_llist_insert.o)
 .debug_abbrev  0x0000000000001e68       0x81 c:/Users/kedic/Desktop/em023_mucilage/software/em023_mucilage_bsp/\libhal_bsp.a(alt_do_ctors.o)
 .debug_abbrev  0x0000000000001ee9       0x81 c:/Users/kedic/Desktop/em023_mucilage/software/em023_mucilage_bsp/\libhal_bsp.a(alt_do_dtors.o)
 .debug_abbrev  0x0000000000001f6a       0x5a c:/Users/kedic/Desktop/em023_mucilage/software/em023_mucilage_bsp/\libhal_bsp.a(alt_errno.o)
 .debug_abbrev  0x0000000000001fc4       0x44 c:/Users/kedic/Desktop/em023_mucilage/software/em023_mucilage_bsp/\libhal_bsp.a(alt_icache_flush_all.o)
 .debug_abbrev  0x0000000000002008      0x189 c:/Users/kedic/Desktop/em023_mucilage/software/em023_mucilage_bsp/\libhal_bsp.a(alt_iic.o)
 .debug_abbrev  0x0000000000002191      0x17c c:/Users/kedic/Desktop/em023_mucilage/software/em023_mucilage_bsp/\libhal_bsp.a(alt_iic_isr_register.o)
 .debug_abbrev  0x000000000000230d      0x126 c:/Users/kedic/Desktop/em023_mucilage/software/em023_mucilage_bsp/\libhal_bsp.a(alt_io_redirect.o)
 .debug_abbrev  0x0000000000002433       0x12 c:/Users/kedic/Desktop/em023_mucilage/software/em023_mucilage_bsp/\libhal_bsp.a(alt_irq_entry.o)
 .debug_abbrev  0x0000000000002445      0x12d c:/Users/kedic/Desktop/em023_mucilage/software/em023_mucilage_bsp/\libhal_bsp.a(alt_irq_handler.o)
 .debug_abbrev  0x0000000000002572       0x44 c:/Users/kedic/Desktop/em023_mucilage/software/em023_mucilage_bsp/\libhal_bsp.a(alt_irq_vars.o)
 .debug_abbrev  0x00000000000025b6      0x160 c:/Users/kedic/Desktop/em023_mucilage/software/em023_mucilage_bsp/\libhal_bsp.a(alt_open.o)
 .debug_abbrev  0x0000000000002716       0xea c:/Users/kedic/Desktop/em023_mucilage/software/em023_mucilage_bsp/\libhal_bsp.a(alt_release_fd.o)
 .debug_abbrev  0x0000000000002800      0x17a c:/Users/kedic/Desktop/em023_mucilage/software/em023_mucilage_bsp/\libhal_bsp.a(alt_tick.o)
 .debug_abbrev  0x000000000000297a       0x44 c:/Users/kedic/Desktop/em023_mucilage/software/em023_mucilage_bsp/\libhal_bsp.a(altera_nios2_gen2_irq.o)
 .debug_abbrev  0x00000000000029be       0x12 c:/Users/kedic/Desktop/em023_mucilage/software/em023_mucilage_bsp/\libhal_bsp.a(alt_exception_entry.o)
 .debug_abbrev  0x00000000000029d0       0xed c:/Users/kedic/Desktop/em023_mucilage/software/em023_mucilage_bsp/\libhal_bsp.a(alt_find_dev.o)
 .debug_abbrev  0x0000000000002abd      0x100 c:/Users/kedic/Desktop/em023_mucilage/software/em023_mucilage_bsp/\libhal_bsp.a(alt_find_file.o)
 .debug_abbrev  0x0000000000002bbd      0x121 c:/Users/kedic/Desktop/em023_mucilage/software/em023_mucilage_bsp/\libhal_bsp.a(alt_get_fd.o)
 .debug_abbrev  0x0000000000002cde       0xea c:/Users/kedic/Desktop/em023_mucilage/software/em023_mucilage_bsp/\libhal_bsp.a(alt_instruction_exception_entry.o)
 .debug_abbrev  0x0000000000002dc8       0xb7 c:/intelfpga_lite/20.1/nios2eds/bin/gnu/h-x86_64-mingw32/bin/../lib/gcc/nios2-elf/10.1.1/../../../../../H-x86_64-mingw32/nios2-elf/lib/mno-hw-mul\libsmallc.a(lib_a-atexit.o)
 .debug_abbrev  0x0000000000002e7f       0x94 c:/intelfpga_lite/20.1/nios2eds/bin/gnu/h-x86_64-mingw32/bin/../lib/gcc/nios2-elf/10.1.1/../../../../../H-x86_64-mingw32/nios2-elf/lib/mno-hw-mul\libsmallc.a(lib_a-exit.o)
 .debug_abbrev  0x0000000000002f13       0x9e c:/intelfpga_lite/20.1/nios2eds/bin/gnu/h-x86_64-mingw32/bin/../lib/gcc/nios2-elf/10.1.1/../../../../../H-x86_64-mingw32/nios2-elf/lib/mno-hw-mul\libsmallc.a(lib_a-memcmp.o)
 .debug_abbrev  0x0000000000002fb1      0x238 c:/intelfpga_lite/20.1/nios2eds/bin/gnu/h-x86_64-mingw32/bin/../lib/gcc/nios2-elf/10.1.1/../../../../../H-x86_64-mingw32/nios2-elf/lib/mno-hw-mul\libsmallc.a(lib_a-__atexit.o)
 .debug_abbrev  0x00000000000031e9      0x20a c:/intelfpga_lite/20.1/nios2eds/bin/gnu/h-x86_64-mingw32/bin/../lib/gcc/nios2-elf/10.1.1/../../../../../H-x86_64-mingw32/nios2-elf/lib/mno-hw-mul\libsmallc.a(lib_a-__call_atexit.o)
 .debug_abbrev  0x00000000000033f3       0xac c:/Users/kedic/Desktop/em023_mucilage/software/em023_mucilage_bsp/\libhal_bsp.a(alt_exit.o)

.debug_line     0x0000000000000000     0x4c7d
 *(.debug_line)
 .debug_line    0x0000000000000000       0x66 c:/Users/kedic/Desktop/em023_mucilage/software/em023_mucilage_bsp//obj/HAL/src/crt0.o
 .debug_line    0x0000000000000066      0x603 obj/default/I2C_core.o
 .debug_line    0x0000000000000669      0x28e obj/default/I2C_tests.o
 .debug_line    0x00000000000008f7      0x2a2 obj/default/water_sensor.o
 .debug_line    0x0000000000000b99      0x306 c:/intelfpga_lite/20.1/nios2eds/bin/gnu/h-x86_64-mingw32/bin/../lib/gcc/nios2-elf/10.1.1/mno-hw-mul\libgcc.a(lib2-divmod.o)
 .debug_line    0x0000000000000e9f      0x188 c:/intelfpga_lite/20.1/nios2eds/bin/gnu/h-x86_64-mingw32/bin/../lib/gcc/nios2-elf/10.1.1/../../../../../H-x86_64-mingw32/nios2-elf/lib/mno-hw-mul\libsmallc.a(lib_a-memset.o)
 .debug_line    0x0000000000001027      0x24c c:/intelfpga_lite/20.1/nios2eds/bin/gnu/h-x86_64-mingw32/bin/../lib/gcc/nios2-elf/10.1.1/../../../../../H-x86_64-mingw32/nios2-elf/lib/mno-hw-mul\libsmallc.a(lib_a-printf.o)
 .debug_line    0x0000000000001273      0x240 c:/intelfpga_lite/20.1/nios2eds/bin/gnu/h-x86_64-mingw32/bin/../lib/gcc/nios2-elf/10.1.1/../../../../../H-x86_64-mingw32/nios2-elf/lib/mno-hw-mul\libsmallc.a(lib_a-puts.o)
 .debug_line    0x00000000000014b3      0x17d c:/intelfpga_lite/20.1/nios2eds/bin/gnu/h-x86_64-mingw32/bin/../lib/gcc/nios2-elf/10.1.1/../../../../../H-x86_64-mingw32/nios2-elf/lib/mno-hw-mul\libsmallc.a(lib_a-strlen.o)
 .debug_line    0x0000000000001630      0x73c c:/intelfpga_lite/20.1/nios2eds/bin/gnu/h-x86_64-mingw32/bin/../lib/gcc/nios2-elf/10.1.1/../../../../../H-x86_64-mingw32/nios2-elf/lib/mno-hw-mul\libsmallc.a(lib_a-vfprintf.o)
 .debug_line    0x0000000000001d6c      0x253 c:/intelfpga_lite/20.1/nios2eds/bin/gnu/h-x86_64-mingw32/bin/../lib/gcc/nios2-elf/10.1.1/../../../../../H-x86_64-mingw32/nios2-elf/lib/mno-hw-mul\libsmallc.a(lib_a-fvwrite_small_dev.o)
 .debug_line    0x0000000000001fbf      0x15d c:/intelfpga_lite/20.1/nios2eds/bin/gnu/h-x86_64-mingw32/bin/../lib/gcc/nios2-elf/10.1.1/../../../../../H-x86_64-mingw32/nios2-elf/lib/mno-hw-mul\libsmallc.a(lib_a-impure.o)
 .debug_line    0x000000000000211c      0x226 c:/intelfpga_lite/20.1/nios2eds/bin/gnu/h-x86_64-mingw32/bin/../lib/gcc/nios2-elf/10.1.1/../../../../../H-x86_64-mingw32/nios2-elf/lib/mno-hw-mul\libsmallc.a(lib_a-writer.o)
 .debug_line    0x0000000000002342       0x61 c:/intelfpga_lite/20.1/nios2eds/bin/gnu/h-x86_64-mingw32/bin/../lib/gcc/nios2-elf/10.1.1/../../../../../H-x86_64-mingw32/nios2-elf/lib/mno-hw-mul\libsmallc.a(lib_a-int_errno.o)
 .debug_line    0x00000000000023a3       0xb7 c:/intelfpga_lite/20.1/nios2eds/bin/gnu/h-x86_64-mingw32/bin/../lib/gcc/nios2-elf/10.1.1/mno-hw-mul\libgcc.a(lib2-mul.o)
 .debug_line    0x000000000000245a       0xa6 c:/Users/kedic/Desktop/em023_mucilage/software/em023_mucilage_bsp/\libhal_bsp.a(alt_load.o)
 .debug_line    0x0000000000002500       0x85 c:/Users/kedic/Desktop/em023_mucilage/software/em023_mucilage_bsp/\libhal_bsp.a(alt_main.o)
 .debug_line    0x0000000000002585       0xbf c:/Users/kedic/Desktop/em023_mucilage/software/em023_mucilage_bsp/\libhal_bsp.a(alt_usleep.o)
 .debug_line    0x0000000000002644      0x2af c:/Users/kedic/Desktop/em023_mucilage/software/em023_mucilage_bsp/\libhal_bsp.a(alt_write.o)
 .debug_line    0x00000000000028f3      0x129 c:/Users/kedic/Desktop/em023_mucilage/software/em023_mucilage_bsp/\libhal_bsp.a(alt_sys_init.o)
 .debug_line    0x0000000000002a1c      0x102 c:/Users/kedic/Desktop/em023_mucilage/software/em023_mucilage_bsp/\libhal_bsp.a(altera_avalon_jtag_uart_fd.o)
 .debug_line    0x0000000000002b1e       0xe8 c:/Users/kedic/Desktop/em023_mucilage/software/em023_mucilage_bsp/\libhal_bsp.a(altera_avalon_jtag_uart_read.o)
 .debug_line    0x0000000000002c06       0xc6 c:/Users/kedic/Desktop/em023_mucilage/software/em023_mucilage_bsp/\libhal_bsp.a(altera_avalon_jtag_uart_write.o)
 .debug_line    0x0000000000002ccc       0xfd c:/Users/kedic/Desktop/em023_mucilage/software/em023_mucilage_bsp/\libhal_bsp.a(altera_avalon_timer_sc.o)
 .debug_line    0x0000000000002dc9       0xe1 c:/Users/kedic/Desktop/em023_mucilage/software/em023_mucilage_bsp/\libhal_bsp.a(alt_busy_sleep.o)
 .debug_line    0x0000000000002eaa      0x1ad c:/Users/kedic/Desktop/em023_mucilage/software/em023_mucilage_bsp/\libhal_bsp.a(alt_close.o)
 .debug_line    0x0000000000003057       0x53 c:/Users/kedic/Desktop/em023_mucilage/software/em023_mucilage_bsp/\libhal_bsp.a(alt_dcache_flush_all.o)
 .debug_line    0x00000000000030aa      0x19f c:/Users/kedic/Desktop/em023_mucilage/software/em023_mucilage_bsp/\libhal_bsp.a(alt_dev.o)
 .debug_line    0x0000000000003249      0x106 c:/Users/kedic/Desktop/em023_mucilage/software/em023_mucilage_bsp/\libhal_bsp.a(alt_dev_llist_insert.o)
 .debug_line    0x000000000000334f       0x66 c:/Users/kedic/Desktop/em023_mucilage/software/em023_mucilage_bsp/\libhal_bsp.a(alt_do_ctors.o)
 .debug_line    0x00000000000033b5       0x66 c:/Users/kedic/Desktop/em023_mucilage/software/em023_mucilage_bsp/\libhal_bsp.a(alt_do_dtors.o)
 .debug_line    0x000000000000341b       0x51 c:/Users/kedic/Desktop/em023_mucilage/software/em023_mucilage_bsp/\libhal_bsp.a(alt_errno.o)
 .debug_line    0x000000000000346c       0x51 c:/Users/kedic/Desktop/em023_mucilage/software/em023_mucilage_bsp/\libhal_bsp.a(alt_icache_flush_all.o)
 .debug_line    0x00000000000034bd      0x123 c:/Users/kedic/Desktop/em023_mucilage/software/em023_mucilage_bsp/\libhal_bsp.a(alt_iic.o)
 .debug_line    0x00000000000035e0       0xfc c:/Users/kedic/Desktop/em023_mucilage/software/em023_mucilage_bsp/\libhal_bsp.a(alt_iic_isr_register.o)
 .debug_line    0x00000000000036dc      0x1d2 c:/Users/kedic/Desktop/em023_mucilage/software/em023_mucilage_bsp/\libhal_bsp.a(alt_io_redirect.o)
 .debug_line    0x00000000000038ae       0x6b c:/Users/kedic/Desktop/em023_mucilage/software/em023_mucilage_bsp/\libhal_bsp.a(alt_irq_entry.o)
 .debug_line    0x0000000000003919       0xd4 c:/Users/kedic/Desktop/em023_mucilage/software/em023_mucilage_bsp/\libhal_bsp.a(alt_irq_handler.o)
 .debug_line    0x00000000000039ed       0x50 c:/Users/kedic/Desktop/em023_mucilage/software/em023_mucilage_bsp/\libhal_bsp.a(alt_irq_vars.o)
 .debug_line    0x0000000000003a3d      0x1a1 c:/Users/kedic/Desktop/em023_mucilage/software/em023_mucilage_bsp/\libhal_bsp.a(alt_open.o)
 .debug_line    0x0000000000003bde       0xb6 c:/Users/kedic/Desktop/em023_mucilage/software/em023_mucilage_bsp/\libhal_bsp.a(alt_release_fd.o)
 .debug_line    0x0000000000003c94      0x160 c:/Users/kedic/Desktop/em023_mucilage/software/em023_mucilage_bsp/\libhal_bsp.a(alt_tick.o)
 .debug_line    0x0000000000003df4       0x57 c:/Users/kedic/Desktop/em023_mucilage/software/em023_mucilage_bsp/\libhal_bsp.a(altera_nios2_gen2_irq.o)
 .debug_line    0x0000000000003e4b       0xb3 c:/Users/kedic/Desktop/em023_mucilage/software/em023_mucilage_bsp/\libhal_bsp.a(alt_exception_entry.o)
 .debug_line    0x0000000000003efe       0xb8 c:/Users/kedic/Desktop/em023_mucilage/software/em023_mucilage_bsp/\libhal_bsp.a(alt_find_dev.o)
 .debug_line    0x0000000000003fb6      0x103 c:/Users/kedic/Desktop/em023_mucilage/software/em023_mucilage_bsp/\libhal_bsp.a(alt_find_file.o)
 .debug_line    0x00000000000040b9       0xfb c:/Users/kedic/Desktop/em023_mucilage/software/em023_mucilage_bsp/\libhal_bsp.a(alt_get_fd.o)