Archive member included to satisfy reference by file (symbol)

c:/intelfpga_lite/20.1/nios2eds/bin/gnu/h-x86_64-mingw32/bin/../lib/gcc/nios2-elf/10.1.1/mno-hw-mul\libgcc.a(lib2-divmod.o)
                              obj/default/I2C_core.o (__divsi3)
c:/intelfpga_lite/20.1/nios2eds/bin/gnu/h-x86_64-mingw32/bin/../lib/gcc/nios2-elf/10.1.1/mno-hw-mul\libgcc.a(fixsfsi.o)
                              obj/default/I2C_tests.o (__fixsfsi)
c:/intelfpga_lite/20.1/nios2eds/bin/gnu/h-x86_64-mingw32/bin/../lib/gcc/nios2-elf/10.1.1/../../../../../H-x86_64-mingw32/nios2-elf/lib/mno-hw-mul\libsmallc.a(lib_a-memset.o)
                              obj/default/I2C_tests.o (memset)
c:/intelfpga_lite/20.1/nios2eds/bin/gnu/h-x86_64-mingw32/bin/../lib/gcc/nios2-elf/10.1.1/../../../../../H-x86_64-mingw32/nios2-elf/lib/mno-hw-mul\libsmallc.a(lib_a-printf.o)
                              obj/default/water_sensor.o (printf)
c:/intelfpga_lite/20.1/nios2eds/bin/gnu/h-x86_64-mingw32/bin/../lib/gcc/nios2-elf/10.1.1/../../../../../H-x86_64-mingw32/nios2-elf/lib/mno-hw-mul\libsmallc.a(lib_a-putchar.o)
                              obj/default/I2C_tests.o (putchar)
c:/intelfpga_lite/20.1/nios2eds/bin/gnu/h-x86_64-mingw32/bin/../lib/gcc/nios2-elf/10.1.1/../../../../../H-x86_64-mingw32/nios2-elf/lib/mno-hw-mul\libsmallc.a(lib_a-puts.o)
                              obj/default/I2C_core.o (puts)
c:/intelfpga_lite/20.1/nios2eds/bin/gnu/h-x86_64-mingw32/bin/../lib/gcc/nios2-elf/10.1.1/../../../../../H-x86_64-mingw32/nios2-elf/lib/mno-hw-mul\libsmallc.a(lib_a-strlen.o)
                              c:/intelfpga_lite/20.1/nios2eds/bin/gnu/h-x86_64-mingw32/bin/../lib/gcc/nios2-elf/10.1.1/../../../../../H-x86_64-mingw32/nios2-elf/lib/mno-hw-mul\libsmallc.a(lib_a-puts.o) (strlen)
c:/intelfpga_lite/20.1/nios2eds/bin/gnu/h-x86_64-mingw32/bin/../lib/gcc/nios2-elf/10.1.1/../../../../../H-x86_64-mingw32/nios2-elf/lib/mno-hw-mul\libsmallc.a(lib_a-vfprintf.o)
                              c:/intelfpga_lite/20.1/nios2eds/bin/gnu/h-x86_64-mingw32/bin/../lib/gcc/nios2-elf/10.1.1/../../../../../H-x86_64-mingw32/nios2-elf/lib/mno-hw-mul\libsmallc.a(lib_a-printf.o) (___vfprintf_internal_r)
c:/intelfpga_lite/20.1/nios2eds/bin/gnu/h-x86_64-mingw32/bin/../lib/gcc/nios2-elf/10.1.1/../../../../../H-x86_64-mingw32/nios2-elf/lib/mno-hw-mul\libsmallc.a(lib_a-fvwrite_small_dev.o)
                              c:/intelfpga_lite/20.1/nios2eds/bin/gnu/h-x86_64-mingw32/bin/../lib/gcc/nios2-elf/10.1.1/../../../../../H-x86_64-mingw32/nios2-elf/lib/mno-hw-mul\libsmallc.a(lib_a-printf.o) (__sfvwrite_small_dev)
c:/intelfpga_lite/20.1/nios2eds/bin/gnu/h-x86_64-mingw32/bin/../lib/gcc/nios2-elf/10.1.1/../../../../../H-x86_64-mingw32/nios2-elf/lib/mno-hw-mul\libsmallc.a(lib_a-impure.o)
                              c:/intelfpga_lite/20.1/nios2eds/bin/gnu/h-x86_64-mingw32/bin/../lib/gcc/nios2-elf/10.1.1/../../../../../H-x86_64-mingw32/nios2-elf/lib/mno-hw-mul\libsmallc.a(lib_a-printf.o) (_impure_ptr)
c:/intelfpga_lite/20.1/nios2eds/bin/gnu/h-x86_64-mingw32/bin/../lib/gcc/nios2-elf/10.1.1/../../../../../H-x86_64-mingw32/nios2-elf/lib/mno-hw-mul\libsmallc.a(lib_a-putc.o)
                              c:/intelfpga_lite/20.1/nios2eds/bin/gnu/h-x86_64-mingw32/bin/../lib/gcc/nios2-elf/10.1.1/../../../../../H-x86_64-mingw32/nios2-elf/lib/mno-hw-mul\libsmallc.a(lib_a-putchar.o) (_putc_r)
c:/intelfpga_lite/20.1/nios2eds/bin/gnu/h-x86_64-mingw32/bin/../lib/gcc/nios2-elf/10.1.1/../../../../../H-x86_64-mingw32/nios2-elf/lib/mno-hw-mul\libsmallc.a(lib_a-writer.o)
                              c:/intelfpga_lite/20.1/nios2eds/bin/gnu/h-x86_64-mingw32/bin/../lib/gcc/nios2-elf/10.1.1/../../../../../H-x86_64-mingw32/nios2-elf/lib/mno-hw-mul\libsmallc.a(lib_a-fvwrite_small_dev.o) (_write_r)
c:/intelfpga_lite/20.1/nios2eds/bin/gnu/h-x86_64-mingw32/bin/../lib/gcc/nios2-elf/10.1.1/../../../../../H-x86_64-mingw32/nios2-elf/lib/mno-hw-mul\libsmallc.a(lib_a-int_errno.o)
                              c:/intelfpga_lite/20.1/nios2eds/bin/gnu/h-x86_64-mingw32/bin/../lib/gcc/nios2-elf/10.1.1/../../../../../H-x86_64-mingw32/nios2-elf/lib/mno-hw-mul\libsmallc.a(lib_a-writer.o) (errno)
c:/intelfpga_lite/20.1/nios2eds/bin/gnu/h-x86_64-mingw32/bin/../lib/gcc/nios2-elf/10.1.1/mno-hw-mul\libgcc.a(lib2-mul.o)
                              c:/intelfpga_lite/20.1/nios2eds/bin/gnu/h-x86_64-mingw32/bin/../lib/gcc/nios2-elf/10.1.1/../../../../../H-x86_64-mingw32/nios2-elf/lib/mno-hw-mul\libsmallc.a(lib_a-vfprintf.o) (__mulsi3)
c:/Users/kedic/Desktop/em023_mucilage/software/em023_mucilage_bsp/\libhal_bsp.a(alt_load.o)
                              c:/Users/kedic/Desktop/em023_mucilage/software/em023_mucilage_bsp//obj/HAL/src/crt0.o (alt_load)
c:/Users/kedic/Desktop/em023_mucilage/software/em023_mucilage_bsp/\libhal_bsp.a(alt_main.o)
                              c:/Users/kedic/Desktop/em023_mucilage/software/em023_mucilage_bsp//obj/HAL/src/crt0.o (alt_main)
[...]
Memory Configuration

Name             Origin             Length             Attributes
nios_system_shared_memory 0x0000000000002000 0x0000000000001000
reset            0x0000000000020000 0x0000000000000020
nios_system_onchip_memory2 0x0000000000020020 0x000000000001ffe0
*default*        0x0000000000000000 0xffffffffffffffff

Linker script and memory map

LOAD c:/Users/kedic/Desktop/em023_mucilage/software/em023_mucilage_bsp//obj/HAL/src/crt0.o
LOAD obj/default/I2C_core.o
LOAD obj/default/I2C_tests.o
LOAD obj/default/water_sensor.o
LOAD c:/intelfpga_lite/20.1/nios2eds/bin/gnu/h-x86_64-mingw32/bin/../lib/gcc/nios2-elf/10.1.1/../../../../../H-x86_64-mingw32/nios2-elf/lib/mno-hw-mul\libstdc++.a
LOAD c:/intelfpga_lite/20.1/nios2eds/bin/gnu/h-x86_64-mingw32/bin/../lib/gcc/nios2-elf/10.1.1/../../../../../H-x86_64-mingw32/nios2-elf/lib/mno-hw-mul\libm.a
LOAD c:/intelfpga_lite/20.1/nios2eds/bin/gnu/h-x86_64-mingw32/bin/../lib/gcc/nios2-elf/10.1.1/mno-hw-mul\libgcc.a
START GROUP
LOAD c:/intelfpga_lite/20.1/nios2eds/bin/gnu/h-x86_64-mingw32/bin/../lib/gcc/nios2-elf/10.1.1/../../../../../H-x86_64-mingw32/nios2-elf/lib/mno-hw-mul\libsmallc.a
LOAD c:/intelfpga_lite/20.1/nios2eds/bin/gnu/h-x86_64-mingw32/bin/../lib/gcc/nios2-elf/10.1.1/mno-hw-mul\libgcc.a
LOAD c:/Users/kedic/Desktop/em023_mucilage/software/em023_mucilage_bsp/\libhal_bsp.a
LOAD c:/intelfpga_lite/20.1/nios2eds/bin/gnu/h-x86_64-mingw32/bin/../lib/gcc/nios2-elf/10.1.1/../../../../../H-x86_64-mingw32/nios2-elf/lib/mno-hw-mul\libm.a
END GROUP
LOAD c:/intelfpga_lite/20.1/nios2eds/bin/gnu/h-x86_64-mingw32/bin/../lib/gcc/nios2-elf/10.1.1/mno-hw-mul\libgcc.a
                0x0000000000002000                __alt_mem_nios_system_shared_memory = 0x2000
                0x0000000000020000                __alt_mem_nios_system_onchip_memory2 = 0x20000

.entry          0x0000000000020000       0x20
 *(.entry)
 .entry         0x0000000000020000       0x20 c:/Users/kedic/Desktop/em023_mucilage/software/em023_mucilage_bsp//obj/HAL/src/crt0.o
                0x0000000000020000                __reset

.exceptions     0x0000000000020020      0x204
                0x0000000000020020                PROVIDE (__ram_exceptions_start = ABSOLUTE (.))
                0x0000000000020020                . = ALIGN (0x20)
 *(.irq)
 *(.exceptions.entry.label)
 .exceptions.entry.label
                0x0000000000020020        0x0 c:/Users/kedic/Desktop/em023_mucilage/software/em023_mucilage_bsp/\libhal_bsp.a(alt_irq_entry.o)
                0x0000000000020020                alt_irq_entry
 .exceptions.entry.label
                0x0000000000020020        0x0 c:/Users/kedic/Desktop/em023_mucilage/software/em023_mucilage_bsp/\libhal_bsp.a(alt_exception_entry.o)
                0x0000000000020020                alt_exception
 *(.exceptions.entry.user)
 *(.exceptions.entry.ecc_fatal)
 *(.exceptions.entry)
 .exceptions.entry
                0x0000000000020020       0x54 c:/Users/kedic/Desktop/em023_mucilage/software/em023_mucilage_bsp/\libhal_bsp.a(alt_exception_entry.o)
 *(.exceptions.irqtest.user)
 *(.exceptions.irqtest)
 .exceptions.irqtest
                0x0000000000020074       0x10 c:/Users/kedic/Desktop/em023_mucilage/software/em023_mucilage_bsp/\libhal_bsp.a(alt_irq_entry.o)
 *(.exceptions.irqhandler.user)
 *(.exceptions.irqhandler)
 .exceptions.irqhandler
                0x0000000000020084        0x4 c:/Users/kedic/Desktop/em023_mucilage/software/em023_mucilage_bsp/\libhal_bsp.a(alt_irq_entry.o)
 *(.exceptions.irqreturn.user)
 *(.exceptions.irqreturn)
 .exceptions.irqreturn
                0x0000000000020088        0x4 c:/Users/kedic/Desktop/em023_mucilage/software/em023_mucilage_bsp/\libhal_bsp.a(alt_irq_entry.o)
 *(.exceptions.notirq.label)
 .exceptions.notirq.label
                0x000000000002008c        0x0 c:/Users/kedic/Desktop/em023_mucilage/software/em023_mucilage_bsp/\libhal_bsp.a(alt_irq_entry.o)
 *(.exceptions.notirq.user)
 *(.exceptions.notirq)
 .exceptions.notirq
                0x000000000002008c        0x8 c:/Users/kedic/Desktop/em023_mucilage/software/em023_mucilage_bsp/\libhal_bsp.a(alt_exception_entry.o)
 *(.exceptions.soft.user)
 *(.exceptions.soft)
 *(.exceptions.unknown.user)
 *(.exceptions.unknown)
 .exceptions.unknown
                0x0000000000020094       0x14 c:/Users/kedic/Desktop/em023_mucilage/software/em023_mucilage_bsp/\libhal_bsp.a(alt_exception_entry.o)
 *(.exceptions.exit.label)
 .exceptions.exit.label
                0x00000000000200a8        0x0 c:/Users/kedic/Desktop/em023_mucilage/software/em023_mucilage_bsp/\libhal_bsp.a(alt_irq_entry.o)
 .exceptions.exit.label
                0x00000000000200a8        0x0 c:/Users/kedic/Desktop/em023_mucilage/software/em023_mucilage_bsp/\libhal_bsp.a(alt_exception_entry.o)
 *(.exceptions.exit.user)
 *(.exceptions.exit)
 .exceptions.exit
                0x00000000000200a8       0x54 c:/Users/kedic/Desktop/em023_mucilage/software/em023_mucilage_bsp/\libhal_bsp.a(alt_exception_entry.o)
 *(.exceptions)
 .exceptions    0x00000000000200fc       0xc8 c:/Users/kedic/Desktop/em023_mucilage/software/em023_mucilage_bsp/\libhal_bsp.a(alt_irq_handler.o)
                0x00000000000200fc                alt_irq_handler
 .exceptions    0x00000000000201c4       0x60 c:/Users/kedic/Desktop/em023_mucilage/software/em023_mucilage_bsp/\libhal_bsp.a(alt_instruction_exception_entry.o)
                0x00000000000201c4                alt_instruction_exception_entry
                0x0000000000020224                PROVIDE (__ram_exceptions_end = ABSOLUTE (.))
                0x0000000000020020                PROVIDE (__flash_exceptions_start = LOADADDR (.exceptions))

.text           0x0000000000020224     0x3c48
                [!provide]                        PROVIDE (stext = ABSOLUTE (.))
 *(.interp)
 *(.hash)
 *(.dynsym)
 *(.dynstr)
 *(.gnu.version)
 *(.gnu.version_d)
 *(.gnu.version_r)
 *(.rel.init)
 *(.rela.init)
 *(.rel.text .rel.text.* .rel.gnu.linkonce.t.*)
 *(.rela.text .rela.text.* .rela.gnu.linkonce.t.*)
 *(.rel.fini)
 *(.rela.fini)
 *(.rel.rodata .rel.rodata.* .rel.gnu.linkonce.r.*)
 *(.rela.rodata .rela.rodata.* .rela.gnu.linkonce.r.*)
 *(.rel.data .rel.data.* .rel.gnu.linkonce.d.*)
 *(.rela.data .rela.data.* .rela.gnu.linkonce.d.*)
 *(.rel.tdata .rel.tdata.* .rel.gnu.linkonce.td.*)
 *(.rela.tdata .rela.tdata.* .rela.gnu.linkonce.td.*)
 *(.rel.tbss .rel.tbss.* .rel.gnu.linkonce.tb.*)
 *(.rela.tbss .rela.tbss.* .rela.gnu.linkonce.tb.*)
 *(.rel.ctors)
 *(.rela.ctors)
 *(.rel.dtors)
 *(.rela.dtors)
 *(.rel.got)
 *(.rela.got)
 *(.rel.sdata .rel.sdata.* .rel.gnu.linkonce.s.*)
 *(.rela.sdata .rela.sdata.* .rela.gnu.linkonce.s.*)
 *(.rel.sbss .rel.sbss.* .rel.gnu.linkonce.sb.*)
 *(.rela.sbss .rela.sbss.* .rela.gnu.linkonce.sb.*)
 *(.rel.sdata2 .rel.sdata2.* .rel.gnu.linkonce.s2.*)
 *(.rela.sdata2 .rela.sdata2.* .rela.gnu.linkonce.s2.*)
 *(.rel.sbss2 .rel.sbss2.* .rel.gnu.linkonce.sb2.*)
 *(.rela.sbss2 .rela.sbss2.* .rela.gnu.linkonce.sb2.*)
 *(.rel.bss .rel.bss.* .rel.gnu.linkonce.b.*)
 *(.rela.bss .rela.bss.* .rela.gnu.linkonce.b.*)
 *(.rel.plt)
 *(.rela.plt)
 *(.rel.dyn)
 *(.init)
 *(.plt)
 *(.text .stub .text.* .gnu.linkonce.t.*)
 .text          0x0000000000020224       0x3c c:/Users/kedic/Desktop/em023_mucilage/software/em023_mucilage_bsp//obj/HAL/src/crt0.o
                0x0000000000020224                _start
 .text          0x0000000000020260     0x103c obj/default/I2C_core.o
                0x0000000000020260                Write32_Data
                0x00000000000202b4                Read32_Data
                0x0000000000020308                oc_i2c_init
                0x0000000000020360                oc_i2c_init_ex
                0x00000000000204b4                oc_i2c_uninit
                0x0000000000020548                ACK_single_check
                0x00000000000205d4                ACK_check
                0x000000000002063c                OC_I2C_Write
                0x000000000002088c                ACK_judge_for_read
                0x00000000000208f0                OC_I2C_Read
                0x0000000000020ae0                OC_I2C_Write_Addr
                0x0000000000020bf0                OC_I2C_Read_Continue
                0x0000000000020d38                OC_I2CL_Write
                0x0000000000020fa8                OC_I2CL_Read
 .text          0x000000000002129c      0x1a4 obj/default/I2C_tests.o
                0x000000000002129c                main
 .text          0x0000000000021440      0x578 obj/default/water_sensor.o
                0x0000000000021440                Water_I2C_init
                0x0000000000021538                myI2CReadWrite
                0x0000000000021730                Water_I2C_start
                0x000000000002180c                Water_I2C_read
                0x00000000000218b8                Water_I2C_write
 .text          0x00000000000219b8      0x1b4 c:/intelfpga_lite/20.1/nios2eds/bin/gnu/h-x86_64-mingw32/bin/../lib/gcc/nios2-elf/10.1.1/mno-hw-mul\libgcc.a(lib2-divmod.o)
                0x00000000000219b8                __divsi3
                0x0000000000021a38                __modsi3
                0x0000000000021aac                __udivsi3
                0x0000000000021b10                __umodsi3
 .text          0x0000000000021b6c       0x70 c:/intelfpga_lite/20.1/nios2eds/bin/gnu/h-x86_64-mingw32/bin/../lib/gcc/nios2-elf/10.1.1/mno-hw-mul\libgcc.a(fixsfsi.o)
                0x0000000000021b6c                __fixsfsi
 .text          0x0000000000021bdc        0x0 c:/intelfpga_lite/20.1/nios2eds/bin/gnu/h-x86_64-mingw32/bin/../lib/gcc/nios2-elf/10.1.1/../../../../../H-x86_64-mingw32/nios2-elf/lib/mno-hw-mul\libsmallc.a(lib_a-memset.o)
 .text.memset   0x0000000000021bdc       0x20 c:/intelfpga_lite/20.1/nios2eds/bin/gnu/h-x86_64-mingw32/bin/../lib/gcc/nios2-elf/10.1.1/../../../../../H-x86_64-mingw32/nios2-elf/lib/mno-hw-mul\libsmallc.a(lib_a-memset.o)
                0x0000000000021bdc                memset
 .text          0x0000000000021bfc        0x0 c:/intelfpga_lite/20.1/nios2eds/bin/gnu/h-x86_64-mingw32/bin/../lib/gcc/nios2-elf/10.1.1/../../../../../H-x86_64-mingw32/nios2-elf/lib/mno-hw-mul\libsmallc.a(lib_a-printf.o)
 .text._printf_r
                0x0000000000021bfc       0x3c c:/intelfpga_lite/20.1/nios2eds/bin/gnu/h-x86_64-mingw32/bin/../lib/gcc/nios2-elf/10.1.1/../../../../../H-x86_64-mingw32/nios2-elf/lib/mno-hw-mul\libsmallc.a(lib_a-printf.o)
                0x0000000000021bfc                _printf_r
 .text.printf   0x0000000000021c38       0x48 c:/intelfpga_lite/20.1/nios2eds/bin/gnu/h-x86_64-mingw32/bin/../lib/gcc/nios2-elf/10.1.1/../../../../../H-x86_64-mingw32/nios2-elf/lib/mno-hw-mul\libsmallc.a(lib_a-printf.o)
                0x0000000000021c38                printf
 .text          0x0000000000021c80        0x0 c:/intelfpga_lite/20.1/nios2eds/bin/gnu/h-x86_64-mingw32/bin/../lib/gcc/nios2-elf/10.1.1/../../../../../H-x86_64-mingw32/nios2-elf/lib/mno-hw-mul\libsmallc.a(lib_a-putchar.o)
 .text._putchar_r
                0x0000000000021c80        0x8 c:/intelfpga_lite/20.1/nios2eds/bin/gnu/h-x86_64-mingw32/bin/../lib/gcc/nios2-elf/10.1.1/../../../../../H-x86_64-mingw32/nios2-elf/lib/mno-hw-mul\libsmallc.a(lib_a-putchar.o)
                0x0000000000021c80                _putchar_r
 .text.putchar  0x0000000000021c88       0x18 c:/intelfpga_lite/20.1/nios2eds/bin/gnu/h-x86_64-mingw32/bin/../lib/gcc/nios2-elf/10.1.1/../../../../../H-x86_64-mingw32/nios2-elf/lib/mno-hw-mul\libsmallc.a(lib_a-putchar.o)
                0x0000000000021c88                putchar
 .text          0x0000000000021ca0        0x0 c:/intelfpga_lite/20.1/nios2eds/bin/gnu/h-x86_64-mingw32/bin/../lib/gcc/nios2-elf/10.1.1/../../../../../H-x86_64-mingw32/nios2-elf/lib/mno-hw-mul\libsmallc.a(lib_a-puts.o)
 .text._puts_r  0x0000000000021ca0       0x80 c:/intelfpga_lite/20.1/nios2eds/bin/gnu/h-x86_64-mingw32/bin/../lib/gcc/nios2-elf/10.1.1/../../../../../H-x86_64-mingw32/nios2-elf/lib/mno-hw-mul\libsmallc.a(lib_a-puts.o)
                0x0000000000021ca0                _puts_r
 .text.puts     0x0000000000021d20       0x10 c:/intelfpga_lite/20.1/nios2eds/bin/gnu/h-x86_64-mingw32/bin/../lib/gcc/nios2-elf/10.1.1/../../../../../H-x86_64-mingw32/nios2-elf/lib/mno-hw-mul\libsmallc.a(lib_a-puts.o)
                0x0000000000021d20                puts
 .text          0x0000000000021d30        0x0 c:/intelfpga_lite/20.1/nios2eds/bin/gnu/h-x86_64-mingw32/bin/../lib/gcc/nios2-elf/10.1.1/../../../../../H-x86_64-mingw32/nios2-elf/lib/mno-hw-mul\libsmallc.a(lib_a-strlen.o)
 .text.strlen   0x0000000000021d30       0x1c c:/intelfpga_lite/20.1/nios2eds/bin/gnu/h-x86_64-mingw32/bin/../lib/gcc/nios2-elf/10.1.1/../../../../../H-x86_64-mingw32/nios2-elf/lib/mno-hw-mul\libsmallc.a(lib_a-strlen.o)
                0x0000000000021d30                strlen
 .text          0x0000000000021d4c        0x0 c:/intelfpga_lite/20.1/nios2eds/bin/gnu/h-x86_64-mingw32/bin/../lib/gcc/nios2-elf/10.1.1/../../../../../H-x86_64-mingw32/nios2-elf/lib/mno-hw-mul\libsmallc.a(lib_a-vfprintf.o)
 .text.print_repeat
                0x0000000000021d4c       0x6c c:/intelfpga_lite/20.1/nios2eds/bin/gnu/h-x86_64-mingw32/bin/../lib/gcc/nios2-elf/10.1.1/../../../../../H-x86_64-mingw32/nios2-elf/lib/mno-hw-mul\libsmallc.a(lib_a-vfprintf.o)
 .text.___vfprintf_internal_r
                0x0000000000021db8      0x50c c:/intelfpga_lite/20.1/nios2eds/bin/gnu/h-x86_64-mingw32/bin/../lib/gcc/nios2-elf/10.1.1/../../../../../H-x86_64-mingw32/nios2-elf/lib/mno-hw-mul\libsmallc.a(lib_a-vfprintf.o)
                0x0000000000021db8                ___vfprintf_internal_r
 .text.__vfprintf_internal
                0x00000000000222c4       0x18 c:/intelfpga_lite/20.1/nios2eds/bin/gnu/h-x86_64-mingw32/bin/../lib/gcc/nios2-elf/10.1.1/../../../../../H-x86_64-mingw32/nios2-elf/lib/mno-hw-mul\libsmallc.a(lib_a-vfprintf.o)
                0x00000000000222c4                __vfprintf_internal
 .text          0x00000000000222dc        0x0 c:/intelfpga_lite/20.1/nios2eds/bin/gnu/h-x86_64-mingw32/bin/../lib/gcc/nios2-elf/10.1.1/../../../../../H-x86_64-mingw32/nios2-elf/lib/mno-hw-mul\libsmallc.a(lib_a-fvwrite_small_dev.o)
 .text.__sfvwrite_small_dev
                0x00000000000222dc       0xa8 c:/intelfpga_lite/20.1/nios2eds/bin/gnu/h-x86_64-mingw32/bin/../lib/gcc/nios2-elf/10.1.1/../../../../../H-x86_64-mingw32/nios2-elf/lib/mno-hw-mul\libsmallc.a(lib_a-fvwrite_small_dev.o)
                0x00000000000222dc                __sfvwrite_small_dev
 .text          0x0000000000022384        0x0 c:/intelfpga_lite/20.1/nios2eds/bin/gnu/h-x86_64-mingw32/bin/../lib/gcc/nios2-elf/10.1.1/../../../../../H-x86_64-mingw32/nios2-elf/lib/mno-hw-mul\libsmallc.a(lib_a-impure.o)
 .text          0x0000000000022384        0x0 c:/intelfpga_lite/20.1/nios2eds/bin/gnu/h-x86_64-mingw32/bin/../lib/gcc/nios2-elf/10.1.1/../../../../../H-x86_64-mingw32/nios2-elf/lib/mno-hw-mul\libsmallc.a(lib_a-putc.o)
 .text.putc     0x0000000000022384       0x50 c:/intelfpga_lite/20.1/nios2eds/bin/gnu/h-x86_64-mingw32/bin/../lib/gcc/nios2-elf/10.1.1/../../../../../H-x86_64-mingw32/nios2-elf/lib/mno-hw-mul\libsmallc.a(lib_a-putc.o)
                0x0000000000022384                putc
 .text._putc_r  0x00000000000223d4       0x54 c:/intelfpga_lite/20.1/nios2eds/bin/gnu/h-x86_64-mingw32/bin/../lib/gcc/nios2-elf/10.1.1/../../../../../H-x86_64-mingw32/nios2-elf/lib/mno-hw-mul\libsmallc.a(lib_a-putc.o)
                0x00000000000223d4                _putc_r
 .text          0x0000000000022428        0x0 c:/intelfpga_lite/20.1/nios2eds/bin/gnu/h-x86_64-mingw32/bin/../lib/gcc/nios2-elf/10.1.1/../../../../../H-x86_64-mingw32/nios2-elf/lib/mno-hw-mul\libsmallc.a(lib_a-writer.o)
 .text._write_r
                0x0000000000022428       0x50 c:/intelfpga_lite/20.1/nios2eds/bin/gnu/h-x86_64-mingw32/bin/../lib/gcc/nios2-elf/10.1.1/../../../../../H-x86_64-mingw32/nios2-elf/lib/mno-hw-mul\libsmallc.a(lib_a-writer.o)
                0x0000000000022428                _write_r
 .text          0x0000000000022478        0x0 c:/intelfpga_lite/20.1/nios2eds/bin/gnu/h-x86_64-mingw32/bin/../lib/gcc/nios2-elf/10.1.1/../../../../../H-x86_64-mingw32/nios2-elf/lib/mno-hw-mul\libsmallc.a(lib_a-int_errno.o)
 .text          0x0000000000022478       0x28 c:/intelfpga_lite/20.1/nios2eds/bin/gnu/h-x86_64-mingw32/bin/../lib/gcc/nios2-elf/10.1.1/mno-hw-mul\libgcc.a(lib2-mul.o)
                0x0000000000022478                __mulsi3
 .text          0x00000000000224a0       0xec c:/Users/kedic/Desktop/em023_mucilage/software/em023_mucilage_bsp/\libhal_bsp.a(alt_load.o)
                0x0000000000022508                alt_load
 .text          0x000000000002258c       0x7c c:/Users/kedic/Desktop/em023_mucilage/software/em023_mucilage_bsp/\libhal_bsp.a(alt_main.o)
                0x000000000002258c                alt_main
 .text          0x0000000000022608       0x30 c:/Users/kedic/Desktop/em023_mucilage/software/em023_mucilage_bsp/\libhal_bsp.a(alt_usleep.o)
                0x0000000000022608                usleep
 .text          0x0000000000022638      0x140 c:/Users/kedic/Desktop/em023_mucilage/software/em023_mucilage_bsp/\libhal_bsp.a(alt_write.o)
                0x0000000000022674                write
 .text          0x0000000000022778       0xc0 c:/Users/kedic/Desktop/em023_mucilage/software/em023_mucilage_bsp/\libhal_bsp.a(alt_sys_init.o)
                0x00000000000227ac                alt_irq_init
                0x00000000000227e8                alt_sys_init
 .text          0x0000000000022838       0xc0 c:/Users/kedic/Desktop/em023_mucilage/software/em023_mucilage_bsp/\libhal_bsp.a(altera_avalon_jtag_uart_fd.o)
                0x0000000000022838                altera_avalon_jtag_uart_read_fd
                0x0000000000022898                altera_avalon_jtag_uart_write_fd
 .text          0x00000000000228f8       0xec c:/Users/kedic/Desktop/em023_mucilage/software/em023_mucilage_bsp/\libhal_bsp.a(altera_avalon_jtag_uart_read.o)
                0x00000000000228f8                altera_avalon_jtag_uart_read
 .text          0x00000000000229e4       0x94 c:/Users/kedic/Desktop/em023_mucilage/software/em023_mucilage_bsp/\libhal_bsp.a(altera_avalon_jtag_uart_write.o)
                0x00000000000229e4                altera_avalon_jtag_uart_write
 .text          0x0000000000022a78      0x100 c:/Users/kedic/Desktop/em023_mucilage/software/em023_mucilage_bsp/\libhal_bsp.a(altera_avalon_timer_sc.o)
                0x0000000000022af4                alt_avalon_timer_sc_init
 .text          0x0000000000022b78      0x158 c:/Users/kedic/Desktop/em023_mucilage/software/em023_mucilage_bsp/\libhal_bsp.a(alt_busy_sleep.o)
                0x0000000000022b78                alt_busy_sleep
 .text          0x0000000000022cd0      0x118 c:/Users/kedic/Desktop/em023_mucilage/software/em023_mucilage_bsp/\libhal_bsp.a(alt_close.o)
                0x0000000000022d0c                close
 .text          0x0000000000022de8       0x20 c:/Users/kedic/Desktop/em023_mucilage/software/em023_mucilage_bsp/\libhal_bsp.a(alt_dcache_flush_all.o)
                0x0000000000022de8                alt_dcache_flush_all
 .text          0x0000000000022e08       0x2c c:/Users/kedic/Desktop/em023_mucilage/software/em023_mucilage_bsp/\libhal_bsp.a(alt_dev.o)
 .text          0x0000000000022e34       0xe4 c:/Users/kedic/Desktop/em023_mucilage/software/em023_mucilage_bsp/\libhal_bsp.a(alt_dev_llist_insert.o)
                0x0000000000022e70                alt_dev_llist_insert
 .text          0x0000000000022f18       0x64 c:/Users/kedic/Desktop/em023_mucilage/software/em023_mucilage_bsp/\libhal_bsp.a(alt_do_ctors.o)
                0x0000000000022f18                _do_ctors
 .text          0x0000000000022f7c       0x64 c:/Users/kedic/Desktop/em023_mucilage/software/em023_mucilage_bsp/\libhal_bsp.a(alt_do_dtors.o)
                0x0000000000022f7c                _do_dtors
 .text          0x0000000000022fe0        0x0 c:/Users/kedic/Desktop/em023_mucilage/software/em023_mucilage_bsp/\libhal_bsp.a(alt_errno.o)
 .text          0x0000000000022fe0       0x20 c:/Users/kedic/Desktop/em023_mucilage/software/em023_mucilage_bsp/\libhal_bsp.a(alt_icache_flush_all.o)
                0x0000000000022fe0                alt_icache_flush_all
 .text          0x0000000000023000      0x1b0 c:/Users/kedic/Desktop/em023_mucilage/software/em023_mucilage_bsp/\libhal_bsp.a(alt_iic.o)
                0x0000000000023000                alt_ic_isr_register
                0x0000000000023050                alt_ic_irq_enable
                0x00000000000230d8                alt_ic_irq_disable
                0x0000000000023164                alt_ic_irq_enabled
 .text          0x00000000000231b0       0xe8 c:/Users/kedic/Desktop/em023_mucilage/software/em023_mucilage_bsp/\libhal_bsp.a(alt_iic_isr_register.o)
                0x00000000000231b0                alt_iic_isr_register
 .text          0x0000000000023298      0x150 c:/Users/kedic/Desktop/em023_mucilage/software/em023_mucilage_bsp/\libhal_bsp.a(alt_io_redirect.o)
                0x000000000002336c                alt_io_redirect
 .text          0x00000000000233e8        0x0 c:/Users/kedic/Desktop/em023_mucilage/software/em023_mucilage_bsp/\libhal_bsp.a(alt_irq_entry.o)
 .text          0x00000000000233e8        0x0 c:/Users/kedic/Desktop/em023_mucilage/software/em023_mucilage_bsp/\libhal_bsp.a(alt_irq_handler.o)
 .text          0x00000000000233e8        0x0 c:/Users/kedic/Desktop/em023_mucilage/software/em023_mucilage_bsp/\libhal_bsp.a(alt_irq_vars.o)
 .text          0x00000000000233e8      0x278 c:/Users/kedic/Desktop/em023_mucilage/software/em023_mucilage_bsp/\libhal_bsp.a(alt_open.o)
                0x0000000000023500                open
 .text          0x0000000000023660       0x70 c:/Users/kedic/Desktop/em023_mucilage/software/em023_mucilage_bsp/\libhal_bsp.a(alt_release_fd.o)
                0x0000000000023660                alt_release_fd
 .text          0x00000000000236d0      0x1ac c:/Users/kedic/Desktop/em023_mucilage/software/em023_mucilage_bsp/\libhal_bsp.a(alt_tick.o)
                0x00000000000236d0                alt_alarm_stop
                0x0000000000023774                alt_tick
 .text          0x000000000002387c       0x24 c:/Users/kedic/Desktop/em023_mucilage/software/em023_mucilage_bsp/\libhal_bsp.a(altera_nios2_gen2_irq.o)
                0x000000000002387c                altera_nios2_gen2_irq_init
 .text          0x00000000000238a0        0x0 c:/Users/kedic/Desktop/em023_mucilage/software/em023_mucilage_bsp/\libhal_bsp.a(alt_exception_entry.o)
 .text          0x00000000000238a0       0x90 c:/Users/kedic/Desktop/em023_mucilage/software/em023_mucilage_bsp/\libhal_bsp.a(alt_find_dev.o)
                0x00000000000238a0                alt_find_dev
 .text          0x0000000000023930      0x108 c:/Users/kedic/Desktop/em023_mucilage/software/em023_mucilage_bsp/\libhal_bsp.a(alt_find_file.o)
                0x0000000000023930                alt_find_file
 .text          0x0000000000023a38       0xb8 c:/Users/kedic/Desktop/em023_mucilage/software/em023_mucilage_bsp/\libhal_bsp.a(alt_get_fd.o)
                0x0000000000023a38                alt_get_fd
 .text          0x0000000000023af0       0x98 c:/Users/kedic/Desktop/em023_mucilage/software/em023_mucilage_bsp/\libhal_bsp.a(alt_instruction_exception_entry.o)
                0x0000000000023af0                alt_exception_cause_generated_bad_addr
 .text          0x0000000000023b88        0x0 c:/intelfpga_lite/20.1/nios2eds/bin/gnu/h-x86_64-mingw32/bin/../lib/gcc/nios2-elf/10.1.1/../../../../../H-x86_64-mingw32/nios2-elf/lib/mno-hw-mul\libsmallc.a(lib_a-atexit.o)
 .text.atexit   0x0000000000023b88       0x14 c:/intelfpga_lite/20.1/nios2eds/bin/gnu/h-x86_64-mingw32/bin/../lib/gcc/nios2-elf/10.1.1/../../../../../H-x86_64-mingw32/nios2-elf/lib/mno-hw-mul\libsmallc.a(lib_a-atexit.o)
                0x0000000000023b88                atexit
 .text          0x0000000000023b9c        0x0 c:/intelfpga_lite/20.1/nios2eds/bin/gnu/h-x86_64-mingw32/bin/../lib/gcc/nios2-elf/10.1.1/../../../../../H-x86_64-mingw32/nios2-elf/lib/mno-hw-mul\libsmallc.a(lib_a-exit.o)
 .text.exit     0x0000000000023b9c       0x20 c:/intelfpga_lite/20.1/nios2eds/bin/gnu/h-x86_64-mingw32/bin/../lib/gcc/nios2-elf/10.1.1/../../../../../H-x86_64-mingw32/nios2-elf/lib/mno-hw-mul\libsmallc.a(lib_a-exit.o)
                0x0000000000023b9c                exit
 .text          0x0000000000023bbc        0x0 c:/intelfpga_lite/20.1/nios2eds/bin/gnu/h-x86_64-mingw32/bin/../lib/gcc/nios2-elf/10.1.1/../../../../../H-x86_64-mingw32/nios2-elf/lib/mno-hw-mul\libsmallc.a(lib_a-memcmp.o)
 .text.memcmp   0x0000000000023bbc       0x30 c:/intelfpga_lite/20.1/nios2eds/bin/gnu/h-x86_64-mingw32/bin/../lib/gcc/nios2-elf/10.1.1/../../../../../H-x86_64-mingw32/nios2-elf/lib/mno-hw-mul\libsmallc.a(lib_a-memcmp.o)
                0x0000000000023bbc                memcmp
 .text          0x0000000000023bec        0x0 c:/intelfpga_lite/20.1/nios2eds/bin/gnu/h-x86_64-mingw32/bin/../lib/gcc/nios2-elf/10.1.1/../../../../../H-x86_64-mingw32/nios2-elf/lib/mno-hw-mul\libsmallc.a(lib_a-__atexit.o)
 .text.__register_exitproc
                0x0000000000023bec      0x11c c:/intelfpga_lite/20.1/nios2eds/bin/gnu/h-x86_64-mingw32/bin/../lib/gcc/nios2-elf/10.1.1/../../../../../H-x86_64-mingw32/nios2-elf/lib/mno-hw-mul\libsmallc.a(lib_a-__atexit.o)
                0x0000000000023bec                __register_exitproc
 .text          0x0000000000023d08        0x0 c:/intelfpga_lite/20.1/nios2eds/bin/gnu/h-x86_64-mingw32/bin/../lib/gcc/nios2-elf/10.1.1/../../../../../H-x86_64-mingw32/nios2-elf/lib/mno-hw-mul\libsmallc.a(lib_a-__call_atexit.o)
 .text.__call_exitprocs
                0x0000000000023d08      0x12c c:/intelfpga_lite/20.1/nios2eds/bin/gnu/h-x86_64-mingw32/bin/../lib/gcc/nios2-elf/10.1.1/../../../../../H-x86_64-mingw32/nios2-elf/lib/mno-hw-mul\libsmallc.a(lib_a-__call_atexit.o)
                0x0000000000023d08                __call_exitprocs
 .text          0x0000000000023e34       0x38 c:/Users/kedic/Desktop/em023_mucilage/software/em023_mucilage_bsp/\libhal_bsp.a(alt_exit.o)
                0x0000000000023e34                _exit
 *(.gnu.warning.*)
 *(.fini)
                [!provide]                        PROVIDE (__etext = ABSOLUTE (.))
                [!provide]                        PROVIDE (_etext = ABSOLUTE (.))
                [!provide]                        PROVIDE (etext = ABSOLUTE (.))
 *(.eh_frame_hdr)
                0x0000000000023e6c                . = ALIGN (0x4)
                [!provide]                        PROVIDE (__preinit_array_start = ABSOLUTE (.))
 *(.preinit_array)
                [!provide]                        PROVIDE (__preinit_array_end = ABSOLUTE (.))
                [!provide]                        PROVIDE (__init_array_start = ABSOLUTE (.))
 *(.init_array)
                [!provide]                        PROVIDE (__init_array_end = ABSOLUTE (.))
                [!provide]                        PROVIDE (__fini_array_start = ABSOLUTE (.))
 *(.fini_array)
                [!provide]                        PROVIDE (__fini_array_end = ABSOLUTE (.))
 *(.eh_frame)
 *(.gcc_except_table .gcc_except_table.*)
 *(.dynamic)
                0x0000000000023e6c                PROVIDE (__CTOR_LIST__ = ABSOLUTE (.))
 *(.ctors)
 *(SORT_BY_NAME(.ctors.*))
                0x0000000000023e6c                PROVIDE (__CTOR_END__ = ABSOLUTE (.))
                0x0000000000023e6c                PROVIDE (__DTOR_LIST__ = ABSOLUTE (.))
 *(.dtors)
 *(SORT_BY_NAME(.dtors.*))
                0x0000000000023e6c                PROVIDE (__DTOR_END__ = ABSOLUTE (.))
 *(.jcr)
                0x0000000000023e6c                . = ALIGN (0x4)

.rodata         0x0000000000023e6c      0x434
                0x0000000000023e6c                PROVIDE (__ram_rodata_start = ABSOLUTE (.))
                0x0000000000023e6c                . = ALIGN (0x4)
 *(.rodata .rodata.* .gnu.linkonce.r.*)
 .rodata        0x0000000000023e6c      0x2ab obj/default/I2C_core.o
 *fill*         0x0000000000024117        0x1 
 .rodata        0x0000000000024118      0x13d obj/default/water_sensor.o
 *fill*         0x0000000000024255        0x3 
 .rodata._puts_r.str1.4
                0x0000000000024258        0x2 c:/intelfpga_lite/20.1/nios2eds/bin/gnu/h-x86_64-mingw32/bin/../lib/gcc/nios2-elf/10.1.1/../../../../../H-x86_64-mingw32/nios2-elf/lib/mno-hw-mul\libsmallc.a(lib_a-puts.o)
 *fill*         0x000000000002425a        0x2 
 .rodata        0x000000000002425c       0x1b c:/Users/kedic/Desktop/em023_mucilage/software/em023_mucilage_bsp/\libhal_bsp.a(alt_main.o)
 *fill*         0x0000000000024277        0x1 
 .rodata        0x0000000000024278       0x1b c:/Users/kedic/Desktop/em023_mucilage/software/em023_mucilage_bsp/\libhal_bsp.a(alt_sys_init.o)
 *fill*         0x0000000000024293        0x1 
 .rodata        0x0000000000024294        0xa c:/Users/kedic/Desktop/em023_mucilage/software/em023_mucilage_bsp/\libhal_bsp.a(alt_dev.o)
 *(.rodata1)
                0x00000000000242a0                . = ALIGN (0x4)
 *fill*         0x000000000002429e        0x2 
                0x00000000000242a0                PROVIDE (__ram_rodata_end = ABSOLUTE (.))
                0x0000000000023e6c                PROVIDE (__flash_rodata_start = LOADADDR (.rodata))

.rwdata         0x00000000000242a0      0x2e4 load address 0x0000000000024584
                0x00000000000242a0                PROVIDE (__ram_rwdata_start = ABSOLUTE (.))
                0x00000000000242a0                . = ALIGN (0x4)
 *(.got.plt)
 *(.got)
 *(.data1)
 *(.data .data.* .gnu.linkonce.d.*)
 .data          0x00000000000242a0        0x0 c:/Users/kedic/Desktop/em023_mucilage/software/em023_mucilage_bsp//obj/HAL/src/crt0.o
 .data          0x00000000000242a0        0x0 obj/default/I2C_core.o
 .data          0x00000000000242a0        0x0 obj/default/I2C_tests.o
 .data          0x00000000000242a0        0x0 obj/default/water_sensor.o
 .data          0x00000000000242a0        0x0 c:/intelfpga_lite/20.1/nios2eds/bin/gnu/h-x86_64-mingw32/bin/../lib/gcc/nios2-elf/10.1.1/mno-hw-mul\libgcc.a(lib2-divmod.o)
 .data          0x00000000000242a0        0x0 c:/intelfpga_lite/20.1/nios2eds/bin/gnu/h-x86_64-mingw32/bin/../lib/gcc/nios2-elf/10.1.1/mno-hw-mul\libgcc.a(fixsfsi.o)
 .data          0x00000000000242a0        0x0 c:/intelfpga_lite/20.1/nios2eds/bin/gnu/h-x86_64-mingw32/bin/../lib/gcc/nios2-elf/10.1.1/../../../../../H-x86_64-mingw32/nios2-elf/lib/mno-hw-mul\libsmallc.a(lib_a-memset.o)
 .data          0x00000000000242a0        0x0 c:/intelfpga_lite/20.1/nios2eds/bin/gnu/h-x86_64-mingw32/bin/../lib/gcc/nios2-elf/10.1.1/../../../../../H-x86_64-mingw32/nios2-elf/lib/mno-hw-mul\libsmallc.a(lib_a-printf.o)
 .data          0x00000000000242a0        0x0 c:/intelfpga_lite/20.1/nios2eds/bin/gnu/h-x86_64-mingw32/bin/../lib/gcc/nios2-elf/10.1.1/../../../../../H-x86_64-mingw32/nios2-elf/lib/mno-hw-mul\libsmallc.a(lib_a-putchar.o)
 .data          0x00000000000242a0        0x0 c:/intelfpga_lite/20.1/nios2eds/bin/gnu/h-x86_64-mingw32/bin/../lib/gcc/nios2-elf/10.1.1/../../../../../H-x86_64-mingw32/nios2-elf/lib/mno-hw-mul\libsmallc.a(lib_a-puts.o)
 .data          0x00000000000242a0        0x0 c:/intelfpga_lite/20.1/nios2eds/bin/gnu/h-x86_64-mingw32/bin/../lib/gcc/nios2-elf/10.1.1/../../../../../H-x86_64-mingw32/nios2-elf/lib/mno-hw-mul\libsmallc.a(lib_a-strlen.o)
 .data          0x00000000000242a0        0x0 c:/intelfpga_lite/20.1/nios2eds/bin/gnu/h-x86_64-mingw32/bin/../lib/gcc/nios2-elf/10.1.1/../../../../../H-x86_64-mingw32/nios2-elf/lib/mno-hw-mul\libsmallc.a(lib_a-vfprintf.o)
 .data          0x00000000000242a0        0x0 c:/intelfpga_lite/20.1/nios2eds/bin/gnu/h-x86_64-mingw32/bin/../lib/gcc/nios2-elf/10.1.1/../../../../../H-x86_64-mingw32/nios2-elf/lib/mno-hw-mul\libsmallc.a(lib_a-fvwrite_small_dev.o)
 .data          0x00000000000242a0        0x0 c:/intelfpga_lite/20.1/nios2eds/bin/gnu/h-x86_64-mingw32/bin/../lib/gcc/nios2-elf/10.1.1/../../../../../H-x86_64-mingw32/nios2-elf/lib/mno-hw-mul\libsmallc.a(lib_a-impure.o)
 .data.impure_data
                0x00000000000242a0       0xe4 c:/intelfpga_lite/20.1/nios2eds/bin/gnu/h-x86_64-mingw32/bin/../lib/gcc/nios2-elf/10.1.1/../../../../../H-x86_64-mingw32/nios2-elf/lib/mno-hw-mul\libsmallc.a(lib_a-impure.o)
 .data          0x0000000000024384        0x0 c:/intelfpga_lite/20.1/nios2eds/bin/gnu/h-x86_64-mingw32/bin/../lib/gcc/nios2-elf/10.1.1/../../../../../H-x86_64-mingw32/nios2-elf/lib/mno-hw-mul\libsmallc.a(lib_a-putc.o)
 .data          0x0000000000024384        0x0 c:/intelfpga_lite/20.1/nios2eds/bin/gnu/h-x86_64-mingw32/bin/../lib/gcc/nios2-elf/10.1.1/../../../../../H-x86_64-mingw32/nios2-elf/lib/mno-hw-mul\libsmallc.a(lib_a-writer.o)
 .data          0x0000000000024384        0x0 c:/intelfpga_lite/20.1/nios2eds/bin/gnu/h-x86_64-mingw32/bin/../lib/gcc/nios2-elf/10.1.1/../../../../../H-x86_64-mingw32/nios2-elf/lib/mno-hw-mul\libsmallc.a(lib_a-int_errno.o)
 .data          0x0000000000024384        0x0 c:/intelfpga_lite/20.1/nios2eds/bin/gnu/h-x86_64-mingw32/bin/../lib/gcc/nios2-elf/10.1.1/mno-hw-mul\libgcc.a(lib2-mul.o)
 .data          0x0000000000024384        0x0 c:/Users/kedic/Desktop/em023_mucilage/software/em023_mucilage_bsp/\libhal_bsp.a(alt_load.o)
 .data          0x0000000000024384        0x0 c:/Users/kedic/Desktop/em023_mucilage/software/em023_mucilage_bsp/\libhal_bsp.a(alt_main.o)
 .data          0x0000000000024384        0x0 c:/Users/kedic/Desktop/em023_mucilage/software/em023_mucilage_bsp/\libhal_bsp.a(alt_usleep.o)
 .data          0x0000000000024384        0x0 c:/Users/kedic/Desktop/em023_mucilage/software/em023_mucilage_bsp/\libhal_bsp.a(alt_write.o)
 .data          0x0000000000024384       0x2c c:/Users/kedic/Desktop/em023_mucilage/software/em023_mucilage_bsp/\libhal_bsp.a(alt_sys_init.o)
 .data          0x00000000000243b0        0x0 c:/Users/kedic/Desktop/em023_mucilage/software/em023_mucilage_bsp/\libhal_bsp.a(altera_avalon_jtag_uart_fd.o)
 .data          0x00000000000243b0        0x0 c:/Users/kedic/Desktop/em023_mucilage/software/em023_mucilage_bsp/\libhal_bsp.a(altera_avalon_jtag_uart_read.o)
 .data          0x00000000000243b0        0x0 c:/Users/kedic/Desktop/em023_mucilage/software/em023_mucilage_bsp/\libhal_bsp.a(altera_avalon_jtag_uart_write.o)
 .data          0x00000000000243b0        0x0 c:/Users/kedic/Desktop/em023_mucilage/software/em023_mucilage_bsp/\libhal_bsp.a(altera_avalon_timer_sc.o)
 .data          0x00000000000243b0        0x0 c:/Users/kedic/Desktop/em023_mucilage/software/em023_mucilage_bsp/\libhal_bsp.a(alt_busy_sleep.o)
 .data          0x00000000000243b0        0x0 c:/Users/kedic/Desktop/em023_mucilage/software/em023_mucilage_bsp/\libhal_bsp.a(alt_close.o)
 .data          0x00000000000243b0        0x0 c:/Users/kedic/Desktop/em023_mucilage/software/em023_mucilage_bsp/\libhal_bsp.a(alt_dcache_flush_all.o)
 .data          0x00000000000243b0      0x1a8 c:/Users/kedic/Desktop/em023_mucilage/software/em023_mucilage_bsp/\libhal_bsp.a(alt_dev.o)
                0x00000000000243b0                alt_dev_null
                0x00000000000243d8                alt_fd_list
 .data          0x0000000000024558        0x0 c:/Users/kedic/Desktop/em023_mucilage/software/em023_mucilage_bsp/\libhal_bsp.a(alt_dev_llist_insert.o)
 .data          0x0000000000024558        0x0 c:/Users/kedic/Desktop/em023_mucilage/software/em023_mucilage_bsp/\libhal_bsp.a(alt_do_ctors.o)
 .data          0x0000000000024558        0x0 c:/Users/kedic/Desktop/em023_mucilage/software/em023_mucilage_bsp/\libhal_bsp.a(alt_do_dtors.o)
 .data          0x0000000000024558        0x0 c:/Users/kedic/Desktop/em023_mucilage/software/em023_mucilage_bsp/\libhal_bsp.a(alt_errno.o)
 .data          0x0000000000024558        0x0 c:/Users/kedic/Desktop/em023_mucilage/software/em023_mucilage_bsp/\libhal_bsp.a(alt_icache_flush_all.o)
 .data          0x0000000000024558        0x0 c:/Users/kedic/Desktop/em023_mucilage/software/em023_mucilage_bsp/\libhal_bsp.a(alt_iic.o)
 .data          0x0000000000024558        0x0 c:/Users/kedic/Desktop/em023_mucilage/software/em023_mucilage_bsp/\libhal_bsp.a(alt_iic_isr_register.o)
 .data          0x0000000000024558        0x0 c:/Users/kedic/Desktop/em023_mucilage/software/em023_mucilage_bsp/\libhal_bsp.a(alt_io_redirect.o)
 .data          0x0000000000024558        0x0 c:/Users/kedic/Desktop/em023_mucilage/software/em023_mucilage_bsp/\libhal_bsp.a(alt_irq_entry.o)
 .data          0x0000000000024558        0x0 c:/Users/kedic/Desktop/em023_mucilage/software/em023_mucilage_bsp/\libhal_bsp.a(alt_irq_handler.o)
 .data          0x0000000000024558        0x0 c:/Users/kedic/Desktop/em023_mucilage/software/em023_mucilage_bsp/\libhal_bsp.a(alt_irq_vars.o)
 .data          0x0000000000024558        0x0 c:/Users/kedic/Desktop/em023_mucilage/software/em023_mucilage_bsp/\libhal_bsp.a(alt_open.o)
 .data          0x0000000000024558        0x0 c:/Users/kedic/Desktop/em023_mucilage/software/em023_mucilage_bsp/\libhal_bsp.a(alt_release_fd.o)
 .data          0x0000000000024558        0x0 c:/Users/kedic/Desktop/em023_mucilage/software/em023_mucilage_bsp/\libhal_bsp.a(alt_tick.o)
 .data          0x0000000000024558        0x0 c:/Users/kedic/Desktop/em023_mucilage/software/em023_mucilage_bsp/\libhal_bsp.a(altera_nios2_gen2_irq.o)
 .data          0x0000000000024558        0x0 c:/Users/kedic/Desktop/em023_mucilage/software/em023_mucilage_bsp/\libhal_bsp.a(alt_exception_entry.o)
 .data          0x0000000000024558        0x0 c:/Users/kedic/Desktop/em023_mucilage/software/em023_mucilage_bsp/\libhal_bsp.a(alt_find_dev.o)
 .data          0x0000000000024558        0x0 c:/Users/kedic/Desktop/em023_mucilage/software/em023_mucilage_bsp/\libhal_bsp.a(alt_find_file.o)
 .data          0x0000000000024558        0x0 c:/Users/kedic/Desktop/em023_mucilage/software/em023_mucilage_bsp/\libhal_bsp.a(alt_get_fd.o)
 .data          0x0000000000024558        0x0 c:/Users/kedic/Desktop/em023_mucilage/software/em023_mucilage_bsp/\libhal_bsp.a(alt_instruction_exception_entry.o)
 .data          0x0000000000024558        0x0 c:/intelfpga_lite/20.1/nios2eds/bin/gnu/h-x86_64-mingw32/bin/../lib/gcc/nios2-elf/10.1.1/../../../../../H-x86_64-mingw32/nios2-elf/lib/mno-hw-mul\libsmallc.a(lib_a-atexit.o)
 .data          0x0000000000024558        0x0 c:/intelfpga_lite/20.1/nios2eds/bin/gnu/h-x86_64-mingw32/bin/../lib/gcc/nios2-elf/10.1.1/../../../../../H-x86_64-mingw32/nios2-elf/lib/mno-hw-mul\libsmallc.a(lib_a-exit.o)
 .data          0x0000000000024558        0x0 c:/intelfpga_lite/20.1/nios2eds/bin/gnu/h-x86_64-mingw32/bin/../lib/gcc/nios2-elf/10.1.1/../../../../../H-x86_64-mingw32/nios2-elf/lib/mno-hw-mul\libsmallc.a(lib_a-memcmp.o)
 .data          0x0000000000024558        0x0 c:/intelfpga_lite/20.1/nios2eds/bin/gnu/h-x86_64-mingw32/bin/../lib/gcc/nios2-elf/10.1.1/../../../../../H-x86_64-mingw32/nios2-elf/lib/mno-hw-mul\libsmallc.a(lib_a-__atexit.o)
 .data          0x0000000000024558        0x0 c:/intelfpga_lite/20.1/nios2eds/bin/gnu/h-x86_64-mingw32/bin/../lib/gcc/nios2-elf/10.1.1/../../../../../H-x86_64-mingw32/nios2-elf/lib/mno-hw-mul\libsmallc.a(lib_a-__call_atexit.o)
 .data          0x0000000000024558        0x0 c:/Users/kedic/Desktop/em023_mucilage/software/em023_mucilage_bsp/\libhal_bsp.a(alt_exit.o)
                0x000000000002c558                _gp = ABSOLUTE ((. + 0x8000))
                [!provide]                        PROVIDE (gp = _gp)
 *(.rwdata .rwdata.*)
 *(.sdata .sdata.* .gnu.linkonce.s.*)
 .sdata._global_impure_ptr
                0x0000000000024558        0x4 c:/intelfpga_lite/20.1/nios2eds/bin/gnu/h-x86_64-mingw32/bin/../lib/gcc/nios2-elf/10.1.1/../../../../../H-x86_64-mingw32/nios2-elf/lib/mno-hw-mul\libsmallc.a(lib_a-impure.o)
                0x0000000000024558                _global_impure_ptr
 .sdata._impure_ptr
                0x000000000002455c        0x4 c:/intelfpga_lite/20.1/nios2eds/bin/gnu/h-x86_64-mingw32/bin/../lib/gcc/nios2-elf/10.1.1/../../../../../H-x86_64-mingw32/nios2-elf/lib/mno-hw-mul\libsmallc.a(lib_a-impure.o)
                0x000000000002455c                _impure_ptr
 .sdata         0x0000000000024560       0x14 c:/Users/kedic/Desktop/em023_mucilage/software/em023_mucilage_bsp/\libhal_bsp.a(alt_dev.o)
                0x0000000000024560                alt_fs_list
                0x0000000000024568                alt_dev_list
                0x0000000000024570                alt_max_fd
 .sdata         0x0000000000024574        0x4 c:/Users/kedic/Desktop/em023_mucilage/software/em023_mucilage_bsp/\libhal_bsp.a(alt_errno.o)
                0x0000000000024574                alt_errno
 .sdata         0x0000000000024578        0x4 c:/Users/kedic/Desktop/em023_mucilage/software/em023_mucilage_bsp/\libhal_bsp.a(alt_irq_vars.o)
                0x0000000000024578                alt_priority_mask
 .sdata         0x000000000002457c        0x8 c:/Users/kedic/Desktop/em023_mucilage/software/em023_mucilage_bsp/\libhal_bsp.a(alt_tick.o)
                0x000000000002457c                alt_alarm_list
 *(.sdata2 .sdata2.* .gnu.linkonce.s2.*)
                0x0000000000024584                . = ALIGN (0x4)
                0x0000000000024584                _edata = ABSOLUTE (.)
                [!provide]                        PROVIDE (edata = ABSOLUTE (.))
                0x0000000000024584                PROVIDE (__ram_rwdata_end = ABSOLUTE (.))
                0x0000000000024584                PROVIDE (__flash_rwdata_start = LOADADDR (.rwdata))

.bss            0x0000000000024868      0x120
                0x0000000000024868                __bss_start = ABSOLUTE (.)
                [!provide]                        PROVIDE (__sbss_start = ABSOLUTE (.))
                [!provide]                        PROVIDE (___sbss_start = ABSOLUTE (.))
 *(.dynsbss)
 *(.sbss .sbss.* .gnu.linkonce.sb.*)
 .sbss.errno    0x0000000000024868        0x4 c:/intelfpga_lite/20.1/nios2eds/bin/gnu/h-x86_64-mingw32/bin/../lib/gcc/nios2-elf/10.1.1/../../../../../H-x86_64-mingw32/nios2-elf/lib/mno-hw-mul\libsmallc.a(lib_a-int_errno.o)
                0x0000000000024868                errno
 .sbss          0x000000000002486c        0xc c:/Users/kedic/Desktop/em023_mucilage/software/em023_mucilage_bsp/\libhal_bsp.a(alt_main.o)
                0x000000000002486c                alt_argc
                0x0000000000024870                alt_argv
                0x0000000000024874                alt_envp
 .sbss          0x0000000000024878        0x4 c:/Users/kedic/Desktop/em023_mucilage/software/em023_mucilage_bsp/\libhal_bsp.a(alt_irq_vars.o)
                0x0000000000024878                alt_irq_active
 .sbss          0x000000000002487c        0x8 c:/Users/kedic/Desktop/em023_mucilage/software/em023_mucilage_bsp/\libhal_bsp.a(alt_tick.o)
                0x000000000002487c                _alt_tick_rate
                0x0000000000024880                _alt_nticks
 .sbss          0x0000000000024884        0x4 c:/Users/kedic/Desktop/em023_mucilage/software/em023_mucilage_bsp/\libhal_bsp.a(alt_instruction_exception_entry.o)
                0x0000000000024884                alt_instruction_exception_handler
 *(.sbss2 .sbss2.* .gnu.linkonce.sb2.*)
 *(.scommon)
                [!provide]                        PROVIDE (__sbss_end = ABSOLUTE (.))
                [!provide]                        PROVIDE (___sbss_end = ABSOLUTE (.))
 *(.dynbss)
 *(.bss .bss.* .gnu.linkonce.b.*)
 .bss           0x0000000000024888        0x0 c:/Users/kedic/Desktop/em023_mucilage/software/em023_mucilage_bsp//obj/HAL/src/crt0.o
 .bss           0x0000000000024888        0x0 obj/default/I2C_core.o
 .bss           0x0000000000024888        0x0 obj/default/I2C_tests.o
 .bss           0x0000000000024888        0x0 obj/default/water_sensor.o
 .bss           0x0000000000024888        0x0 c:/intelfpga_lite/20.1/nios2eds/bin/gnu/h-x86_64-mingw32/bin/../lib/gcc/nios2-elf/10.1.1/mno-hw-mul\libgcc.a(lib2-divmod.o)
 .bss           0x0000000000024888        0x0 c:/intelfpga_lite/20.1/nios2eds/bin/gnu/h-x86_64-mingw32/bin/../lib/gcc/nios2-elf/10.1.1/mno-hw-mul\libgcc.a(fixsfsi.o)
 .bss           0x0000000000024888        0x0 c:/intelfpga_lite/20.1/nios2eds/bin/gnu/h-x86_64-mingw32/bin/../lib/gcc/nios2-elf/10.1.1/../../../../../H-x86_64-mingw32/nios2-elf/lib/mno-hw-mul\libsmallc.a(lib_a-memset.o)
 .bss           0x0000000000024888        0x0 c:/intelfpga_lite/20.1/nios2eds/bin/gnu/h-x86_64-mingw32/bin/../lib/gcc/nios2-elf/10.1.1/../../../../../H-x86_64-mingw32/nios2-elf/lib/mno-hw-mul\libsmallc.a(lib_a-printf.o)
 .bss           0x0000000000024888        0x0 c:/intelfpga_lite/20.1/nios2eds/bin/gnu/h-x86_64-mingw32/bin/../lib/gcc/nios2-elf/10.1.1/../../../../../H-x86_64-mingw32/nios2-elf/lib/mno-hw-mul\libsmallc.a(lib_a-putchar.o)
 .bss           0x0000000000024888        0x0 c:/intelfpga_lite/20.1/nios2eds/bin/gnu/h-x86_64-mingw32/bin/../lib/gcc/nios2-elf/10.1.1/../../../../../H-x86_64-mingw32/nios2-elf/lib/mno-hw-mul\libsmallc.a(lib_a-puts.o)
 .bss           0x0000000000024888        0x0 c:/intelfpga_lite/20.1/nios2eds/bin/gnu/h-x86_64-mingw32/bin/../lib/gcc/nios2-elf/10.1.1/../../../../../H-x86_64-mingw32/nios2-elf/lib/mno-hw-mul\libsmallc.a(lib_a-strlen.o)
 .bss           0x0000000000024888        0x0 c:/intelfpga_lite/20.1/nios2eds/bin/gnu/h-x86_64-mingw32/bin/../lib/gcc/nios2-elf/10.1.1/../../../../../H-x86_64-mingw32/nios2-elf/lib/mno-hw-mul\libsmallc.a(lib_a-vfprintf.o)
 .bss           0x0000000000024888        0x0 c:/intelfpga_lite/20.1/nios2eds/bin/gnu/h-x86_64-mingw32/bin/../lib/gcc/nios2-elf/10.1.1/../../../../../H-x86_64-mingw32/nios2-elf/lib/mno-hw-mul\libsmallc.a(lib_a-fvwrite_small_dev.o)
 .bss           0x0000000000024888        0x0 c:/intelfpga_lite/20.1/nios2eds/bin/gnu/h-x86_64-mingw32/bin/../lib/gcc/nios2-elf/10.1.1/../../../../../H-x86_64-mingw32/nios2-elf/lib/mno-hw-mul\libsmallc.a(lib_a-impure.o)
 .bss           0x0000000000024888        0x0 c:/intelfpga_lite/20.1/nios2eds/bin/gnu/h-x86_64-mingw32/bin/../lib/gcc/nios2-elf/10.1.1/../../../../../H-x86_64-mingw32/nios2-elf/lib/mno-hw-mul\libsmallc.a(lib_a-putc.o)
 .bss           0x0000000000024888        0x0 c:/intelfpga_lite/20.1/nios2eds/bin/gnu/h-x86_64-mingw32/bin/../lib/gcc/nios2-elf/10.1.1/../../../../../H-x86_64-mingw32/nios2-elf/lib/mno-hw-mul\libsmallc.a(lib_a-writer.o)
 .bss           0x0000000000024888        0x0 c:/intelfpga_lite/20.1/nios2eds/bin/gnu/h-x86_64-mingw32/bin/../lib/gcc/nios2-elf/10.1.1/../../../../../H-x86_64-mingw32/nios2-elf/lib/mno-hw-mul\libsmallc.a(lib_a-int_errno.o)
 .bss           0x0000000000024888        0x0 c:/intelfpga_lite/20.1/nios2eds/bin/gnu/h-x86_64-mingw32/bin/../lib/gcc/nios2-elf/10.1.1/mno-hw-mul\libgcc.a(lib2-mul.o)
 .bss           0x0000000000024888        0x0 c:/Users/kedic/Desktop/em023_mucilage/software/em023_mucilage_bsp/\libhal_bsp.a(alt_load.o)
 .bss           0x0000000000024888        0x0 c:/Users/kedic/Desktop/em023_mucilage/software/em023_mucilage_bsp/\libhal_bsp.a(alt_main.o)
 .bss           0x0000000000024888        0x0 c:/Users/kedic/Desktop/em023_mucilage/software/em023_mucilage_bsp/\libhal_bsp.a(alt_usleep.o)
 .bss           0x0000000000024888        0x0 c:/Users/kedic/Desktop/em023_mucilage/software/em023_mucilage_bsp/\libhal_bsp.a(alt_write.o)
 .bss           0x0000000000024888        0x0 c:/Users/kedic/Desktop/em023_mucilage/software/em023_mucilage_bsp/\libhal_bsp.a(alt_sys_init.o)
 .bss           0x0000000000024888        0x0 c:/Users/kedic/Desktop/em023_mucilage/software/em023_mucilage_bsp/\libhal_bsp.a(altera_avalon_jtag_uart_fd.o)
 .bss           0x0000000000024888        0x0 c:/Users/kedic/Desktop/em023_mucilage/software/em023_mucilage_bsp/\libhal_bsp.a(altera_avalon_jtag_uart_read.o)
 .bss           0x0000000000024888        0x0 c:/Users/kedic/Desktop/em023_mucilage/software/em023_mucilage_bsp/\libhal_bsp.a(altera_avalon_jtag_uart_write.o)
 .bss           0x0000000000024888        0x0 c:/Users/kedic/Desktop/em023_mucilage/software/em023_mucilage_bsp/\libhal_bsp.a(altera_avalon_timer_sc.o)
 .bss           0x0000000000024888        0x0 c:/Users/kedic/Desktop/em023_mucilage/software/em023_mucilage_bsp/\libhal_bsp.a(alt_busy_sleep.o)
 .bss           0x0000000000024888        0x0 c:/Users/kedic/Desktop/em023_mucilage/software/em023_mucilage_bsp/\libhal_bsp.a(alt_close.o)
 .bss           0x0000000000024888        0x0 c:/Users/kedic/Desktop/em023_mucilage/software/em023_mucilage_bsp/\libhal_bsp.a(alt_dcache_flush_all.o)
 .bss           0x0000000000024888        0x0 c:/Users/kedic/Desktop/em023_mucilage/software/em023_mucilage_bsp/\libhal_bsp.a(alt_dev.o)
 .bss           0x0000000000024888        0x0 c:/Users/kedic/Desktop/em023_mucilage/software/em023_mucilage_bsp/\libhal_bsp.a(alt_dev_llist_insert.o)
 .bss           0x0000000000024888        0x0 c:/Users/kedic/Desktop/em023_mucilage/software/em023_mucilage_bsp/\libhal_bsp.a(alt_do_ctors.o)
 .bss           0x0000000000024888        0x0 c:/Users/kedic/Desktop/em023_mucilage/software/em023_mucilage_bsp/\libhal_bsp.a(alt_do_dtors.o)
 .bss           0x0000000000024888        0x0 c:/Users/kedic/Desktop/em023_mucilage/software/em023_mucilage_bsp/\libhal_bsp.a(alt_errno.o)
 .bss           0x0000000000024888        0x0 c:/Users/kedic/Desktop/em023_mucilage/software/em023_mucilage_bsp/\libhal_bsp.a(alt_icache_flush_all.o)
 .bss           0x0000000000024888        0x0 c:/Users/kedic/Desktop/em023_mucilage/software/em023_mucilage_bsp/\libhal_bsp.a(alt_iic.o)
 .bss           0x0000000000024888        0x0 c:/Users/kedic/Desktop/em023_mucilage/software/em023_mucilage_bsp/\libhal_bsp.a(alt_iic_isr_register.o)
 .bss           0x0000000000024888        0x0 c:/Users/kedic/Desktop/em023_mucilage/software/em023_mucilage_bsp/\libhal_bsp.a(alt_io_redirect.o)
 .bss           0x0000000000024888        0x0 c:/Users/kedic/Desktop/em023_mucilage/software/em023_mucilage_bsp/\libhal_bsp.a(alt_irq_entry.o)
 .bss           0x0000000000024888      0x100 c:/Users/kedic/Desktop/em023_mucilage/software/em023_mucilage_bsp/\libhal_bsp.a(alt_irq_handler.o)
                0x0000000000024888                alt_irq
 .bss           0x0000000000024988        0x0 c:/Users/kedic/Desktop/em023_mucilage/software/em023_mucilage_bsp/\libhal_bsp.a(alt_irq_vars.o)
 .bss           0x0000000000024988        0x0 c:/Users/kedic/Desktop/em023_mucilage/software/em023_mucilage_bsp/\libhal_bsp.a(alt_open.o)
 .bss           0x0000000000024988        0x0 c:/Users/kedic/Desktop/em023_mucilage/software/em023_mucilage_bsp/\libhal_bsp.a(alt_release_fd.o)
 .bss           0x0000000000024988        0x0 c:/Users/kedic/Desktop/em023_mucilage/software/em023_mucilage_bsp/\libhal_bsp.a(alt_tick.o)
 .bss           0x0000000000024988        0x0 c:/Users/kedic/Desktop/em023_mucilage/software/em023_mucilage_bsp/\libhal_bsp.a(altera_nios2_gen2_irq.o)
 .bss           0x0000000000024988        0x0 c:/Users/kedic/Desktop/em023_mucilage/software/em023_mucilage_bsp/\libhal_bsp.a(alt_exception_entry.o)
 .bss           0x0000000000024988        0x0 c:/Users/kedic/Desktop/em023_mucilage/software/em023_mucilage_bsp/\libhal_bsp.a(alt_find_dev.o)
 .bss           0x0000000000024988        0x0 c:/Users/kedic/Desktop/em023_mucilage/software/em023_mucilage_bsp/\libhal_bsp.a(alt_find_file.o)
 .bss           0x0000000000024988        0x0 c:/Users/kedic/Desktop/em023_mucilage/software/em023_mucilage_bsp/\libhal_bsp.a(alt_get_fd.o)
 .bss           0x0000000000024988        0x0 c:/Users/kedic/Desktop/em023_mucilage/software/em023_mucilage_bsp/\libhal_bsp.a(alt_instruction_exception_entry.o)
 .bss           0x0000000000024988        0x0 c:/intelfpga_lite/20.1/nios2eds/bin/gnu/h-x86_64-mingw32/bin/../lib/gcc/nios2-elf/10.1.1/../../../../../H-x86_64-mingw32/nios2-elf/lib/mno-hw-mul\libsmallc.a(lib_a-atexit.o)
 .bss           0x0000000000024988        0x0 c:/intelfpga_lite/20.1/nios2eds/bin/gnu/h-x86_64-mingw32/bin/../lib/gcc/nios2-elf/10.1.1/../../../../../H-x86_64-mingw32/nios2-elf/lib/mno-hw-mul\libsmallc.a(lib_a-exit.o)
 .bss           0x0000000000024988        0x0 c:/intelfpga_lite/20.1/nios2eds/bin/gnu/h-x86_64-mingw32/bin/../lib/gcc/nios2-elf/10.1.1/../../../../../H-x86_64-mingw32/nios2-elf/lib/mno-hw-mul\libsmallc.a(lib_a-memcmp.o)
 .bss           0x0000000000024988        0x0 c:/intelfpga_lite/20.1/nios2eds/bin/gnu/h-x86_64-mingw32/bin/../lib/gcc/nios2-elf/10.1.1/../../../../../H-x86_64-mingw32/nios2-elf/lib/mno-hw-mul\libsmallc.a(lib_a-__atexit.o)
 .bss           0x0000000000024988        0x0 c:/intelfpga_lite/20.1/nios2eds/bin/gnu/h-x86_64-mingw32/bin/../lib/gcc/nios2-elf/10.1.1/../../../../../H-x86_64-mingw32/nios2-elf/lib/mno-hw-mul\libsmallc.a(lib_a-__call_atexit.o)
 .bss           0x0000000000024988        0x0 c:/Users/kedic/Desktop/em023_mucilage/software/em023_mucilage_bsp/\libhal_bsp.a(alt_exit.o)
 *(COMMON)
                0x0000000000024988                . = ALIGN (0x4)
                0x0000000000024988                __bss_end = ABSOLUTE (.)

.nios_system_shared_memory
                0x0000000000002000        0x0 load address 0x0000000000024988
                [!provide]                        PROVIDE (_alt_partition_nios_system_shared_memory_start = ABSOLUTE (.))
 *(.nios_system_shared_memory .nios_system_shared_memory. nios_system_shared_memory.*)
                0x0000000000002000                . = ALIGN (0x4)
                [!provide]                        PROVIDE (_alt_partition_nios_system_shared_memory_end = ABSOLUTE (.))
                [!provide]                        PROVIDE (_alt_partition_nios_system_shared_memory_load_addr = LOADADDR (.nios_system_shared_memory))

.nios_system_onchip_memory2
                0x0000000000024988        0x0
                [!provide]                        PROVIDE (_alt_partition_nios_system_onchip_memory2_start = ABSOLUTE (.))
 *(.nios_system_onchip_memory2 .nios_system_onchip_memory2. nios_system_onchip_memory2.*)
                0x0000000000024988                . = ALIGN (0x4)
                [!provide]                        PROVIDE (_alt_partition_nios_system_onchip_memory2_end = ABSOLUTE (.))
                0x0000000000024988                _end = ABSOLUTE (.)
                0x0000000000024988                end = ABSOLUTE (.)
                0x0000000000024988                __alt_stack_base = ABSOLUTE (.)
                [!provide]                        PROVIDE (_alt_partition_nios_system_onchip_memory2_load_addr = LOADADDR (.nios_system_onchip_memory2))

.stab
 *(.stab)

.stabstr
 *(.stabstr)

.stab.excl
 *(.stab.excl)

.stab.exclstr
 *(.stab.exclstr)

.stab.index
 *(.stab.index)

.stab.indexstr
 *(.stab.indexstr)

.comment        0x0000000000000000       0x2d
 *(.comment)
 .comment       0x0000000000000000       0x2d obj/default/I2C_core.o
                                         0x2e (size before relaxing)
 .comment       0x000000000000002d       0x2e obj/default/I2C_tests.o
 .comment       0x000000000000002d       0x2e obj/default/water_sensor.o
 .comment       0x000000000000002d       0x2e c:/intelfpga_lite/20.1/nios2eds/bin/gnu/h-x86_64-mingw32/bin/../lib/gcc/nios2-elf/10.1.1/mno-hw-mul\libgcc.a(lib2-divmod.o)
 .comment       0x000000000000002d       0x2e c:/intelfpga_lite/20.1/nios2eds/bin/gnu/h-x86_64-mingw32/bin/../lib/gcc/nios2-elf/10.1.1/mno-hw-mul\libgcc.a(fixsfsi.o)
 .comment       0x000000000000002d       0x2e c:/intelfpga_lite/20.1/nios2eds/bin/gnu/h-x86_64-mingw32/bin/../lib/gcc/nios2-elf/10.1.1/../../../../../H-x86_64-mingw32/nios2-elf/lib/mno-hw-mul\libsmallc.a(lib_a-memset.o)
 .comment       0x000000000000002d       0x2e c:/intelfpga_lite/20.1/nios2eds/bin/gnu/h-x86_64-mingw32/bin/../lib/gcc/nios2-elf/10.1.1/../../../../../H-x86_64-mingw32/nios2-elf/lib/mno-hw-mul\libsmallc.a(lib_a-printf.o)
 .comment       0x000000000000002d       0x2e c:/intelfpga_lite/20.1/nios2eds/bin/gnu/h-x86_64-mingw32/bin/../lib/gcc/nios2-elf/10.1.1/../../../../../H-x86_64-mingw32/nios2-elf/lib/mno-hw-mul\libsmallc.a(lib_a-putchar.o)
 .comment       0x000000000000002d       0x2e c:/intelfpga_lite/20.1/nios2eds/bin/gnu/h-x86_64-mingw32/bin/../lib/gcc/nios2-elf/10.1.1/../../../../../H-x86_64-mingw32/nios2-elf/lib/mno-hw-mul\libsmallc.a(lib_a-puts.o)
 .comment       0x000000000000002d       0x2e c:/intelfpga_lite/20.1/nios2eds/bin/gnu/h-x86_64-mingw32/bin/../lib/gcc/nios2-elf/10.1.1/../../../../../H-x86_64-mingw32/nios2-elf/lib/mno-hw-mul\libsmallc.a(lib_a-strlen.o)
 .comment       0x000000000000002d       0x2e c:/intelfpga_lite/20.1/nios2eds/bin/gnu/h-x86_64-mingw32/bin/../lib/gcc/nios2-elf/10.1.1/../../../../../H-x86_64-mingw32/nios2-elf/lib/mno-hw-mul\libsmallc.a(lib_a-vfprintf.o)
 .comment       0x000000000000002d       0x2e c:/intelfpga_lite/20.1/nios2eds/bin/gnu/h-x86_64-mingw32/bin/../lib/gcc/nios2-elf/10.1.1/../../../../../H-x86_64-mingw32/nios2-elf/lib/mno-hw-mul\libsmallc.a(lib_a-fvwrite_small_dev.o)
 .comment       0x000000000000002d       0x2e c:/intelfpga_lite/20.1/nios2eds/bin/gnu/h-x86_64-mingw32/bin/../lib/gcc/nios2-elf/10.1.1/../../../../../H-x86_64-mingw32/nios2-elf/lib/mno-hw-mul\libsmallc.a(lib_a-impure.o)
 .comment       0x000000000000002d       0x2e c:/intelfpga_lite/20.1/nios2eds/bin/gnu/h-x86_64-mingw32/bin/../lib/gcc/nios2-elf/10.1.1/../../../../../H-x86_64-mingw32/nios2-elf/lib/mno-hw-mul\libsmallc.a(lib_a-putc.o)
 .comment       0x000000000000002d       0x2e c:/intelfpga_lite/20.1/nios2eds/bin/gnu/h-x86_64-mingw32/bin/../lib/gcc/nios2-elf/10.1.1/../../../../../H-x86_64-mingw32/nios2-elf/lib/mno-hw-mul\libsmallc.a(lib_a-writer.o)
 .comment       0x000000000000002d       0x2e c:/intelfpga_lite/20.1/nios2eds/bin/gnu/h-x86_64-mingw32/bin/../lib/gcc/nios2-elf/10.1.1/../../../../../H-x86_64-mingw32/nios2-elf/lib/mno-hw-mul\libsmallc.a(lib_a-int_errno.o)
 .comment       0x000000000000002d       0x2e c:/intelfpga_lite/20.1/nios2eds/bin/gnu/h-x86_64-mingw32/bin/../lib/gcc/nios2-elf/10.1.1/mno-hw-mul\libgcc.a(lib2-mul.o)
 .comment       0x000000000000002d       0x2e c:/Users/kedic/Desktop/em023_mucilage/software/em023_mucilage_bsp/\libhal_bsp.a(alt_load.o)
 .comment       0x000000000000002d       0x2e c:/Users/kedic/Desktop/em023_mucilage/software/em023_mucilage_bsp/\libhal_bsp.a(alt_main.o)
 .comment       0x000000000000002d       0x2e c:/Users/kedic/Desktop/em023_mucilage/software/em023_mucilage_bsp/\libhal_bsp.a(alt_usleep.o)
 .comment       0x000000000000002d       0x2e c:/Users/kedic/Desktop/em023_mucilage/software/em023_mucilage_bsp/\libhal_bsp.a(alt_write.o)
 .comment       0x000000000000002d       0x2e c:/Users/kedic/Desktop/em023_mucilage/software/em023_mucilage_bsp/\libhal_bsp.a(alt_sys_init.o)
 .comment       0x000000000000002d       0x2e c:/Users/kedic/Desktop/em023_mucilage/software/em023_mucilage_bsp/\libhal_bsp.a(altera_avalon_jtag_uart_fd.o)
 .comment       0x000000000000002d       0x2e c:/Users/kedic/Desktop/em023_mucilage/software/em023_mucilage_bsp/\libhal_bsp.a(altera_avalon_jtag_uart_read.o)
 .comment       0x000000000000002d       0x2e c:/Users/kedic/Desktop/em023_mucilage/software/em023_mucilage_bsp/\libhal_bsp.a(altera_avalon_jtag_uart_write.o)
 .comment       0x000000000000002d       0x2e c:/Users/kedic/Desktop/em023_mucilage/software/em023_mucilage_bsp/\libhal_bsp.a(altera_avalon_timer_sc.o)
 .comment       0x000000000000002d       0x2e c:/Users/kedic/Desktop/em023_mucilage/software/em023_mucilage_bsp/\libhal_bsp.a(alt_busy_sleep.o)
 .comment       0x000000000000002d       0x2e c:/Users/kedic/Desktop/em023_mucilage/software/em023_mucilage_bsp/\libhal_bsp.a(alt_close.o)
 .comment       0x000000000000002d       0x2e c:/Users/kedic/Desktop/em023_mucilage/software/em023_mucilage_bsp/\libhal_bsp.a(alt_dcache_flush_all.o)
 .comment       0x000000000000002d       0x2e c:/Users/kedic/Desktop/em023_mucilage/software/em023_mucilage_bsp/\libhal_bsp.a(alt_dev.o)
 .comment       0x000000000000002d       0x2e c:/Users/kedic/Desktop/em023_mucilage/software/em023_mucilage_bsp/\libhal_bsp.a(alt_dev_llist_insert.o)
 .comment       0x000000000000002d       0x2e c:/Users/kedic/Desktop/em023_mucilage/software/em023_mucilage_bsp/\libhal_bsp.a(alt_do_ctors.o)
 .comment       0x000000000000002d       0x2e c:/Users/kedic/Desktop/em023_mucilage/software/em023_mucilage_bsp/\libhal_bsp.a(alt_do_dtors.o)
 .comment       0x000000000000002d       0x2e c:/Users/kedic/Desktop/em023_mucilage/software/em023_mucilage_bsp/\libhal_bsp.a(alt_errno.o)
 .comment       0x000000000000002d       0x2e c:/Users/kedic/Desktop/em023_mucilage/software/em023_mucilage_bsp/\libhal_bsp.a(alt_icache_flush_all.o)
 .comment       0x000000000000002d       0x2e c:/Users/kedic/Desktop/em023_mucilage/software/em023_mucilage_bsp/\libhal_bsp.a(alt_iic.o)
 .comment       0x000000000000002d       0x2e c:/Users/kedic/Desktop/em023_mucilage/software/em023_mucilage_bsp/\libhal_bsp.a(alt_iic_isr_register.o)
 .comment       0x000000000000002d       0x2e c:/Users/kedic/Desktop/em023_mucilage/software/em023_mucilage_bsp/\libhal_bsp.a(alt_io_redirect.o)
 .comment       0x000000000000002d       0x2e c:/Users/kedic/Desktop/em023_mucilage/software/em023_mucilage_bsp/\libhal_bsp.a(alt_irq_handler.o)
 .comment       0x000000000000002d       0x2e c:/Users/kedic/Desktop/em023_mucilage/software/em023_mucilage_bsp/\libhal_bsp.a(alt_irq_vars.o)
 .comment       0x000000000000002d       0x2e c:/Users/kedic/Desktop/em023_mucilage/software/em023_mucilage_bsp/\libhal_bsp.a(alt_open.o)
 .comment       0x000000000000002d       0x2e c:/Users/kedic/Desktop/em023_mucilage/software/em023_mucilage_bsp/\libhal_bsp.a(alt_release_fd.o)
 .comment       0x000000000000002d       0x2e c:/Users/kedic/Desktop/em023_mucilage/software/em023_mucilage_bsp/\libhal_bsp.a(alt_tick.o)
 .comment       0x000000000000002d       0x2e c:/Users/kedic/Desktop/em023_mucilage/software/em023_mucilage_bsp/\libhal_bsp.a(altera_nios2_gen2_irq.o)
 .comment       0x000000000000002d       0x2e c:/Users/kedic/Desktop/em023_mucilage/software/em023_mucilage_bsp/\libhal_bsp.a(alt_find_dev.o)
 .comment       0x000000000000002d       0x2e c:/Users/kedic/Desktop/em023_mucilage/software/em023_mucilage_bsp/\libhal_bsp.a(alt_find_file.o)
 .comment       0x000000000000002d       0x2e c:/Users/kedic/Desktop/em023_mucilage/software/em023_mucilage_bsp/\libhal_bsp.a(alt_get_fd.o)
 .comment       0x000000000000002d       0x2e c:/Users/kedic/Desktop/em023_mucilage/software/em023_mucilage_bsp/\libhal_bsp.a(alt_instruction_exception_entry.o)
 .comment       0x000000000000002d       0x2e c:/intelfpga_lite/20.1/nios2eds/bin/gnu/h-x86_64-mingw32/bin/../lib/gcc/nios2-elf/10.1.1/../../../../../H-x86_64-mingw32/nios2-elf/lib/mno-hw-mul\libsmallc.a(lib_a-atexit.o)
 .comment       0x000000000000002d       0x2e c:/intelfpga_lite/20.1/nios2eds/bin/gnu/h-x86_64-mingw32/bin/../lib/gcc/nios2-elf/10.1.1/../../../../../H-x86_64-mingw32/nios2-elf/lib/mno-hw-mul\libsmallc.a(lib_a-exit.o)
 .comment       0x000000000000002d       0x2e c:/intelfpga_lite/20.1/nios2eds/bin/gnu/h-x86_64-mingw32/bin/../lib/gcc/nios2-elf/10.1.1/../../../../../H-x86_64-mingw32/nios2-elf/lib/mno-hw-mul\libsmallc.a(lib_a-memcmp.o)
 .comment       0x000000000000002d       0x2e c:/intelfpga_lite/20.1/nios2eds/bin/gnu/h-x86_64-mingw32/bin/../lib/gcc/nios2-elf/10.1.1/../../../../../H-x86_64-mingw32/nios2-elf/lib/mno-hw-mul\libsmallc.a(lib_a-__atexit.o)
 .comment       0x000000000000002d       0x2e c:/intelfpga_lite/20.1/nios2eds/bin/gnu/h-x86_64-mingw32/bin/../lib/gcc/nios2-elf/10.1.1/../../../../../H-x86_64-mingw32/nios2-elf/lib/mno-hw-mul\libsmallc.a(lib_a-__call_atexit.o)
 .comment       0x000000000000002d       0x2e c:/Users/kedic/Desktop/em023_mucilage/software/em023_mucilage_bsp/\libhal_bsp.a(alt_exit.o)

.debug
 *(.debug)

.line
 *(.line)

.debug_srcinfo
 *(.debug_srcinfo)

.debug_sfnames
 *(.debug_sfnames)

.debug_aranges  0x0000000000000000      0x768
 *(.debug_aranges)
 .debug_aranges
                0x0000000000000000       0x28 c:/Users/kedic/Desktop/em023_mucilage/software/em023_mucilage_bsp//obj/HAL/src/crt0.o
 .debug_aranges
                0x0000000000000028       0x20 obj/default/I2C_core.o
 .debug_aranges
                0x0000000000000048       0x20 obj/default/I2C_tests.o
 .debug_aranges
                0x0000000000000068       0x20 obj/default/water_sensor.o
 .debug_aranges
                0x0000000000000088       0x20 c:/intelfpga_lite/20.1/nios2eds/bin/gnu/h-x86_64-mingw32/bin/../lib/gcc/nios2-elf/10.1.1/mno-hw-mul\libgcc.a(lib2-divmod.o)
 .debug_aranges
                0x00000000000000a8       0x20 c:/intelfpga_lite/20.1/nios2eds/bin/gnu/h-x86_64-mingw32/bin/../lib/gcc/nios2-elf/10.1.1/mno-hw-mul\libgcc.a(fixsfsi.o)
 .debug_aranges
                0x00000000000000c8       0x20 c:/intelfpga_lite/20.1/nios2eds/bin/gnu/h-x86_64-mingw32/bin/../lib/gcc/nios2-elf/10.1.1/../../../../../H-x86_64-mingw32/nios2-elf/lib/mno-hw-mul\libsmallc.a(lib_a-memset.o)
 .debug_aranges
                0x00000000000000e8       0x28 c:/intelfpga_lite/20.1/nios2eds/bin/gnu/h-x86_64-mingw32/bin/../lib/gcc/nios2-elf/10.1.1/../../../../../H-x86_64-mingw32/nios2-elf/lib/mno-hw-mul\libsmallc.a(lib_a-printf.o)
 .debug_aranges
                0x0000000000000110       0x28 c:/intelfpga_lite/20.1/nios2eds/bin/gnu/h-x86_64-mingw32/bin/../lib/gcc/nios2-elf/10.1.1/../../../../../H-x86_64-mingw32/nios2-elf/lib/mno-hw-mul\libsmallc.a(lib_a-putchar.o)
 .debug_aranges
                0x0000000000000138       0x28 c:/intelfpga_lite/20.1/nios2eds/bin/gnu/h-x86_64-mingw32/bin/../lib/gcc/nios2-elf/10.1.1/../../../../../H-x86_64-mingw32/nios2-elf/lib/mno-hw-mul\libsmallc.a(lib_a-puts.o)
 .debug_aranges
                0x0000000000000160       0x20 c:/intelfpga_lite/20.1/nios2eds/bin/gnu/h-x86_64-mingw32/bin/../lib/gcc/nios2-elf/10.1.1/../../../../../H-x86_64-mingw32/nios2-elf/lib/mno-hw-mul\libsmallc.a(lib_a-strlen.o)
 .debug_aranges
                0x0000000000000180       0x30 c:/intelfpga_lite/20.1/nios2eds/bin/gnu/h-x86_64-mingw32/bin/../lib/gcc/nios2-elf/10.1.1/../../../../../H-x86_64-mingw32/nios2-elf/lib/mno-hw-mul\libsmallc.a(lib_a-vfprintf.o)
 .debug_aranges
                0x00000000000001b0       0x20 c:/intelfpga_lite/20.1/nios2eds/bin/gnu/h-x86_64-mingw32/bin/../lib/gcc/nios2-elf/10.1.1/../../../../../H-x86_64-mingw32/nios2-elf/lib/mno-hw-mul\libsmallc.a(lib_a-fvwrite_small_dev.o)
 .debug_aranges
                0x00000000000001d0       0x18 c:/intelfpga_lite/20.1/nios2eds/bin/gnu/h-x86_64-mingw32/bin/../lib/gcc/nios2-elf/10.1.1/../../../../../H-x86_64-mingw32/nios2-elf/lib/mno-hw-mul\libsmallc.a(lib_a-impure.o)
 .debug_aranges
                0x00000000000001e8       0x28 c:/intelfpga_lite/20.1/nios2eds/bin/gnu/h-x86_64-mingw32/bin/../lib/gcc/nios2-elf/10.1.1/../../../../../H-x86_64-mingw32/nios2-elf/lib/mno-hw-mul\libsmallc.a(lib_a-putc.o)
 .debug_aranges
                0x0000000000000210       0x20 c:/intelfpga_lite/20.1/nios2eds/bin/gnu/h-x86_64-mingw32/bin/../lib/gcc/nios2-elf/10.1.1/../../../../../H-x86_64-mingw32/nios2-elf/lib/mno-hw-mul\libsmallc.a(lib_a-writer.o)
 .debug_aranges
                0x0000000000000230       0x18 c:/intelfpga_lite/20.1/nios2eds/bin/gnu/h-x86_64-mingw32/bin/../lib/gcc/nios2-elf/10.1.1/../../../../../H-x86_64-mingw32/nios2-elf/lib/mno-hw-mul\libsmallc.a(lib_a-int_errno.o)
 .debug_aranges
                0x0000000000000248       0x20 c:/intelfpga_lite/20.1/nios2eds/bin/gnu/h-x86_64-mingw32/bin/../lib/gcc/nios2-elf/10.1.1/mno-hw-mul\libgcc.a(lib2-mul.o)
 .debug_aranges
                0x0000000000000268       0x20 c:/Users/kedic/Desktop/em023_mucilage/software/em023_mucilage_bsp/\libhal_bsp.a(alt_load.o)
 .debug_aranges
                0x0000000000000288       0x20 c:/Users/kedic/Desktop/em023_mucilage/software/em023_mucilage_bsp/\libhal_bsp.a(alt_main.o)
 .debug_aranges
                0x00000000000002a8       0x20 c:/Users/kedic/Desktop/em023_mucilage/software/em023_mucilage_bsp/\libhal_bsp.a(alt_usleep.o)
 .debug_aranges
                0x00000000000002c8       0x20 c:/Users/kedic/Desktop/em023_mucilage/software/em023_mucilage_bsp/\libhal_bsp.a(alt_write.o)
 .debug_aranges
                0x00000000000002e8       0x20 c:/Users/kedic/Desktop/em023_mucilage/software/em023_mucilage_bsp/\libhal_bsp.a(alt_sys_init.o)
 .debug_aranges
                0x0000000000000308       0x20 c:/Users/kedic/Desktop/em023_mucilage/software/em023_mucilage_bsp/\libhal_bsp.a(altera_avalon_jtag_uart_fd.o)
 .debug_aranges
                0x0000000000000328       0x20 c:/Users/kedic/Desktop/em023_mucilage/software/em023_mucilage_bsp/\libhal_bsp.a(altera_avalon_jtag_uart_read.o)
 .debug_aranges
                0x0000000000000348       0x20 c:/Users/kedic/Desktop/em023_mucilage/software/em023_mucilage_bsp/\libhal_bsp.a(altera_avalon_jtag_uart_write.o)
 .debug_aranges
                0x0000000000000368       0x20 c:/Users/kedic/Desktop/em023_mucilage/software/em023_mucilage_bsp/\libhal_bsp.a(altera_avalon_timer_sc.o)
 .debug_aranges
                0x0000000000000388       0x20 c:/Users/kedic/Desktop/em023_mucilage/software/em023_mucilage_bsp/\libhal_bsp.a(alt_busy_sleep.o)
 .debug_aranges
                0x00000000000003a8       0x20 c:/Users/kedic/Desktop/em023_mucilage/software/em023_mucilage_bsp/\libhal_bsp.a(alt_close.o)
 .debug_aranges
                0x00000000000003c8       0x20 c:/Users/kedic/Desktop/em023_mucilage/software/em023_mucilage_bsp/\libhal_bsp.a(alt_dcache_flush_all.o)
 .debug_aranges
                0x00000000000003e8       0x20 c:/Users/kedic/Desktop/em023_mucilage/software/em023_mucilage_bsp/\libhal_bsp.a(alt_dev.o)
 .debug_aranges
                0x0000000000000408       0x20 c:/Users/kedic/Desktop/em023_mucilage/software/em023_mucilage_bsp/\libhal_bsp.a(alt_dev_llist_insert.o)
 .debug_aranges
                0x0000000000000428       0x20 c:/Users/kedic/Desktop/em023_mucilage/software/em023_mucilage_bsp/\libhal_bsp.a(alt_do_ctors.o)
 .debug_aranges
                0x0000000000000448       0x20 c:/Users/kedic/Desktop/em023_mucilage/software/em023_mucilage_bsp/\libhal_bsp.a(alt_do_dtors.o)
 .debug_aranges
                0x0000000000000468       0x18 c:/Users/kedic/Desktop/em023_mucilage/software/em023_mucilage_bsp/\libhal_bsp.a(alt_errno.o)
 .debug_aranges
                0x0000000000000480       0x20 c:/Users/kedic/Desktop/em023_mucilage/software/em023_mucilage_bsp/\libhal_bsp.a(alt_icache_flush_all.o)
 .debug_aranges
                0x00000000000004a0       0x20 c:/Users/kedic/Desktop/em023_mucilage/software/em023_mucilage_bsp/\libhal_bsp.a(alt_iic.o)
 .debug_aranges
                0x00000000000004c0       0x20 c:/Users/kedic/Desktop/em023_mucilage/software/em023_mucilage_bsp/\libhal_bsp.a(alt_iic_isr_register.o)
 .debug_aranges
                0x00000000000004e0       0x20 c:/Users/kedic/Desktop/em023_mucilage/software/em023_mucilage_bsp/\libhal_bsp.a(alt_io_redirect.o)
 .debug_aranges
                0x0000000000000500       0x30 c:/Users/kedic/Desktop/em023_mucilage/software/em023_mucilage_bsp/\libhal_bsp.a(alt_irq_entry.o)
 .debug_aranges
                0x0000000000000530       0x20 c:/Users/kedic/Desktop/em023_mucilage/software/em023_mucilage_bsp/\libhal_bsp.a(alt_irq_handler.o)
 .debug_aranges
                0x0000000000000550       0x18 c:/Users/kedic/Desktop/em023_mucilage/software/em023_mucilage_bsp/\libhal_bsp.a(alt_irq_vars.o)
 .debug_aranges
                0x0000000000000568       0x20 c:/Users/kedic/Desktop/em023_mucilage/software/em023_mucilage_bsp/\libhal_bsp.a(alt_open.o)
 .debug_aranges
                0x0000000000000588       0x20 c:/Users/kedic/Desktop/em023_mucilage/software/em023_mucilage_bsp/\libhal_bsp.a(alt_release_fd.o)
 .debug_aranges
                0x00000000000005a8       0x20 c:/Users/kedic/Desktop/em023_mucilage/software/em023_mucilage_bsp/\libhal_bsp.a(alt_tick.o)
 .debug_aranges
                0x00000000000005c8       0x20 c:/Users/kedic/Desktop/em023_mucilage/software/em023_mucilage_bsp/\libhal_bsp.a(altera_nios2_gen2_irq.o)
 .debug_aranges
                0x00000000000005e8       0x38 c:/Users/kedic/Desktop/em023_mucilage/software/em023_mucilage_bsp/\libhal_bsp.a(alt_exception_entry.o)
 .debug_aranges
                0x0000000000000620       0x20 c:/Users/kedic/Desktop/em023_mucilage/software/em023_mucilage_bsp/\libhal_bsp.a(alt_find_dev.o)
 .debug_aranges
                0x0000000000000640       0x20 c:/Users/kedic/Desktop/em023_mucilage/software/em023_mucilage_bsp/\libhal_bsp.a(alt_find_file.o)
 .debug_aranges
                0x0000000000000660       0x20 c:/Users/kedic/Desktop/em023_mucilage/software/em023_mucilage_bsp/\libhal_bsp.a(alt_get_fd.o)
 .debug_aranges
                0x0000000000000680       0x28 c:/Users/kedic/Desktop/em023_mucilage/software/em023_mucilage_bsp/\libhal_bsp.a(alt_instruction_exception_entry.o)
 .debug_aranges
                0x00000000000006a8       0x20 c:/intelfpga_lite/20.1/nios2eds/bin/gnu/h-x86_64-mingw32/bin/../lib/gcc/nios2-elf/10.1.1/../../../../../H-x86_64-mingw32/nios2-elf/lib/mno-hw-mul\libsmallc.a(lib_a-atexit.o)
 .debug_aranges
                0x00000000000006c8       0x20 c:/intelfpga_lite/20.1/nios2eds/bin/gnu/h-x86_64-mingw32/bin/../lib/gcc/nios2-elf/10.1.1/../../../../../H-x86_64-mingw32/nios2-elf/lib/mno-hw-mul\libsmallc.a(lib_a-exit.o)
 .debug_aranges
                0x00000000000006e8       0x20 c:/intelfpga_lite/20.1/nios2eds/bin/gnu/h-x86_64-mingw32/bin/../lib/gcc/nios2-elf/10.1.1/../../../../../H-x86_64-mingw32/nios2-elf/lib/mno-hw-mul\libsmallc.a(lib_a-memcmp.o)
 .debug_aranges
                0x0000000000000708       0x20 c:/intelfpga_lite/20.1/nios2eds/bin/gnu/h-x86_64-mingw32/bin/../lib/gcc/nios2-elf/10.1.1/../../../../../H-x86_64-mingw32/nios2-elf/lib/mno-hw-mul\libsmallc.a(lib_a-__atexit.o)
 .debug_aranges
                0x0000000000000728       0x20 c:/intelfpga_lite/20.1/nios2eds/bin/gnu/h-x86_64-mingw32/bin/../lib/gcc/nios2-elf/10.1.1/../../../../../H-x86_64-mingw32/nios2-elf/lib/mno-hw-mul\libsmallc.a(lib_a-__call_atexit.o)
 .debug_aranges
                0x0000000000000748       0x20 c:/Users/kedic/Desktop/em023_mucilage/software/em023_mucilage_bsp/\libhal_bsp.a(alt_exit.o)

.debug_pubnames
 *(.debug_pubnames)

.debug_info     0x0000000000000000     0xa607
 *(.debug_info .gnu.linkonce.wi.*)
 .debug_info    0x0000000000000000       0x22 c:/Users/kedic/Desktop/em023_mucilage/software/em023_mucilage_bsp//obj/HAL/src/crt0.o
 .debug_info    0x0000000000000022      0x6e4 obj/default/I2C_core.o
 .debug_info    0x0000000000000706      0x1c8 obj/default/I2C_tests.o
 .debug_info    0x00000000000008ce      0x237 obj/default/water_sensor.o
 .debug_info    0x0000000000000b05      0x368 c:/intelfpga_lite/20.1/nios2eds/bin/gnu/h-x86_64-mingw32/bin/../lib/gcc/nios2-elf/10.1.1/mno-hw-mul\libgcc.a(lib2-divmod.o)
 .debug_info    0x0000000000000e6d      0x1cd c:/intelfpga_lite/20.1/nios2eds/bin/gnu/h-x86_64-mingw32/bin/../lib/gcc/nios2-elf/10.1.1/mno-hw-mul\libgcc.a(fixsfsi.o)
 .debug_info    0x000000000000103a       0xe7 c:/intelfpga_lite/20.1/nios2eds/bin/gnu/h-x86_64-mingw32/bin/../lib/gcc/nios2-elf/10.1.1/../../../../../H-x86_64-mingw32/nios2-elf/lib/mno-hw-mul\libsmallc.a(lib_a-memset.o)
 .debug_info    0x0000000000001121      0x72b c:/intelfpga_lite/20.1/nios2eds/bin/gnu/h-x86_64-mingw32/bin/../lib/gcc/nios2-elf/10.1.1/../../../../../H-x86_64-mingw32/nios2-elf/lib/mno-hw-mul\libsmallc.a(lib_a-printf.o)
 .debug_info    0x000000000000184c      0x6a5 c:/intelfpga_lite/20.1/nios2eds/bin/gnu/h-x86_64-mingw32/bin/../lib/gcc/nios2-elf/10.1.1/../../../../../H-x86_64-mingw32/nios2-elf/lib/mno-hw-mul\libsmallc.a(lib_a-putchar.o)
 .debug_info    0x0000000000001ef1      0x6ea c:/intelfpga_lite/20.1/nios2eds/bin/gnu/h-x86_64-mingw32/bin/../lib/gcc/nios2-elf/10.1.1/../../../../../H-x86_64-mingw32/nios2-elf/lib/mno-hw-mul\libsmallc.a(lib_a-puts.o)
 .debug_info    0x00000000000025db       0xd0 c:/intelfpga_lite/20.1/nios2eds/bin/gnu/h-x86_64-mingw32/bin/../lib/gcc/nios2-elf/10.1.1/../../../../../H-x86_64-mingw32/nios2-elf/lib/mno-hw-mul\libsmallc.a(lib_a-strlen.o)
 .debug_info    0x00000000000026ab      0xeb5 c:/intelfpga_lite/20.1/nios2eds/bin/gnu/h-x86_64-mingw32/bin/../lib/gcc/nios2-elf/10.1.1/../../../../../H-x86_64-mingw32/nios2-elf/lib/mno-hw-mul\libsmallc.a(lib_a-vfprintf.o)
 .debug_info    0x0000000000003560      0x6b3 c:/intelfpga_lite/20.1/nios2eds/bin/gnu/h-x86_64-mingw32/bin/../lib/gcc/nios2-elf/10.1.1/../../../../../H-x86_64-mingw32/nios2-elf/lib/mno-hw-mul\libsmallc.a(lib_a-fvwrite_small_dev.o)
 .debug_info    0x0000000000003c13      0x61e c:/intelfpga_lite/20.1/nios2eds/bin/gnu/h-x86_64-mingw32/bin/../lib/gcc/nios2-elf/10.1.1/../../../../../H-x86_64-mingw32/nios2-elf/lib/mno-hw-mul\libsmallc.a(lib_a-impure.o)
 .debug_info    0x0000000000004231      0x6f5 c:/intelfpga_lite/20.1/nios2eds/bin/gnu/h-x86_64-mingw32/bin/../lib/gcc/nios2-elf/10.1.1/../../../../../H-x86_64-mingw32/nios2-elf/lib/mno-hw-mul\libsmallc.a(lib_a-putc.o)
 .debug_info    0x0000000000004926      0x6b3 c:/intelfpga_lite/20.1/nios2eds/bin/gnu/h-x86_64-mingw32/bin/../lib/gcc/nios2-elf/10.1.1/../../../../../H-x86_64-mingw32/nios2-elf/lib/mno-hw-mul\libsmallc.a(lib_a-writer.o)
 .debug_info    0x0000000000004fd9       0x84 c:/intelfpga_lite/20.1/nios2eds/bin/gnu/h-x86_64-mingw32/bin/../lib/gcc/nios2-elf/10.1.1/../../../../../H-x86_64-mingw32/nios2-elf/lib/mno-hw-mul\libsmallc.a(lib_a-int_errno.o)
 .debug_info    0x000000000000505d       0xcb c:/intelfpga_lite/20.1/nios2eds/bin/gnu/h-x86_64-mingw32/bin/../lib/gcc/nios2-elf/10.1.1/mno-hw-mul\libgcc.a(lib2-mul.o)
 .debug_info    0x0000000000005128      0x14d c:/Users/kedic/Desktop/em023_mucilage/software/em023_mucilage_bsp/\libhal_bsp.a(alt_load.o)
 .debug_info    0x0000000000005275       0xef c:/Users/kedic/Desktop/em023_mucilage/software/em023_mucilage_bsp/\libhal_bsp.a(alt_main.o)
 .debug_info    0x0000000000005364       0xb7 c:/Users/kedic/Desktop/em023_mucilage/software/em023_mucilage_bsp/\libhal_bsp.a(alt_usleep.o)
 .debug_info    0x000000000000541b      0x55c c:/Users/kedic/Desktop/em023_mucilage/software/em023_mucilage_bsp/\libhal_bsp.a(alt_write.o)
 .debug_info    0x0000000000005977      0x3ba c:/Users/kedic/Desktop/em023_mucilage/software/em023_mucilage_bsp/\libhal_bsp.a(alt_sys_init.o)
 .debug_info    0x0000000000005d31      0x398 c:/Users/kedic/Desktop/em023_mucilage/software/em023_mucilage_bsp/\libhal_bsp.a(altera_avalon_jtag_uart_fd.o)
 .debug_info    0x00000000000060c9      0x151 c:/Users/kedic/Desktop/em023_mucilage/software/em023_mucilage_bsp/\libhal_bsp.a(altera_avalon_jtag_uart_read.o)
 .debug_info    0x000000000000621a      0x132 c:/Users/kedic/Desktop/em023_mucilage/software/em023_mucilage_bsp/\libhal_bsp.a(altera_avalon_jtag_uart_write.o)
 .debug_info    0x000000000000634c      0x1d5 c:/Users/kedic/Desktop/em023_mucilage/software/em023_mucilage_bsp/\libhal_bsp.a(altera_avalon_timer_sc.o)
 .debug_info    0x0000000000006521       0xd6 c:/Users/kedic/Desktop/em023_mucilage/software/em023_mucilage_bsp/\libhal_bsp.a(alt_busy_sleep.o)
 .debug_info    0x00000000000065f7      0x32c c:/Users/kedic/Desktop/em023_mucilage/software/em023_mucilage_bsp/\libhal_bsp.a(alt_close.o)
 .debug_info    0x0000000000006923       0x8c c:/Users/kedic/Desktop/em023_mucilage/software/em023_mucilage_bsp/\libhal_bsp.a(alt_dcache_flush_all.o)
 .debug_info    0x00000000000069af      0x57d c:/Users/kedic/Desktop/em023_mucilage/software/em023_mucilage_bsp/\libhal_bsp.a(alt_dev.o)
 .debug_info    0x0000000000006f2c      0x1b0 c:/Users/kedic/Desktop/em023_mucilage/software/em023_mucilage_bsp/\libhal_bsp.a(alt_dev_llist_insert.o)
 .debug_info    0x00000000000070dc       0x88 c:/Users/kedic/Desktop/em023_mucilage/software/em023_mucilage_bsp/\libhal_bsp.a(alt_do_ctors.o)
 .debug_info    0x0000000000007164       0x88 c:/Users/kedic/Desktop/em023_mucilage/software/em023_mucilage_bsp/\libhal_bsp.a(alt_do_dtors.o)
 .debug_info    0x00000000000071ec       0x9d c:/Users/kedic/Desktop/em023_mucilage/software/em023_mucilage_bsp/\libhal_bsp.a(alt_errno.o)
 .debug_info    0x0000000000007289       0x8c c:/Users/kedic/Desktop/em023_mucilage/software/em023_mucilage_bsp/\libhal_bsp.a(alt_icache_flush_all.o)
 .debug_info    0x0000000000007315      0x32c c:/Users/kedic/Desktop/em023_mucilage/software/em023_mucilage_bsp/\libhal_bsp.a(alt_iic.o)
 .debug_info    0x0000000000007641      0x1f0 c:/Users/kedic/Desktop/em023_mucilage/software/em023_mucilage_bsp/\libhal_bsp.a(alt_iic_isr_register.o)
 .debug_info    0x0000000000007831      0x546 c:/Users/kedic/Desktop/em023_mucilage/software/em023_mucilage_bsp/\libhal_bsp.a(alt_io_redirect.o)
 .debug_info    0x0000000000007d77       0x22 c:/Users/kedic/Desktop/em023_mucilage/software/em023_mucilage_bsp/\libhal_bsp.a(alt_irq_entry.o)
 .debug_info    0x0000000000007d99      0x175 c:/Users/kedic/Desktop/em023_mucilage/software/em023_mucilage_bsp/\libhal_bsp.a(alt_irq_handler.o)
 .debug_info    0x0000000000007f0e       0x8b c:/Users/kedic/Desktop/em023_mucilage/software/em023_mucilage_bsp/\libhal_bsp.a(alt_irq_vars.o)
 .debug_info    0x0000000000007f99      0x3dd c:/Users/kedic/Desktop/em023_mucilage/software/em023_mucilage_bsp/\libhal_bsp.a(alt_open.o)
 .debug_info    0x0000000000008376      0x2b9 c:/Users/kedic/Desktop/em023_mucilage/software/em023_mucilage_bsp/\libhal_bsp.a(alt_release_fd.o)
 .debug_info    0x000000000000862f      0x2bd c:/Users/kedic/Desktop/em023_mucilage/software/em023_mucilage_bsp/\libhal_bsp.a(alt_tick.o)
 .debug_info    0x00000000000088ec       0x8c c:/Users/kedic/Desktop/em023_mucilage/software/em023_mucilage_bsp/\libhal_bsp.a(altera_nios2_gen2_irq.o)
 .debug_info    0x0000000000008978       0x22 c:/Users/kedic/Desktop/em023_mucilage/software/em023_mucilage_bsp/\libhal_bsp.a(alt_exception_entry.o)
 .debug_info    0x000000000000899a      0x2ee c:/Users/kedic/Desktop/em023_mucilage/software/em023_mucilage_bsp/\libhal_bsp.a(alt_find_dev.o)
 .debug_info    0x0000000000008c88      0x2eb c:/Users/kedic/Desktop/em023_mucilage/software/em023_mucilage_bsp/\libhal_bsp.a(alt_find_file.o)
 .debug_info    0x0000000000008f73      0x31c c:/Users/kedic/Desktop/em023_mucilage/software/em023_mucilage_bsp/\libhal_bsp.a(alt_get_fd.o)
 .debug_info    0x000000000000928f      0x1f1 c:/Users/kedic/Desktop/em023_mucilage/software/em023_mucilage_bsp/\libhal_bsp.a(alt_instruction_exception_entry.o)
 .debug_info    0x0000000000009480      0x100 c:/intelfpga_lite/20.1/nios2eds/bin/gnu/h-x86_64-mingw32/bin/../lib/gcc/nios2-elf/10.1.1/../../../../../H-x86_64-mingw32/nios2-elf/lib/mno-hw-mul\libsmallc.a(lib_a-atexit.o)
 .debug_info    0x0000000000009580       0xe6 c:/intelfpga_lite/20.1/nios2eds/bin/gnu/h-x86_64-mingw32/bin/../lib/gcc/nios2-elf/10.1.1/../../../../../H-x86_64-mingw32/nios2-elf/lib/mno-hw-mul\libsmallc.a(lib_a-exit.o)
 .debug_info    0x0000000000009666      0x100 c:/intelfpga_lite/20.1/nios2eds/bin/gnu/h-x86_64-mingw32/bin/../lib/gcc/nios2-elf/10.1.1/../../../../../H-x86_64-mingw32/nios2-elf/lib/mno-hw-mul\libsmallc.a(lib_a-memcmp.o)
 .debug_info    0x0000000000009766      0x6e0 c:/intelfpga_lite/20.1/nios2eds/bin/gnu/h-x86_64-mingw32/bin/../lib/gcc/nios2-elf/10.1.1/../../../../../H-x86_64-mingw32/nios2-elf/lib/mno-hw-mul\libsmallc.a(lib_a-__atexit.o)
 .debug_info    0x0000000000009e46      0x6e0 c:/intelfpga_lite/20.1/nios2eds/bin/gnu/h-x86_64-mingw32/bin/../lib/gcc/nios2-elf/10.1.1/../../../../../H-x86_64-mingw32/nios2-elf/lib/mno-hw-mul\libsmallc.a(lib_a-__call_atexit.o)
 .debug_info    0x000000000000a526       0xe1 c:/Users/kedic/Desktop/em023_mucilage/software/em023_mucilage_bsp/\libhal_bsp.a(alt_exit.o)

.debug_abbrev   0x0000000000000000     0x39c9
 *(.debug_abbrev)
 .debug_abbrev  0x0000000000000000       0x12 c:/Users/kedic/Desktop/em023_mucilage/software/em023_mucilage_bsp//obj/HAL/src/crt0.o
 .debug_abbrev  0x0000000000000012      0x143 obj/default/I2C_core.o
 .debug_abbrev  0x0000000000000155       0xa1 obj/default/I2C_tests.o
 .debug_abbrev  0x00000000000001f6       0xbe obj/default/water_sensor.o
 .debug_abbrev  0x00000000000002b4      0x103 c:/intelfpga_lite/20.1/nios2eds/bin/gnu/h-x86_64-mingw32/bin/../lib/gcc/nios2-elf/10.1.1/mno-hw-mul\libgcc.a(lib2-divmod.o)
 .debug_abbrev  0x00000000000003b7      0x142 c:/intelfpga_lite/20.1/nios2eds/bin/gnu/h-x86_64-mingw32/bin/../lib/gcc/nios2-elf/10.1.1/mno-hw-mul\libgcc.a(fixsfsi.o)
 .debug_abbrev  0x00000000000004f9       0x9e c:/intelfpga_lite/20.1/nios2eds/bin/gnu/h-x86_64-mingw32/bin/../lib/gcc/nios2-elf/10.1.1/../../../../../H-x86_64-mingw32/nios2-elf/lib/mno-hw-mul\libsmallc.a(lib_a-memset.o)
 .debug_abbrev  0x0000000000000597      0x216 c:/intelfpga_lite/20.1/nios2eds/bin/gnu/h-x86_64-mingw32/bin/../lib/gcc/nios2-elf/10.1.1/../../../../../H-x86_64-mingw32/nios2-elf/lib/mno-hw-mul\libsmallc.a(lib_a-printf.o)
 .debug_abbrev  0x00000000000007ad      0x1f5 c:/intelfpga_lite/20.1/nios2eds/bin/gnu/h-x86_64-mingw32/bin/../lib/gcc/nios2-elf/10.1.1/../../../../../H-x86_64-mingw32/nios2-elf/lib/mno-hw-mul\libsmallc.a(lib_a-putchar.o)
 .debug_abbrev  0x00000000000009a2      0x20b c:/intelfpga_lite/20.1/nios2eds/bin/gnu/h-x86_64-mingw32/bin/../lib/gcc/nios2-elf/10.1.1/../../../../../H-x86_64-mingw32/nios2-elf/lib/mno-hw-mul\libsmallc.a(lib_a-puts.o)
 .debug_abbrev  0x0000000000000bad       0x8d c:/intelfpga_lite/20.1/nios2eds/bin/gnu/h-x86_64-mingw32/bin/../lib/gcc/nios2-elf/10.1.1/../../../../../H-x86_64-mingw32/nios2-elf/lib/mno-hw-mul\libsmallc.a(lib_a-strlen.o)
 .debug_abbrev  0x0000000000000c3a      0x2f7 c:/intelfpga_lite/20.1/nios2eds/bin/gnu/h-x86_64-mingw32/bin/../lib/gcc/nios2-elf/10.1.1/../../../../../H-x86_64-mingw32/nios2-elf/lib/mno-hw-mul\libsmallc.a(lib_a-vfprintf.o)
 .debug_abbrev  0x0000000000000f31      0x1ed c:/intelfpga_lite/20.1/nios2eds/bin/gnu/h-x86_64-mingw32/bin/../lib/gcc/nios2-elf/10.1.1/../../../../../H-x86_64-mingw32/nios2-elf/lib/mno-hw-mul\libsmallc.a(lib_a-fvwrite_small_dev.o)
 .debug_abbrev  0x000000000000111e      0x17a c:/intelfpga_lite/20.1/nios2eds/bin/gnu/h-x86_64-mingw32/bin/../lib/gcc/nios2-elf/10.1.1/../../../../../H-x86_64-mingw32/nios2-elf/lib/mno-hw-mul\libsmallc.a(lib_a-impure.o)
 .debug_abbrev  0x0000000000001298      0x1ef c:/intelfpga_lite/20.1/nios2eds/bin/gnu/h-x86_64-mingw32/bin/../lib/gcc/nios2-elf/10.1.1/../../../../../H-x86_64-mingw32/nios2-elf/lib/mno-hw-mul\libsmallc.a(lib_a-putc.o)
 .debug_abbrev  0x0000000000001487      0x1d9 c:/intelfpga_lite/20.1/nios2eds/bin/gnu/h-x86_64-mingw32/bin/../lib/gcc/nios2-elf/10.1.1/../../../../../H-x86_64-mingw32/nios2-elf/lib/mno-hw-mul\libsmallc.a(lib_a-writer.o)
 .debug_abbrev  0x0000000000001660       0x39 c:/intelfpga_lite/20.1/nios2eds/bin/gnu/h-x86_64-mingw32/bin/../lib/gcc/nios2-elf/10.1.1/../../../../../H-x86_64-mingw32/nios2-elf/lib/mno-hw-mul\libsmallc.a(lib_a-int_errno.o)
 .debug_abbrev  0x0000000000001699       0x7d c:/intelfpga_lite/20.1/nios2eds/bin/gnu/h-x86_64-mingw32/bin/../lib/gcc/nios2-elf/10.1.1/mno-hw-mul\libgcc.a(lib2-mul.o)
 .debug_abbrev  0x0000000000001716       0xab c:/Users/kedic/Desktop/em023_mucilage/software/em023_mucilage_bsp/\libhal_bsp.a(alt_load.o)
 .debug_abbrev  0x00000000000017c1       0x86 c:/Users/kedic/Desktop/em023_mucilage/software/em023_mucilage_bsp/\libhal_bsp.a(alt_main.o)
 .debug_abbrev  0x0000000000001847       0x66 c:/Users/kedic/Desktop/em023_mucilage/software/em023_mucilage_bsp/\libhal_bsp.a(alt_usleep.o)
 .debug_abbrev  0x00000000000018ad      0x149 c:/Users/kedic/Desktop/em023_mucilage/software/em023_mucilage_bsp/\libhal_bsp.a(alt_write.o)
 .debug_abbrev  0x00000000000019f6      0x16c c:/Users/kedic/Desktop/em023_mucilage/software/em023_mucilage_bsp/\libhal_bsp.a(alt_sys_init.o)
 .debug_abbrev  0x0000000000001b62      0x10b c:/Users/kedic/Desktop/em023_mucilage/software/em023_mucilage_bsp/\libhal_bsp.a(altera_avalon_jtag_uart_fd.o)
 .debug_abbrev  0x0000000000001c6d       0xcd c:/Users/kedic/Desktop/em023_mucilage/software/em023_mucilage_bsp/\libhal_bsp.a(altera_avalon_jtag_uart_read.o)
 .debug_abbrev  0x0000000000001d3a       0xcd c:/Users/kedic/Desktop/em023_mucilage/software/em023_mucilage_bsp/\libhal_bsp.a(altera_avalon_jtag_uart_write.o)
 .debug_abbrev  0x0000000000001e07      0x14b c:/Users/kedic/Desktop/em023_mucilage/software/em023_mucilage_bsp/\libhal_bsp.a(altera_avalon_timer_sc.o)
 .debug_abbrev  0x0000000000001f52       0x88 c:/Users/kedic/Desktop/em023_mucilage/software/em023_mucilage_bsp/\libhal_bsp.a(alt_busy_sleep.o)
 .debug_abbrev  0x0000000000001fda      0x133 c:/Users/kedic/Desktop/em023_mucilage/software/em023_mucilage_bsp/\libhal_bsp.a(alt_close.o)
 .debug_abbrev  0x000000000000210d       0x44 c:/Users/kedic/Desktop/em023_mucilage/software/em023_mucilage_bsp/\libhal_bsp.a(alt_dcache_flush_all.o)
 .debug_abbrev  0x0000000000002151      0x117 c:/Users/kedic/Desktop/em023_mucilage/software/em023_mucilage_bsp/\libhal_bsp.a(alt_dev.o)
 .debug_abbrev  0x0000000000002268      0x12a c:/Users/kedic/Desktop/em023_mucilage/software/em023_mucilage_bsp/\libhal_bsp.a(alt_dev_llist_insert.o)
 .debug_abbrev  0x0000000000002392       0x81 c:/Users/kedic/Desktop/em023_mucilage/software/em023_mucilage_bsp/\libhal_bsp.a(alt_do_ctors.o)
 .debug_abbrev  0x0000000000002413       0x81 c:/Users/kedic/Desktop/em023_mucilage/software/em023_mucilage_bsp/\libhal_bsp.a(alt_do_dtors.o)
 .debug_abbrev  0x0000000000002494       0x5a c:/Users/kedic/Desktop/em023_mucilage/software/em023_mucilage_bsp/\libhal_bsp.a(alt_errno.o)
 .debug_abbrev  0x00000000000024ee       0x44 c:/Users/kedic/Desktop/em023_mucilage/software/em023_mucilage_bsp/\libhal_bsp.a(alt_icache_flush_all.o)
 .debug_abbrev  0x0000000000002532      0x189 c:/Users/kedic/Desktop/em023_mucilage/software/em023_mucilage_bsp/\libhal_bsp.a(alt_iic.o)
 .debug_abbrev  0x00000000000026bb      0x17c c:/Users/kedic/Desktop/em023_mucilage/software/em023_mucilage_bsp/\libhal_bsp.a(alt_iic_isr_register.o)
 .debug_abbrev  0x0000000000002837      0x126 c:/Users/kedic/Desktop/em023_mucilage/software/em023_mucilage_bsp/\libhal_bsp.a(alt_io_redirect.o)
 .debug_abbrev  0x000000000000295d       0x12 c:/Users/kedic/Desktop/em023_mucilage/software/em023_mucilage_bsp/\libhal_bsp.a(alt_irq_entry.o)
 .debug_abbrev  0x000000000000296f      0x12d c:/Users/kedic/Desktop/em023_mucilage/software/em023_mucilage_bsp/\libhal_bsp.a(alt_irq_handler.o)
 .debug_abbrev  0x0000000000002a9c       0x44 c:/Users/kedic/Desktop/em023_mucilage/software/em023_mucilage_bsp/\libhal_bsp.a(alt_irq_vars.o)
 .debug_abbrev  0x0000000000002ae0      0x160 c:/Users/kedic/Desktop/em023_mucilage/software/em023_mucilage_bsp/\libhal_bsp.a(alt_open.o)
 .debug_abbrev  0x0000000000002c40       0xea c:/Users/kedic/Desktop/em023_mucilage/software/em023_mucilage_bsp/\libhal_bsp.a(alt_release_fd.o)
 .debug_abbrev  0x0000000000002d2a      0x17a c:/Users/kedic/Desktop/em023_mucilage/software/em023_mucilage_bsp/\libhal_bsp.a(alt_tick.o)
 .debug_abbrev  0x0000000000002ea4       0x44 c:/Users/kedic/Desktop/em023_mucilage/software/em023_mucilage_bsp/\libhal_bsp.a(altera_nios2_gen2_irq.o)
 .debug_abbrev  0x0000000000002ee8       0x12 c:/Users/kedic/Desktop/em023_mucilage/software/em023_mucilage_bsp/\libhal_bsp.a(alt_exception_entry.o)
 .debug_abbrev  0x0000000000002efa       0xed c:/Users/kedic/Desktop/em023_mucilage/software/em023_mucilage_bsp/\libhal_bsp.a(alt_find_dev.o)
 .debug_abbrev  0x0000000000002fe7      0x100 c:/Users/kedic/Desktop/em023_mucilage/software/em023_mucilage_bsp/\libhal_bsp.a(alt_find_file.o)
 .debug_abbrev  0x00000000000030e7      0x121 c:/Users/kedic/Desktop/em023_mucilage/software/em023_mucilage_bsp/\libhal_bsp.a(alt_get_fd.o)
 .debug_abbrev  0x0000000000003208       0xea c:/Users/kedic/Desktop/em023_mucilage/software/em023_mucilage_bsp/\libhal_bsp.a(alt_instruction_exception_entry.o)
 .debug_abbrev  0x00000000000032f2       0xb7 c:/intelfpga_lite/20.1/nios2eds/bin/gnu/h-x86_64-mingw32/bin/../lib/gcc/nios2-elf/10.1.1/../../../../../H-x86_64-mingw32/nios2-elf/lib/mno-hw-mul\libsmallc.a(lib_a-atexit.o)
 .debug_abbrev  0x00000000000033a9       0x94 c:/intelfpga_lite/20.1/nios2eds/bin/gnu/h-x86_64-mingw32/bin/../lib/gcc/nios2-elf/10.1.1/../../../../../H-x86_64-mingw32/nios2-elf/lib/mno-hw-mul\libsmallc.a(lib_a-exit.o)
 .debug_abbrev  0x000000000000343d       0x9e c:/intelfpga_lite/20.1/nios2eds/bin/gnu/h-x86_64-mingw32/bin/../lib/gcc/nios2-elf/10.1.1/../../../../../H-x86_64-mingw32/nios2-elf/lib/mno-hw-mul\libsmallc.a(lib_a-memcmp.o)
 .debug_abbrev  0x00000000000034db      0x238 c:/intelfpga_lite/20.1/nios2eds/bin/gnu/h-x86_64-mingw32/bin/../lib/gcc/nios2-elf/10.1.1/../../../../../H-x86_64-mingw32/nios2-elf/lib/mno-hw-mul\libsmallc.a(lib_a-__atexit.o)
 .debug_abbrev  0x0000000000003713      0x20a c:/intelfpga_lite/20.1/nios2eds/bin/gnu/h-x86_64-mingw32/bin/../lib/gcc/nios2-elf/10.1.1/../../../../../H-x86_64-mingw32/nios2-elf/lib/mno-hw-mul\libsmallc.a(lib_a-__call_atexit.o)
 .debug_abbrev  0x000000000000391d       0xac c:/Users/kedic/Desktop/em023_mucilage/software/em023_mucilage_bsp/\libhal_bsp.a(alt_exit.o)

.debug_line     0x0000000000000000     0x5176
 *(.debug_line)
 .debug_line    0x0000000000000000       0x66 c:/Users/kedic/Desktop/em023_mucilage/software/em023_mucilage_bsp//obj/HAL/src/crt0.o
 .debug_line    0x0000000000000066      0x603 obj/default/I2C_core.o
 .debug_line    0x0000000000000669      0x1c8 obj/default/I2C_tests.o
 .debug_line    0x0000000000000831      0x2d2 obj/default/water_sensor.o
 .debug_line    0x0000000000000b03      0x306 c:/intelfpga_lite/20.1/nios2eds/bin/gnu/h-x86_64-mingw32/bin/../lib/gcc/nios2-elf/10.1.1/mno-hw-mul\libgcc.a(lib2-divmod.o)
 .debug_line    0x0000000000000e09      0x11d c:/intelfpga_lite/20.1/nios2eds/bin/gnu/h-x86_64-mingw32/bin/../lib/gcc/nios2-elf/10.1.1/mno-hw-mul\libgcc.a(fixsfsi.o)
 .debug_line    0x0000000000000f26      0x188 c:/intelfpga_lite/20.1/nios2eds/bin/gnu/h-x86_64-mingw32/bin/../lib/gcc/nios2-elf/10.1.1/../../../../../H-x86_64-mingw32/nios2-elf/lib/mno-hw-mul\libsmallc.a(lib_a-memset.o)
 .debug_line    0x00000000000010ae      0x24c c:/intelfpga_lite/20.1/nios2eds/bin/gnu/h-x86_64-mingw32/bin/../lib/gcc/nios2-elf/10.1.1/../../../../../H-x86_64-mingw32/nios2-elf/lib/mno-hw-mul\libsmallc.a(lib_a-printf.o)
 .debug_line    0x00000000000012fa      0x216 c:/intelfpga_lite/20.1/nios2eds/bin/gnu/h-x86_64-mingw32/bin/../lib/gcc/nios2-elf/10.1.1/../../../../../H-x86_64-mingw32/nios2-elf/lib/mno-hw-mul\libsmallc.a(lib_a-putchar.o)
 .debug_line    0x0000000000001510      0x240 c:/intelfpga_lite/20.1/nios2eds/bin/gnu/h-x86_64-mingw32/bin/../lib/gcc/nios2-elf/10.1.1/../../../../../H-x86_64-mingw32/nios2-elf/lib/mno-hw-mul\libsmallc.a(lib_a-puts.o)
 .debug_line    0x0000000000001750      0x17d c:/intelfpga_lite/20.1/nios2eds/bin/gnu/h-x86_64-mingw32/bin/../lib/gcc/nios2-elf/10.1.1/../../../../../H-x86_64-mingw32/nios2-elf/lib/mno-hw-mul\libsmallc.a(lib_a-strlen.o)
 .debug_line    0x00000000000018cd      0x73c c:/intelfpga_lite/20.1/nios2eds/bin/gnu/h-x86_64-mingw32/bin/../lib/gcc/nios2-elf/10.1.1/../../../../../H-x86_64-mingw32/nios2-elf/lib/mno-hw-mul\libsmallc.a(lib_a-vfprintf.o)